26 35
affix_warning_signs Pferd
close_door Pferd
collect_fees Drucker
collect_fees Toshiba_Laptops
decontaminate_interior Pferd
deliver_p Drucker
deliver_p Toshiba_Laptops
do_clean_interior Pferd
load_package Drucker Pferd Bibliothek
load_package Drucker Pferd O27
load_package Drucker Pferd O28
load_package Toshiba_Laptops Pferd Bibliothek
load_package Toshiba_Laptops Pferd O27
load_package Toshiba_Laptops Pferd O28
lower_ramp Pferd
move_vehicle_no_traincar Pferd O27 James_Franck_Ring O28
move_vehicle_no_traincar Pferd O28 Frauen_Strasse Bibliothek
open_door Pferd
raise_ramp Pferd
remove_warning_signs Pferd
unload_package Drucker Pferd Bibliothek
unload_package Drucker Pferd O27
unload_package Drucker Pferd O28
unload_package Toshiba_Laptops Pferd Bibliothek
unload_package Toshiba_Laptops Pferd O27
unload_package Toshiba_Laptops Pferd O28
+At_Package Drucker Bibliothek
+At_Package Drucker O27
+At_Package Drucker O28
+At_Package Drucker Pferd
+At_Package Toshiba_Laptops Bibliothek
+At_Package Toshiba_Laptops O27
+At_Package Toshiba_Laptops O28
+At_Package Toshiba_Laptops Pferd
+At_Vehicle Pferd Bibliothek
+At_Vehicle Pferd O27
+At_Vehicle Pferd O28
+Available Frauen_Strasse
+Available James_Franck_Ring
+Available Pferd
+Connects Frauen_Strasse O28 Bibliothek
+Connects James_Franck_Ring O27 O28
+Delivered Drucker
+Delivered Toshiba_Laptops
+Door_Open Pferd
+Fees_Collected Drucker
+Fees_Collected Toshiba_Laptops
+In_City Bibliothek Ulm
+In_City O27 Ulm
+In_City O28 Ulm
+PV_Compatible Drucker Pferd
+PV_Compatible Toshiba_Laptops Pferd
+RV_Compatible Frauen_Strasse Pferd
+RV_Compatible James_Franck_Ring Pferd
+Ramp_Down Pferd
+Warning_Signs_Affixed Pferd
-Door_Open Pferd
-Fees_Collected Drucker
-Fees_Collected Toshiba_Laptops
-Ramp_Down Pferd
-Warning_Signs_Affixed Pferd
