62 20
calibrate satellite0 instrument0 star0
calibrate satellite0 instrument1 groundstation1
switch_off instrument0 satellite0
switch_off instrument1 satellite0
switch_on instrument0 satellite0
switch_on instrument1 satellite0
take_image satellite0 planet2 instrument0 infrared0
take_image satellite0 planet2 instrument0 infrared2
take_image satellite0 planet2 instrument0 spectrograph1
take_image satellite0 planet2 instrument1 infrared2
take_image satellite0 planet2 instrument1 spectrograph1
take_image satellite0 planet3 instrument0 infrared0
take_image satellite0 planet3 instrument0 infrared2
take_image satellite0 planet3 instrument0 spectrograph1
take_image satellite0 planet3 instrument1 infrared2
take_image satellite0 planet3 instrument1 spectrograph1
take_image satellite0 planet5 instrument0 infrared0
take_image satellite0 planet5 instrument0 infrared2
take_image satellite0 planet5 instrument0 spectrograph1
take_image satellite0 planet5 instrument1 infrared2
take_image satellite0 planet5 instrument1 spectrograph1
take_image satellite0 star4 instrument0 infrared0
take_image satellite0 star4 instrument0 infrared2
take_image satellite0 star4 instrument0 spectrograph1
take_image satellite0 star4 instrument1 infrared2
take_image satellite0 star4 instrument1 spectrograph1
turn_to satellite0 groundstation1 groundstation1
turn_to satellite0 groundstation1 planet2
turn_to satellite0 groundstation1 planet3
turn_to satellite0 groundstation1 planet5
turn_to satellite0 groundstation1 star0
turn_to satellite0 groundstation1 star4
turn_to satellite0 planet2 groundstation1
turn_to satellite0 planet2 planet2
turn_to satellite0 planet2 planet3
turn_to satellite0 planet2 planet5
turn_to satellite0 planet2 star0
turn_to satellite0 planet2 star4
turn_to satellite0 planet3 groundstation1
turn_to satellite0 planet3 planet2
turn_to satellite0 planet3 planet3
turn_to satellite0 planet3 planet5
turn_to satellite0 planet3 star0
turn_to satellite0 planet3 star4
turn_to satellite0 planet5 groundstation1
turn_to satellite0 planet5 planet2
turn_to satellite0 planet5 planet3
turn_to satellite0 planet5 planet5
turn_to satellite0 planet5 star0
turn_to satellite0 planet5 star4
turn_to satellite0 star0 groundstation1
turn_to satellite0 star0 planet2
turn_to satellite0 star0 planet3
turn_to satellite0 star0 planet5
turn_to satellite0 star0 star0
turn_to satellite0 star0 star4
turn_to satellite0 star4 groundstation1
turn_to satellite0 star4 planet2
turn_to satellite0 star4 planet3
turn_to satellite0 star4 planet5
turn_to satellite0 star4 star0
turn_to satellite0 star4 star4
+calibrated instrument0
+calibrated instrument1
+calibration_target instrument0 star0
+calibration_target instrument1 groundstation1
+on_board instrument0 satellite0
+on_board instrument1 satellite0
+pointing satellite0 groundstation1
+pointing satellite0 planet2
+pointing satellite0 planet3
+pointing satellite0 planet5
+pointing satellite0 star0
+pointing satellite0 star4
+power_avail satellite0
+power_on instrument0
+power_on instrument1
+supports instrument0 infrared0
+supports instrument0 infrared2
+supports instrument0 spectrograph1
+supports instrument1 infrared2
+supports instrument1 spectrograph1
