435 55
calibrate satellite0 instrument0 star0
calibrate satellite1 instrument1 star1
calibrate satellite2 instrument2 star1
switch_off instrument0 satellite0
switch_off instrument1 satellite1
switch_off instrument2 satellite2
switch_on instrument0 satellite0
switch_on instrument1 satellite1
switch_on instrument2 satellite2
take_image satellite0 groundstation2 instrument0 image0
take_image satellite0 groundstation2 instrument0 spectrograph2
take_image satellite0 phenomenon10 instrument0 image0
take_image satellite0 phenomenon10 instrument0 spectrograph2
take_image satellite0 phenomenon6 instrument0 image0
take_image satellite0 phenomenon6 instrument0 spectrograph2
take_image satellite0 planet4 instrument0 image0
take_image satellite0 planet4 instrument0 spectrograph2
take_image satellite0 planet5 instrument0 image0
take_image satellite0 planet5 instrument0 spectrograph2
take_image satellite0 planet9 instrument0 image0
take_image satellite0 planet9 instrument0 spectrograph2
take_image satellite0 star3 instrument0 image0
take_image satellite0 star3 instrument0 spectrograph2
take_image satellite0 star7 instrument0 image0
take_image satellite0 star7 instrument0 spectrograph2
take_image satellite0 star8 instrument0 image0
take_image satellite0 star8 instrument0 spectrograph2
take_image satellite1 groundstation2 instrument1 image0
take_image satellite1 groundstation2 instrument1 spectrograph2
take_image satellite1 groundstation2 instrument1 thermograph1
take_image satellite1 phenomenon10 instrument1 image0
take_image satellite1 phenomenon10 instrument1 spectrograph2
take_image satellite1 phenomenon10 instrument1 thermograph1
take_image satellite1 phenomenon6 instrument1 image0
take_image satellite1 phenomenon6 instrument1 spectrograph2
take_image satellite1 phenomenon6 instrument1 thermograph1
take_image satellite1 planet4 instrument1 image0
take_image satellite1 planet4 instrument1 spectrograph2
take_image satellite1 planet4 instrument1 thermograph1
take_image satellite1 planet5 instrument1 image0
take_image satellite1 planet5 instrument1 spectrograph2
take_image satellite1 planet5 instrument1 thermograph1
take_image satellite1 planet9 instrument1 image0
take_image satellite1 planet9 instrument1 spectrograph2
take_image satellite1 planet9 instrument1 thermograph1
take_image satellite1 star3 instrument1 image0
take_image satellite1 star3 instrument1 spectrograph2
take_image satellite1 star3 instrument1 thermograph1
take_image satellite1 star7 instrument1 image0
take_image satellite1 star7 instrument1 spectrograph2
take_image satellite1 star7 instrument1 thermograph1
take_image satellite1 star8 instrument1 image0
take_image satellite1 star8 instrument1 spectrograph2
take_image satellite1 star8 instrument1 thermograph1
take_image satellite2 groundstation2 instrument2 infrared3
take_image satellite2 groundstation2 instrument2 thermograph1
take_image satellite2 phenomenon10 instrument2 infrared3
take_image satellite2 phenomenon10 instrument2 thermograph1
take_image satellite2 phenomenon6 instrument2 infrared3
take_image satellite2 phenomenon6 instrument2 thermograph1
take_image satellite2 planet4 instrument2 infrared3
take_image satellite2 planet4 instrument2 thermograph1
take_image satellite2 planet5 instrument2 infrared3
take_image satellite2 planet5 instrument2 thermograph1
take_image satellite2 planet9 instrument2 infrared3
take_image satellite2 planet9 instrument2 thermograph1
take_image satellite2 star3 instrument2 infrared3
take_image satellite2 star3 instrument2 thermograph1
take_image satellite2 star7 instrument2 infrared3
take_image satellite2 star7 instrument2 thermograph1
take_image satellite2 star8 instrument2 infrared3
take_image satellite2 star8 instrument2 thermograph1
turn_to satellite0 groundstation2 groundstation2
turn_to satellite0 groundstation2 phenomenon10
turn_to satellite0 groundstation2 phenomenon6
turn_to satellite0 groundstation2 planet4
turn_to satellite0 groundstation2 planet5
turn_to satellite0 groundstation2 planet9
turn_to satellite0 groundstation2 star0
turn_to satellite0 groundstation2 star1
turn_to satellite0 groundstation2 star3
turn_to satellite0 groundstation2 star7
turn_to satellite0 groundstation2 star8
turn_to satellite0 phenomenon10 groundstation2
turn_to satellite0 phenomenon10 phenomenon10
turn_to satellite0 phenomenon10 phenomenon6
turn_to satellite0 phenomenon10 planet4
turn_to satellite0 phenomenon10 planet5
turn_to satellite0 phenomenon10 planet9
turn_to satellite0 phenomenon10 star0
turn_to satellite0 phenomenon10 star1
turn_to satellite0 phenomenon10 star3
turn_to satellite0 phenomenon10 star7
turn_to satellite0 phenomenon10 star8
turn_to satellite0 phenomenon6 groundstation2
turn_to satellite0 phenomenon6 phenomenon10
turn_to satellite0 phenomenon6 phenomenon6
turn_to satellite0 phenomenon6 planet4
turn_to satellite0 phenomenon6 planet5
turn_to satellite0 phenomenon6 planet9
turn_to satellite0 phenomenon6 star0
turn_to satellite0 phenomenon6 star1
turn_to satellite0 phenomenon6 star3
turn_to satellite0 phenomenon6 star7
turn_to satellite0 phenomenon6 star8
turn_to satellite0 planet4 groundstation2
turn_to satellite0 planet4 phenomenon10
turn_to satellite0 planet4 phenomenon6
turn_to satellite0 planet4 planet4
turn_to satellite0 planet4 planet5
turn_to satellite0 planet4 planet9
turn_to satellite0 planet4 star0
turn_to satellite0 planet4 star1
turn_to satellite0 planet4 star3
turn_to satellite0 planet4 star7
turn_to satellite0 planet4 star8
turn_to satellite0 planet5 groundstation2
turn_to satellite0 planet5 phenomenon10
turn_to satellite0 planet5 phenomenon6
turn_to satellite0 planet5 planet4
turn_to satellite0 planet5 planet5
turn_to satellite0 planet5 planet9
turn_to satellite0 planet5 star0
turn_to satellite0 planet5 star1
turn_to satellite0 planet5 star3
turn_to satellite0 planet5 star7
turn_to satellite0 planet5 star8
turn_to satellite0 planet9 groundstation2
turn_to satellite0 planet9 phenomenon10
turn_to satellite0 planet9 phenomenon6
turn_to satellite0 planet9 planet4
turn_to satellite0 planet9 planet5
turn_to satellite0 planet9 planet9
turn_to satellite0 planet9 star0
turn_to satellite0 planet9 star1
turn_to satellite0 planet9 star3
turn_to satellite0 planet9 star7
turn_to satellite0 planet9 star8
turn_to satellite0 star0 groundstation2
turn_to satellite0 star0 phenomenon10
turn_to satellite0 star0 phenomenon6
turn_to satellite0 star0 planet4
turn_to satellite0 star0 planet5
turn_to satellite0 star0 planet9
turn_to satellite0 star0 star0
turn_to satellite0 star0 star1
turn_to satellite0 star0 star3
turn_to satellite0 star0 star7
turn_to satellite0 star0 star8
turn_to satellite0 star1 groundstation2
turn_to satellite0 star1 phenomenon10
turn_to satellite0 star1 phenomenon6
turn_to satellite0 star1 planet4
turn_to satellite0 star1 planet5
turn_to satellite0 star1 planet9
turn_to satellite0 star1 star0
turn_to satellite0 star1 star1
turn_to satellite0 star1 star3
turn_to satellite0 star1 star7
turn_to satellite0 star1 star8
turn_to satellite0 star3 groundstation2
turn_to satellite0 star3 phenomenon10
turn_to satellite0 star3 phenomenon6
turn_to satellite0 star3 planet4
turn_to satellite0 star3 planet5
turn_to satellite0 star3 planet9
turn_to satellite0 star3 star0
turn_to satellite0 star3 star1
turn_to satellite0 star3 star3
turn_to satellite0 star3 star7
turn_to satellite0 star3 star8
turn_to satellite0 star7 groundstation2
turn_to satellite0 star7 phenomenon10
turn_to satellite0 star7 phenomenon6
turn_to satellite0 star7 planet4
turn_to satellite0 star7 planet5
turn_to satellite0 star7 planet9
turn_to satellite0 star7 star0
turn_to satellite0 star7 star1
turn_to satellite0 star7 star3
turn_to satellite0 star7 star7
turn_to satellite0 star7 star8
turn_to satellite0 star8 groundstation2
turn_to satellite0 star8 phenomenon10
turn_to satellite0 star8 phenomenon6
turn_to satellite0 star8 planet4
turn_to satellite0 star8 planet5
turn_to satellite0 star8 planet9
turn_to satellite0 star8 star0
turn_to satellite0 star8 star1
turn_to satellite0 star8 star3
turn_to satellite0 star8 star7
turn_to satellite0 star8 star8
turn_to satellite1 groundstation2 groundstation2
turn_to satellite1 groundstation2 phenomenon10
turn_to satellite1 groundstation2 phenomenon6
turn_to satellite1 groundstation2 planet4
turn_to satellite1 groundstation2 planet5
turn_to satellite1 groundstation2 planet9
turn_to satellite1 groundstation2 star0
turn_to satellite1 groundstation2 star1
turn_to satellite1 groundstation2 star3
turn_to satellite1 groundstation2 star7
turn_to satellite1 groundstation2 star8
turn_to satellite1 phenomenon10 groundstation2
turn_to satellite1 phenomenon10 phenomenon10
turn_to satellite1 phenomenon10 phenomenon6
turn_to satellite1 phenomenon10 planet4
turn_to satellite1 phenomenon10 planet5
turn_to satellite1 phenomenon10 planet9
turn_to satellite1 phenomenon10 star0
turn_to satellite1 phenomenon10 star1
turn_to satellite1 phenomenon10 star3
turn_to satellite1 phenomenon10 star7
turn_to satellite1 phenomenon10 star8
turn_to satellite1 phenomenon6 groundstation2
turn_to satellite1 phenomenon6 phenomenon10
turn_to satellite1 phenomenon6 phenomenon6
turn_to satellite1 phenomenon6 planet4
turn_to satellite1 phenomenon6 planet5
turn_to satellite1 phenomenon6 planet9
turn_to satellite1 phenomenon6 star0
turn_to satellite1 phenomenon6 star1
turn_to satellite1 phenomenon6 star3
turn_to satellite1 phenomenon6 star7
turn_to satellite1 phenomenon6 star8
turn_to satellite1 planet4 groundstation2
turn_to satellite1 planet4 phenomenon10
turn_to satellite1 planet4 phenomenon6
turn_to satellite1 planet4 planet4
turn_to satellite1 planet4 planet5
turn_to satellite1 planet4 planet9
turn_to satellite1 planet4 star0
turn_to satellite1 planet4 star1
turn_to satellite1 planet4 star3
turn_to satellite1 planet4 star7
turn_to satellite1 planet4 star8
turn_to satellite1 planet5 groundstation2
turn_to satellite1 planet5 phenomenon10
turn_to satellite1 planet5 phenomenon6
turn_to satellite1 planet5 planet4
turn_to satellite1 planet5 planet5
turn_to satellite1 planet5 planet9
turn_to satellite1 planet5 star0
turn_to satellite1 planet5 star1
turn_to satellite1 planet5 star3
turn_to satellite1 planet5 star7
turn_to satellite1 planet5 star8
turn_to satellite1 planet9 groundstation2
turn_to satellite1 planet9 phenomenon10
turn_to satellite1 planet9 phenomenon6
turn_to satellite1 planet9 planet4
turn_to satellite1 planet9 planet5
turn_to satellite1 planet9 planet9
turn_to satellite1 planet9 star0
turn_to satellite1 planet9 star1
turn_to satellite1 planet9 star3
turn_to satellite1 planet9 star7
turn_to satellite1 planet9 star8
turn_to satellite1 star0 groundstation2
turn_to satellite1 star0 phenomenon10
turn_to satellite1 star0 phenomenon6
turn_to satellite1 star0 planet4
turn_to satellite1 star0 planet5
turn_to satellite1 star0 planet9
turn_to satellite1 star0 star0
turn_to satellite1 star0 star1
turn_to satellite1 star0 star3
turn_to satellite1 star0 star7
turn_to satellite1 star0 star8
turn_to satellite1 star1 groundstation2
turn_to satellite1 star1 phenomenon10
turn_to satellite1 star1 phenomenon6
turn_to satellite1 star1 planet4
turn_to satellite1 star1 planet5
turn_to satellite1 star1 planet9
turn_to satellite1 star1 star0
turn_to satellite1 star1 star1
turn_to satellite1 star1 star3
turn_to satellite1 star1 star7
turn_to satellite1 star1 star8
turn_to satellite1 star3 groundstation2
turn_to satellite1 star3 phenomenon10
turn_to satellite1 star3 phenomenon6
turn_to satellite1 star3 planet4
turn_to satellite1 star3 planet5
turn_to satellite1 star3 planet9
turn_to satellite1 star3 star0
turn_to satellite1 star3 star1
turn_to satellite1 star3 star3
turn_to satellite1 star3 star7
turn_to satellite1 star3 star8
turn_to satellite1 star7 groundstation2
turn_to satellite1 star7 phenomenon10
turn_to satellite1 star7 phenomenon6
turn_to satellite1 star7 planet4
turn_to satellite1 star7 planet5
turn_to satellite1 star7 planet9
turn_to satellite1 star7 star0
turn_to satellite1 star7 star1
turn_to satellite1 star7 star3
turn_to satellite1 star7 star7
turn_to satellite1 star7 star8
turn_to satellite1 star8 groundstation2
turn_to satellite1 star8 phenomenon10
turn_to satellite1 star8 phenomenon6
turn_to satellite1 star8 planet4
turn_to satellite1 star8 planet5
turn_to satellite1 star8 planet9
turn_to satellite1 star8 star0
turn_to satellite1 star8 star1
turn_to satellite1 star8 star3
turn_to satellite1 star8 star7
turn_to satellite1 star8 star8
turn_to satellite2 groundstation2 groundstation2
turn_to satellite2 groundstation2 phenomenon10
turn_to satellite2 groundstation2 phenomenon6
turn_to satellite2 groundstation2 planet4
turn_to satellite2 groundstation2 planet5
turn_to satellite2 groundstation2 planet9
turn_to satellite2 groundstation2 star0
turn_to satellite2 groundstation2 star1
turn_to satellite2 groundstation2 star3
turn_to satellite2 groundstation2 star7
turn_to satellite2 groundstation2 star8
turn_to satellite2 phenomenon10 groundstation2
turn_to satellite2 phenomenon10 phenomenon10
turn_to satellite2 phenomenon10 phenomenon6
turn_to satellite2 phenomenon10 planet4
turn_to satellite2 phenomenon10 planet5
turn_to satellite2 phenomenon10 planet9
turn_to satellite2 phenomenon10 star0
turn_to satellite2 phenomenon10 star1
turn_to satellite2 phenomenon10 star3
turn_to satellite2 phenomenon10 star7
turn_to satellite2 phenomenon10 star8
turn_to satellite2 phenomenon6 groundstation2
turn_to satellite2 phenomenon6 phenomenon10
turn_to satellite2 phenomenon6 phenomenon6
turn_to satellite2 phenomenon6 planet4
turn_to satellite2 phenomenon6 planet5
turn_to satellite2 phenomenon6 planet9
turn_to satellite2 phenomenon6 star0
turn_to satellite2 phenomenon6 star1
turn_to satellite2 phenomenon6 star3
turn_to satellite2 phenomenon6 star7
turn_to satellite2 phenomenon6 star8
turn_to satellite2 planet4 groundstation2
turn_to satellite2 planet4 phenomenon10
turn_to satellite2 planet4 phenomenon6
turn_to satellite2 planet4 planet4
turn_to satellite2 planet4 planet5
turn_to satellite2 planet4 planet9
turn_to satellite2 planet4 star0
turn_to satellite2 planet4 star1
turn_to satellite2 planet4 star3
turn_to satellite2 planet4 star7
turn_to satellite2 planet4 star8
turn_to satellite2 planet5 groundstation2
turn_to satellite2 planet5 phenomenon10
turn_to satellite2 planet5 phenomenon6
turn_to satellite2 planet5 planet4
turn_to satellite2 planet5 planet5
turn_to satellite2 planet5 planet9
turn_to satellite2 planet5 star0
turn_to satellite2 planet5 star1
turn_to satellite2 planet5 star3
turn_to satellite2 planet5 star7
turn_to satellite2 planet5 star8
turn_to satellite2 planet9 groundstation2
turn_to satellite2 planet9 phenomenon10
turn_to satellite2 planet9 phenomenon6
turn_to satellite2 planet9 planet4
turn_to satellite2 planet9 planet5
turn_to satellite2 planet9 planet9
turn_to satellite2 planet9 star0
turn_to satellite2 planet9 star1
turn_to satellite2 planet9 star3
turn_to satellite2 planet9 star7
turn_to satellite2 planet9 star8
turn_to satellite2 star0 groundstation2
turn_to satellite2 star0 phenomenon10
turn_to satellite2 star0 phenomenon6
turn_to satellite2 star0 planet4
turn_to satellite2 star0 planet5
turn_to satellite2 star0 planet9
turn_to satellite2 star0 star0
turn_to satellite2 star0 star1
turn_to satellite2 star0 star3
turn_to satellite2 star0 star7
turn_to satellite2 star0 star8
turn_to satellite2 star1 groundstation2
turn_to satellite2 star1 phenomenon10
turn_to satellite2 star1 phenomenon6
turn_to satellite2 star1 planet4
turn_to satellite2 star1 planet5
turn_to satellite2 star1 planet9
turn_to satellite2 star1 star0
turn_to satellite2 star1 star1
turn_to satellite2 star1 star3
turn_to satellite2 star1 star7
turn_to satellite2 star1 star8
turn_to satellite2 star3 groundstation2
turn_to satellite2 star3 phenomenon10
turn_to satellite2 star3 phenomenon6
turn_to satellite2 star3 planet4
turn_to satellite2 star3 planet5
turn_to satellite2 star3 planet9
turn_to satellite2 star3 star0
turn_to satellite2 star3 star1
turn_to satellite2 star3 star3
turn_to satellite2 star3 star7
turn_to satellite2 star3 star8
turn_to satellite2 star7 groundstation2
turn_to satellite2 star7 phenomenon10
turn_to satellite2 star7 phenomenon6
turn_to satellite2 star7 planet4
turn_to satellite2 star7 planet5
turn_to satellite2 star7 planet9
turn_to satellite2 star7 star0
turn_to satellite2 star7 star1
turn_to satellite2 star7 star3
turn_to satellite2 star7 star7
turn_to satellite2 star7 star8
turn_to satellite2 star8 groundstation2
turn_to satellite2 star8 phenomenon10
turn_to satellite2 star8 phenomenon6
turn_to satellite2 star8 planet4
turn_to satellite2 star8 planet5
turn_to satellite2 star8 planet9
turn_to satellite2 star8 star0
turn_to satellite2 star8 star1
turn_to satellite2 star8 star3
turn_to satellite2 star8 star7
turn_to satellite2 star8 star8
+calibrated instrument0
+calibrated instrument1
+calibrated instrument2
+calibration_target instrument0 star0
+calibration_target instrument1 star1
+calibration_target instrument2 star1
+on_board instrument0 satellite0
+on_board instrument1 satellite1
+on_board instrument2 satellite2
+pointing satellite0 groundstation2
+pointing satellite0 phenomenon10
+pointing satellite0 phenomenon6
+pointing satellite0 planet4
+pointing satellite0 planet5
+pointing satellite0 planet9
+pointing satellite0 star0
+pointing satellite0 star1
+pointing satellite0 star3
+pointing satellite0 star7
+pointing satellite0 star8
+pointing satellite1 groundstation2
+pointing satellite1 phenomenon10
+pointing satellite1 phenomenon6
+pointing satellite1 planet4
+pointing satellite1 planet5
+pointing satellite1 planet9
+pointing satellite1 star0
+pointing satellite1 star1
+pointing satellite1 star3
+pointing satellite1 star7
+pointing satellite1 star8
+pointing satellite2 groundstation2
+pointing satellite2 phenomenon10
+pointing satellite2 phenomenon6
+pointing satellite2 planet4
+pointing satellite2 planet5
+pointing satellite2 planet9
+pointing satellite2 star0
+pointing satellite2 star1
+pointing satellite2 star3
+pointing satellite2 star7
+pointing satellite2 star8
+power_avail satellite0
+power_avail satellite1
+power_avail satellite2
+power_on instrument0
+power_on instrument1
+power_on instrument2
+supports instrument0 image0
+supports instrument0 spectrograph2
+supports instrument1 image0
+supports instrument1 spectrograph2
+supports instrument1 thermograph1
+supports instrument2 infrared3
+supports instrument2 thermograph1
