336 82
calibrate satellite0 instrument0 groundstation0
calibrate satellite1 instrument1 groundstation0
calibrate satellite1 instrument2 star1
calibrate satellite2 instrument3 groundstation0
calibrate satellite3 instrument4 star1
calibrate satellite3 instrument5 groundstation0
calibrate satellite4 instrument6 star1
switch_off instrument0 satellite0
switch_off instrument1 satellite1
switch_off instrument2 satellite1
switch_off instrument3 satellite2
switch_off instrument4 satellite3
switch_off instrument5 satellite3
switch_off instrument6 satellite4
switch_on instrument0 satellite0
switch_on instrument1 satellite1
switch_on instrument2 satellite1
switch_on instrument3 satellite2
switch_on instrument4 satellite3
switch_on instrument5 satellite3
switch_on instrument6 satellite4
take_image satellite0 phenomenon3 instrument0 image1
take_image satellite0 phenomenon3 instrument0 image4
take_image satellite0 phenomenon5 instrument0 image1
take_image satellite0 phenomenon5 instrument0 image4
take_image satellite0 planet2 instrument0 image1
take_image satellite0 planet2 instrument0 image4
take_image satellite0 planet4 instrument0 image1
take_image satellite0 planet4 instrument0 image4
take_image satellite0 planet6 instrument0 image1
take_image satellite0 planet6 instrument0 image4
take_image satellite1 phenomenon3 instrument1 image4
take_image satellite1 phenomenon3 instrument1 infrared3
take_image satellite1 phenomenon3 instrument2 image1
take_image satellite1 phenomenon3 instrument2 spectrograph0
take_image satellite1 phenomenon5 instrument1 image4
take_image satellite1 phenomenon5 instrument1 infrared3
take_image satellite1 phenomenon5 instrument2 image1
take_image satellite1 phenomenon5 instrument2 spectrograph0
take_image satellite1 planet2 instrument1 image4
take_image satellite1 planet2 instrument1 infrared3
take_image satellite1 planet2 instrument2 image1
take_image satellite1 planet2 instrument2 spectrograph0
take_image satellite1 planet4 instrument1 image4
take_image satellite1 planet4 instrument1 infrared3
take_image satellite1 planet4 instrument2 image1
take_image satellite1 planet4 instrument2 spectrograph0
take_image satellite1 planet6 instrument1 image4
take_image satellite1 planet6 instrument1 infrared3
take_image satellite1 planet6 instrument2 image1
take_image satellite1 planet6 instrument2 spectrograph0
take_image satellite2 phenomenon3 instrument3 image1
take_image satellite2 phenomenon3 instrument3 image4
take_image satellite2 phenomenon3 instrument3 infrared2
take_image satellite2 phenomenon5 instrument3 image1
take_image satellite2 phenomenon5 instrument3 image4
take_image satellite2 phenomenon5 instrument3 infrared2
take_image satellite2 planet2 instrument3 image1
take_image satellite2 planet2 instrument3 image4
take_image satellite2 planet2 instrument3 infrared2
take_image satellite2 planet4 instrument3 image1
take_image satellite2 planet4 instrument3 image4
take_image satellite2 planet4 instrument3 infrared2
take_image satellite2 planet6 instrument3 image1
take_image satellite2 planet6 instrument3 image4
take_image satellite2 planet6 instrument3 infrared2
take_image satellite3 phenomenon3 instrument4 image4
take_image satellite3 phenomenon3 instrument4 infrared2
take_image satellite3 phenomenon3 instrument5 image1
take_image satellite3 phenomenon3 instrument5 spectrograph0
take_image satellite3 phenomenon5 instrument4 image4
take_image satellite3 phenomenon5 instrument4 infrared2
take_image satellite3 phenomenon5 instrument5 image1
take_image satellite3 phenomenon5 instrument5 spectrograph0
take_image satellite3 planet2 instrument4 image4
take_image satellite3 planet2 instrument4 infrared2
take_image satellite3 planet2 instrument5 image1
take_image satellite3 planet2 instrument5 spectrograph0
take_image satellite3 planet4 instrument4 image4
take_image satellite3 planet4 instrument4 infrared2
take_image satellite3 planet4 instrument5 image1
take_image satellite3 planet4 instrument5 spectrograph0
take_image satellite3 planet6 instrument4 image4
take_image satellite3 planet6 instrument4 infrared2
take_image satellite3 planet6 instrument5 image1
take_image satellite3 planet6 instrument5 spectrograph0
take_image satellite4 phenomenon3 instrument6 infrared3
take_image satellite4 phenomenon5 instrument6 infrared3
take_image satellite4 planet2 instrument6 infrared3
take_image satellite4 planet4 instrument6 infrared3
take_image satellite4 planet6 instrument6 infrared3
turn_to satellite0 groundstation0 groundstation0
turn_to satellite0 groundstation0 phenomenon3
turn_to satellite0 groundstation0 phenomenon5
turn_to satellite0 groundstation0 planet2
turn_to satellite0 groundstation0 planet4
turn_to satellite0 groundstation0 planet6
turn_to satellite0 groundstation0 star1
turn_to satellite0 phenomenon3 groundstation0
turn_to satellite0 phenomenon3 phenomenon3
turn_to satellite0 phenomenon3 phenomenon5
turn_to satellite0 phenomenon3 planet2
turn_to satellite0 phenomenon3 planet4
turn_to satellite0 phenomenon3 planet6
turn_to satellite0 phenomenon3 star1
turn_to satellite0 phenomenon5 groundstation0
turn_to satellite0 phenomenon5 phenomenon3
turn_to satellite0 phenomenon5 phenomenon5
turn_to satellite0 phenomenon5 planet2
turn_to satellite0 phenomenon5 planet4
turn_to satellite0 phenomenon5 planet6
turn_to satellite0 phenomenon5 star1
turn_to satellite0 planet2 groundstation0
turn_to satellite0 planet2 phenomenon3
turn_to satellite0 planet2 phenomenon5
turn_to satellite0 planet2 planet2
turn_to satellite0 planet2 planet4
turn_to satellite0 planet2 planet6
turn_to satellite0 planet2 star1
turn_to satellite0 planet4 groundstation0
turn_to satellite0 planet4 phenomenon3
turn_to satellite0 planet4 phenomenon5
turn_to satellite0 planet4 planet2
turn_to satellite0 planet4 planet4
turn_to satellite0 planet4 planet6
turn_to satellite0 planet4 star1
turn_to satellite0 planet6 groundstation0
turn_to satellite0 planet6 phenomenon3
turn_to satellite0 planet6 phenomenon5
turn_to satellite0 planet6 planet2
turn_to satellite0 planet6 planet4
turn_to satellite0 planet6 planet6
turn_to satellite0 planet6 star1
turn_to satellite0 star1 groundstation0
turn_to satellite0 star1 phenomenon3
turn_to satellite0 star1 phenomenon5
turn_to satellite0 star1 planet2
turn_to satellite0 star1 planet4
turn_to satellite0 star1 planet6
turn_to satellite0 star1 star1
turn_to satellite1 groundstation0 groundstation0
turn_to satellite1 groundstation0 phenomenon3
turn_to satellite1 groundstation0 phenomenon5
turn_to satellite1 groundstation0 planet2
turn_to satellite1 groundstation0 planet4
turn_to satellite1 groundstation0 planet6
turn_to satellite1 groundstation0 star1
turn_to satellite1 phenomenon3 groundstation0
turn_to satellite1 phenomenon3 phenomenon3
turn_to satellite1 phenomenon3 phenomenon5
turn_to satellite1 phenomenon3 planet2
turn_to satellite1 phenomenon3 planet4
turn_to satellite1 phenomenon3 planet6
turn_to satellite1 phenomenon3 star1
turn_to satellite1 phenomenon5 groundstation0
turn_to satellite1 phenomenon5 phenomenon3
turn_to satellite1 phenomenon5 phenomenon5
turn_to satellite1 phenomenon5 planet2
turn_to satellite1 phenomenon5 planet4
turn_to satellite1 phenomenon5 planet6
turn_to satellite1 phenomenon5 star1
turn_to satellite1 planet2 groundstation0
turn_to satellite1 planet2 phenomenon3
turn_to satellite1 planet2 phenomenon5
turn_to satellite1 planet2 planet2
turn_to satellite1 planet2 planet4
turn_to satellite1 planet2 planet6
turn_to satellite1 planet2 star1
turn_to satellite1 planet4 groundstation0
turn_to satellite1 planet4 phenomenon3
turn_to satellite1 planet4 phenomenon5
turn_to satellite1 planet4 planet2
turn_to satellite1 planet4 planet4
turn_to satellite1 planet4 planet6
turn_to satellite1 planet4 star1
turn_to satellite1 planet6 groundstation0
turn_to satellite1 planet6 phenomenon3
turn_to satellite1 planet6 phenomenon5
turn_to satellite1 planet6 planet2
turn_to satellite1 planet6 planet4
turn_to satellite1 planet6 planet6
turn_to satellite1 planet6 star1
turn_to satellite1 star1 groundstation0
turn_to satellite1 star1 phenomenon3
turn_to satellite1 star1 phenomenon5
turn_to satellite1 star1 planet2
turn_to satellite1 star1 planet4
turn_to satellite1 star1 planet6
turn_to satellite1 star1 star1
turn_to satellite2 groundstation0 groundstation0
turn_to satellite2 groundstation0 phenomenon3
turn_to satellite2 groundstation0 phenomenon5
turn_to satellite2 groundstation0 planet2
turn_to satellite2 groundstation0 planet4
turn_to satellite2 groundstation0 planet6
turn_to satellite2 groundstation0 star1
turn_to satellite2 phenomenon3 groundstation0
turn_to satellite2 phenomenon3 phenomenon3
turn_to satellite2 phenomenon3 phenomenon5
turn_to satellite2 phenomenon3 planet2
turn_to satellite2 phenomenon3 planet4
turn_to satellite2 phenomenon3 planet6
turn_to satellite2 phenomenon3 star1
turn_to satellite2 phenomenon5 groundstation0
turn_to satellite2 phenomenon5 phenomenon3
turn_to satellite2 phenomenon5 phenomenon5
turn_to satellite2 phenomenon5 planet2
turn_to satellite2 phenomenon5 planet4
turn_to satellite2 phenomenon5 planet6
turn_to satellite2 phenomenon5 star1
turn_to satellite2 planet2 groundstation0
turn_to satellite2 planet2 phenomenon3
turn_to satellite2 planet2 phenomenon5
turn_to satellite2 planet2 planet2
turn_to satellite2 planet2 planet4
turn_to satellite2 planet2 planet6
turn_to satellite2 planet2 star1
turn_to satellite2 planet4 groundstation0
turn_to satellite2 planet4 phenomenon3
turn_to satellite2 planet4 phenomenon5
turn_to satellite2 planet4 planet2
turn_to satellite2 planet4 planet4
turn_to satellite2 planet4 planet6
turn_to satellite2 planet4 star1
turn_to satellite2 planet6 groundstation0
turn_to satellite2 planet6 phenomenon3
turn_to satellite2 planet6 phenomenon5
turn_to satellite2 planet6 planet2
turn_to satellite2 planet6 planet4
turn_to satellite2 planet6 planet6
turn_to satellite2 planet6 star1
turn_to satellite2 star1 groundstation0
turn_to satellite2 star1 phenomenon3
turn_to satellite2 star1 phenomenon5
turn_to satellite2 star1 planet2
turn_to satellite2 star1 planet4
turn_to satellite2 star1 planet6
turn_to satellite2 star1 star1
turn_to satellite3 groundstation0 groundstation0
turn_to satellite3 groundstation0 phenomenon3
turn_to satellite3 groundstation0 phenomenon5
turn_to satellite3 groundstation0 planet2
turn_to satellite3 groundstation0 planet4
turn_to satellite3 groundstation0 planet6
turn_to satellite3 groundstation0 star1
turn_to satellite3 phenomenon3 groundstation0
turn_to satellite3 phenomenon3 phenomenon3
turn_to satellite3 phenomenon3 phenomenon5
turn_to satellite3 phenomenon3 planet2
turn_to satellite3 phenomenon3 planet4
turn_to satellite3 phenomenon3 planet6
turn_to satellite3 phenomenon3 star1
turn_to satellite3 phenomenon5 groundstation0
turn_to satellite3 phenomenon5 phenomenon3
turn_to satellite3 phenomenon5 phenomenon5
turn_to satellite3 phenomenon5 planet2
turn_to satellite3 phenomenon5 planet4
turn_to satellite3 phenomenon5 planet6
turn_to satellite3 phenomenon5 star1
turn_to satellite3 planet2 groundstation0
turn_to satellite3 planet2 phenomenon3
turn_to satellite3 planet2 phenomenon5
turn_to satellite3 planet2 planet2
turn_to satellite3 planet2 planet4
turn_to satellite3 planet2 planet6
turn_to satellite3 planet2 star1
turn_to satellite3 planet4 groundstation0
turn_to satellite3 planet4 phenomenon3
turn_to satellite3 planet4 phenomenon5
turn_to satellite3 planet4 planet2
turn_to satellite3 planet4 planet4
turn_to satellite3 planet4 planet6
turn_to satellite3 planet4 star1
turn_to satellite3 planet6 groundstation0
turn_to satellite3 planet6 phenomenon3
turn_to satellite3 planet6 phenomenon5
turn_to satellite3 planet6 planet2
turn_to satellite3 planet6 planet4
turn_to satellite3 planet6 planet6
turn_to satellite3 planet6 star1
turn_to satellite3 star1 groundstation0
turn_to satellite3 star1 phenomenon3
turn_to satellite3 star1 phenomenon5
turn_to satellite3 star1 planet2
turn_to satellite3 star1 planet4
turn_to satellite3 star1 planet6
turn_to satellite3 star1 star1
turn_to satellite4 groundstation0 groundstation0
turn_to satellite4 groundstation0 phenomenon3
turn_to satellite4 groundstation0 phenomenon5
turn_to satellite4 groundstation0 planet2
turn_to satellite4 groundstation0 planet4
turn_to satellite4 groundstation0 planet6
turn_to satellite4 groundstation0 star1
turn_to satellite4 phenomenon3 groundstation0
turn_to satellite4 phenomenon3 phenomenon3
turn_to satellite4 phenomenon3 phenomenon5
turn_to satellite4 phenomenon3 planet2
turn_to satellite4 phenomenon3 planet4
turn_to satellite4 phenomenon3 planet6
turn_to satellite4 phenomenon3 star1
turn_to satellite4 phenomenon5 groundstation0
turn_to satellite4 phenomenon5 phenomenon3
turn_to satellite4 phenomenon5 phenomenon5
turn_to satellite4 phenomenon5 planet2
turn_to satellite4 phenomenon5 planet4
turn_to satellite4 phenomenon5 planet6
turn_to satellite4 phenomenon5 star1
turn_to satellite4 planet2 groundstation0
turn_to satellite4 planet2 phenomenon3
turn_to satellite4 planet2 phenomenon5
turn_to satellite4 planet2 planet2
turn_to satellite4 planet2 planet4
turn_to satellite4 planet2 planet6
turn_to satellite4 planet2 star1
turn_to satellite4 planet4 groundstation0
turn_to satellite4 planet4 phenomenon3
turn_to satellite4 planet4 phenomenon5
turn_to satellite4 planet4 planet2
turn_to satellite4 planet4 planet4
turn_to satellite4 planet4 planet6
turn_to satellite4 planet4 star1
turn_to satellite4 planet6 groundstation0
turn_to satellite4 planet6 phenomenon3
turn_to satellite4 planet6 phenomenon5
turn_to satellite4 planet6 planet2
turn_to satellite4 planet6 planet4
turn_to satellite4 planet6 planet6
turn_to satellite4 planet6 star1
turn_to satellite4 star1 groundstation0
turn_to satellite4 star1 phenomenon3
turn_to satellite4 star1 phenomenon5
turn_to satellite4 star1 planet2
turn_to satellite4 star1 planet4
turn_to satellite4 star1 planet6
turn_to satellite4 star1 star1
+calibrated instrument0
+calibrated instrument1
+calibrated instrument2
+calibrated instrument3
+calibrated instrument4
+calibrated instrument5
+calibrated instrument6
+calibration_target instrument0 groundstation0
+calibration_target instrument1 groundstation0
+calibration_target instrument2 star1
+calibration_target instrument3 groundstation0
+calibration_target instrument4 star1
+calibration_target instrument5 groundstation0
+calibration_target instrument6 star1
+on_board instrument0 satellite0
+on_board instrument1 satellite1
+on_board instrument2 satellite1
+on_board instrument3 satellite2
+on_board instrument4 satellite3
+on_board instrument5 satellite3
+on_board instrument6 satellite4
+pointing satellite0 groundstation0
+pointing satellite0 phenomenon3
+pointing satellite0 phenomenon5
+pointing satellite0 planet2
+pointing satellite0 planet4
+pointing satellite0 planet6
+pointing satellite0 star1
+pointing satellite1 groundstation0
+pointing satellite1 phenomenon3
+pointing satellite1 phenomenon5
+pointing satellite1 planet2
+pointing satellite1 planet4
+pointing satellite1 planet6
+pointing satellite1 star1
+pointing satellite2 groundstation0
+pointing satellite2 phenomenon3
+pointing satellite2 phenomenon5
+pointing satellite2 planet2
+pointing satellite2 planet4
+pointing satellite2 planet6
+pointing satellite2 star1
+pointing satellite3 groundstation0
+pointing satellite3 phenomenon3
+pointing satellite3 phenomenon5
+pointing satellite3 planet2
+pointing satellite3 planet4
+pointing satellite3 planet6
+pointing satellite3 star1
+pointing satellite4 groundstation0
+pointing satellite4 phenomenon3
+pointing satellite4 phenomenon5
+pointing satellite4 planet2
+pointing satellite4 planet4
+pointing satellite4 planet6
+pointing satellite4 star1
+power_avail satellite0
+power_avail satellite1
+power_avail satellite2
+power_avail satellite3
+power_avail satellite4
+power_on instrument0
+power_on instrument1
+power_on instrument2
+power_on instrument3
+power_on instrument4
+power_on instrument5
+power_on instrument6
+supports instrument0 image1
+supports instrument0 image4
+supports instrument1 image4
+supports instrument1 infrared3
+supports instrument2 image1
+supports instrument2 spectrograph0
+supports instrument3 image1
+supports instrument3 image4
+supports instrument3 infrared2
+supports instrument4 image4
+supports instrument4 infrared2
+supports instrument5 image1
+supports instrument5 spectrograph0
+supports instrument6 infrared3
