851 179
attachContactableInformationToEMail email1 headOfDepartmentEMailAddress headOfDepartment
attachContactableInformationToEMail email1 peer1EMailAddress peer1
attachContactableInformationToEMail email1 peer2EMailAddress peer2
attachContactableInformationToEMail email1 peer3EMailAddress peer3
attachContactableInformationToEMail email1 peer4EMailAddress peer4
attachContactableInformationToEMail email2 headOfDepartmentEMailAddress headOfDepartment
attachContactableInformationToEMail email2 peer1EMailAddress peer1
attachContactableInformationToEMail email2 peer2EMailAddress peer2
attachContactableInformationToEMail email2 peer3EMailAddress peer3
attachContactableInformationToEMail email2 peer4EMailAddress peer4
attachContactableInformationToEMail email3 headOfDepartmentEMailAddress headOfDepartment
attachContactableInformationToEMail email3 peer1EMailAddress peer1
attachContactableInformationToEMail email3 peer2EMailAddress peer2
attachContactableInformationToEMail email3 peer3EMailAddress peer3
attachContactableInformationToEMail email3 peer4EMailAddress peer4
attachContactableInformationToEMail email4 headOfDepartmentEMailAddress headOfDepartment
attachContactableInformationToEMail email4 peer1EMailAddress peer1
attachContactableInformationToEMail email4 peer2EMailAddress peer2
attachContactableInformationToEMail email4 peer3EMailAddress peer3
attachContactableInformationToEMail email4 peer4EMailAddress peer4
attachContactableInformationToEMail email5 headOfDepartmentEMailAddress headOfDepartment
attachContactableInformationToEMail email5 peer1EMailAddress peer1
attachContactableInformationToEMail email5 peer2EMailAddress peer2
attachContactableInformationToEMail email5 peer3EMailAddress peer3
attachContactableInformationToEMail email5 peer4EMailAddress peer4
attachRegularInformationToEMail email1 agenda
attachRegularInformationToEMail email1 dateForMeeting
attachRegularInformationToEMail email1 headOfDepartmentPicture
attachRegularInformationToEMail email1 peer1Picture
attachRegularInformationToEMail email1 room101
attachRegularInformationToEMail email2 agenda
attachRegularInformationToEMail email2 dateForMeeting
attachRegularInformationToEMail email2 headOfDepartmentPicture
attachRegularInformationToEMail email2 peer1Picture
attachRegularInformationToEMail email2 room101
attachRegularInformationToEMail email3 agenda
attachRegularInformationToEMail email3 dateForMeeting
attachRegularInformationToEMail email3 headOfDepartmentPicture
attachRegularInformationToEMail email3 peer1Picture
attachRegularInformationToEMail email3 room101
attachRegularInformationToEMail email4 agenda
attachRegularInformationToEMail email4 dateForMeeting
attachRegularInformationToEMail email4 headOfDepartmentPicture
attachRegularInformationToEMail email4 peer1Picture
attachRegularInformationToEMail email4 room101
attachRegularInformationToEMail email5 agenda
attachRegularInformationToEMail email5 dateForMeeting
attachRegularInformationToEMail email5 headOfDepartmentPicture
attachRegularInformationToEMail email5 peer1Picture
attachRegularInformationToEMail email5 room101
enter_EMailAddress headOfDepartment headOfDepartmentEMailAddress
enter_EMailAddress peer1 peer1EMailAddress
enter_EMailAddress peer2 peer2EMailAddress
enter_EMailAddress peer3 peer3EMailAddress
enter_EMailAddress peer4 peer4EMailAddress
extractsInformation_Contactable headOfDepartment email1 headOfDepartmentEMailAddress headOfDepartment
extractsInformation_Contactable headOfDepartment email1 headOfDepartmentEMailAddress peer1
extractsInformation_Contactable headOfDepartment email1 headOfDepartmentEMailAddress peer2
extractsInformation_Contactable headOfDepartment email1 headOfDepartmentEMailAddress peer3
extractsInformation_Contactable headOfDepartment email1 headOfDepartmentEMailAddress peer4
extractsInformation_Contactable headOfDepartment email1 peer1EMailAddress headOfDepartment
extractsInformation_Contactable headOfDepartment email1 peer1EMailAddress peer1
extractsInformation_Contactable headOfDepartment email1 peer1EMailAddress peer2
extractsInformation_Contactable headOfDepartment email1 peer1EMailAddress peer3
extractsInformation_Contactable headOfDepartment email1 peer1EMailAddress peer4
extractsInformation_Contactable headOfDepartment email1 peer2EMailAddress headOfDepartment
extractsInformation_Contactable headOfDepartment email1 peer2EMailAddress peer1
extractsInformation_Contactable headOfDepartment email1 peer2EMailAddress peer2
extractsInformation_Contactable headOfDepartment email1 peer2EMailAddress peer3
extractsInformation_Contactable headOfDepartment email1 peer2EMailAddress peer4
extractsInformation_Contactable headOfDepartment email1 peer3EMailAddress headOfDepartment
extractsInformation_Contactable headOfDepartment email1 peer3EMailAddress peer1
extractsInformation_Contactable headOfDepartment email1 peer3EMailAddress peer2
extractsInformation_Contactable headOfDepartment email1 peer3EMailAddress peer3
extractsInformation_Contactable headOfDepartment email1 peer3EMailAddress peer4
extractsInformation_Contactable headOfDepartment email1 peer4EMailAddress headOfDepartment
extractsInformation_Contactable headOfDepartment email1 peer4EMailAddress peer1
extractsInformation_Contactable headOfDepartment email1 peer4EMailAddress peer2
extractsInformation_Contactable headOfDepartment email1 peer4EMailAddress peer3
extractsInformation_Contactable headOfDepartment email1 peer4EMailAddress peer4
extractsInformation_Contactable headOfDepartment email2 headOfDepartmentEMailAddress headOfDepartment
extractsInformation_Contactable headOfDepartment email2 headOfDepartmentEMailAddress peer1
extractsInformation_Contactable headOfDepartment email2 headOfDepartmentEMailAddress peer2
extractsInformation_Contactable headOfDepartment email2 headOfDepartmentEMailAddress peer3
extractsInformation_Contactable headOfDepartment email2 headOfDepartmentEMailAddress peer4
extractsInformation_Contactable headOfDepartment email2 peer1EMailAddress headOfDepartment
extractsInformation_Contactable headOfDepartment email2 peer1EMailAddress peer1
extractsInformation_Contactable headOfDepartment email2 peer1EMailAddress peer2
extractsInformation_Contactable headOfDepartment email2 peer1EMailAddress peer3
extractsInformation_Contactable headOfDepartment email2 peer1EMailAddress peer4
extractsInformation_Contactable headOfDepartment email2 peer2EMailAddress headOfDepartment
extractsInformation_Contactable headOfDepartment email2 peer2EMailAddress peer1
extractsInformation_Contactable headOfDepartment email2 peer2EMailAddress peer2
extractsInformation_Contactable headOfDepartment email2 peer2EMailAddress peer3
extractsInformation_Contactable headOfDepartment email2 peer2EMailAddress peer4
extractsInformation_Contactable headOfDepartment email2 peer3EMailAddress headOfDepartment
extractsInformation_Contactable headOfDepartment email2 peer3EMailAddress peer1
extractsInformation_Contactable headOfDepartment email2 peer3EMailAddress peer2
extractsInformation_Contactable headOfDepartment email2 peer3EMailAddress peer3
extractsInformation_Contactable headOfDepartment email2 peer3EMailAddress peer4
extractsInformation_Contactable headOfDepartment email2 peer4EMailAddress headOfDepartment
extractsInformation_Contactable headOfDepartment email2 peer4EMailAddress peer1
extractsInformation_Contactable headOfDepartment email2 peer4EMailAddress peer2
extractsInformation_Contactable headOfDepartment email2 peer4EMailAddress peer3
extractsInformation_Contactable headOfDepartment email2 peer4EMailAddress peer4
extractsInformation_Contactable headOfDepartment email3 headOfDepartmentEMailAddress headOfDepartment
extractsInformation_Contactable headOfDepartment email3 headOfDepartmentEMailAddress peer1
extractsInformation_Contactable headOfDepartment email3 headOfDepartmentEMailAddress peer2
extractsInformation_Contactable headOfDepartment email3 headOfDepartmentEMailAddress peer3
extractsInformation_Contactable headOfDepartment email3 headOfDepartmentEMailAddress peer4
extractsInformation_Contactable headOfDepartment email3 peer1EMailAddress headOfDepartment
extractsInformation_Contactable headOfDepartment email3 peer1EMailAddress peer1
extractsInformation_Contactable headOfDepartment email3 peer1EMailAddress peer2
extractsInformation_Contactable headOfDepartment email3 peer1EMailAddress peer3
extractsInformation_Contactable headOfDepartment email3 peer1EMailAddress peer4
extractsInformation_Contactable headOfDepartment email3 peer2EMailAddress headOfDepartment
extractsInformation_Contactable headOfDepartment email3 peer2EMailAddress peer1
extractsInformation_Contactable headOfDepartment email3 peer2EMailAddress peer2
extractsInformation_Contactable headOfDepartment email3 peer2EMailAddress peer3
extractsInformation_Contactable headOfDepartment email3 peer2EMailAddress peer4
extractsInformation_Contactable headOfDepartment email3 peer3EMailAddress headOfDepartment
extractsInformation_Contactable headOfDepartment email3 peer3EMailAddress peer1
extractsInformation_Contactable headOfDepartment email3 peer3EMailAddress peer2
extractsInformation_Contactable headOfDepartment email3 peer3EMailAddress peer3
extractsInformation_Contactable headOfDepartment email3 peer3EMailAddress peer4
extractsInformation_Contactable headOfDepartment email3 peer4EMailAddress headOfDepartment
extractsInformation_Contactable headOfDepartment email3 peer4EMailAddress peer1
extractsInformation_Contactable headOfDepartment email3 peer4EMailAddress peer2
extractsInformation_Contactable headOfDepartment email3 peer4EMailAddress peer3
extractsInformation_Contactable headOfDepartment email3 peer4EMailAddress peer4
extractsInformation_Contactable headOfDepartment email4 headOfDepartmentEMailAddress headOfDepartment
extractsInformation_Contactable headOfDepartment email4 headOfDepartmentEMailAddress peer1
extractsInformation_Contactable headOfDepartment email4 headOfDepartmentEMailAddress peer2
extractsInformation_Contactable headOfDepartment email4 headOfDepartmentEMailAddress peer3
extractsInformation_Contactable headOfDepartment email4 headOfDepartmentEMailAddress peer4
extractsInformation_Contactable headOfDepartment email4 peer1EMailAddress headOfDepartment
extractsInformation_Contactable headOfDepartment email4 peer1EMailAddress peer1
extractsInformation_Contactable headOfDepartment email4 peer1EMailAddress peer2
extractsInformation_Contactable headOfDepartment email4 peer1EMailAddress peer3
extractsInformation_Contactable headOfDepartment email4 peer1EMailAddress peer4
extractsInformation_Contactable headOfDepartment email4 peer2EMailAddress headOfDepartment
extractsInformation_Contactable headOfDepartment email4 peer2EMailAddress peer1
extractsInformation_Contactable headOfDepartment email4 peer2EMailAddress peer2
extractsInformation_Contactable headOfDepartment email4 peer2EMailAddress peer3
extractsInformation_Contactable headOfDepartment email4 peer2EMailAddress peer4
extractsInformation_Contactable headOfDepartment email4 peer3EMailAddress headOfDepartment
extractsInformation_Contactable headOfDepartment email4 peer3EMailAddress peer1
extractsInformation_Contactable headOfDepartment email4 peer3EMailAddress peer2
extractsInformation_Contactable headOfDepartment email4 peer3EMailAddress peer3
extractsInformation_Contactable headOfDepartment email4 peer3EMailAddress peer4
extractsInformation_Contactable headOfDepartment email4 peer4EMailAddress headOfDepartment
extractsInformation_Contactable headOfDepartment email4 peer4EMailAddress peer1
extractsInformation_Contactable headOfDepartment email4 peer4EMailAddress peer2
extractsInformation_Contactable headOfDepartment email4 peer4EMailAddress peer3
extractsInformation_Contactable headOfDepartment email4 peer4EMailAddress peer4
extractsInformation_Contactable headOfDepartment email5 headOfDepartmentEMailAddress headOfDepartment
extractsInformation_Contactable headOfDepartment email5 headOfDepartmentEMailAddress peer1
extractsInformation_Contactable headOfDepartment email5 headOfDepartmentEMailAddress peer2
extractsInformation_Contactable headOfDepartment email5 headOfDepartmentEMailAddress peer3
extractsInformation_Contactable headOfDepartment email5 headOfDepartmentEMailAddress peer4
extractsInformation_Contactable headOfDepartment email5 peer1EMailAddress headOfDepartment
extractsInformation_Contactable headOfDepartment email5 peer1EMailAddress peer1
extractsInformation_Contactable headOfDepartment email5 peer1EMailAddress peer2
extractsInformation_Contactable headOfDepartment email5 peer1EMailAddress peer3
extractsInformation_Contactable headOfDepartment email5 peer1EMailAddress peer4
extractsInformation_Contactable headOfDepartment email5 peer2EMailAddress headOfDepartment
extractsInformation_Contactable headOfDepartment email5 peer2EMailAddress peer1
extractsInformation_Contactable headOfDepartment email5 peer2EMailAddress peer2
extractsInformation_Contactable headOfDepartment email5 peer2EMailAddress peer3
extractsInformation_Contactable headOfDepartment email5 peer2EMailAddress peer4
extractsInformation_Contactable headOfDepartment email5 peer3EMailAddress headOfDepartment
extractsInformation_Contactable headOfDepartment email5 peer3EMailAddress peer1
extractsInformation_Contactable headOfDepartment email5 peer3EMailAddress peer2
extractsInformation_Contactable headOfDepartment email5 peer3EMailAddress peer3
extractsInformation_Contactable headOfDepartment email5 peer3EMailAddress peer4
extractsInformation_Contactable headOfDepartment email5 peer4EMailAddress headOfDepartment
extractsInformation_Contactable headOfDepartment email5 peer4EMailAddress peer1
extractsInformation_Contactable headOfDepartment email5 peer4EMailAddress peer2
extractsInformation_Contactable headOfDepartment email5 peer4EMailAddress peer3
extractsInformation_Contactable headOfDepartment email5 peer4EMailAddress peer4
extractsInformation_Contactable peer1 email1 headOfDepartmentEMailAddress headOfDepartment
extractsInformation_Contactable peer1 email1 headOfDepartmentEMailAddress peer1
extractsInformation_Contactable peer1 email1 headOfDepartmentEMailAddress peer2
extractsInformation_Contactable peer1 email1 headOfDepartmentEMailAddress peer3
extractsInformation_Contactable peer1 email1 headOfDepartmentEMailAddress peer4
extractsInformation_Contactable peer1 email1 peer1EMailAddress headOfDepartment
extractsInformation_Contactable peer1 email1 peer1EMailAddress peer1
extractsInformation_Contactable peer1 email1 peer1EMailAddress peer2
extractsInformation_Contactable peer1 email1 peer1EMailAddress peer3
extractsInformation_Contactable peer1 email1 peer1EMailAddress peer4
extractsInformation_Contactable peer1 email1 peer2EMailAddress headOfDepartment
extractsInformation_Contactable peer1 email1 peer2EMailAddress peer1
extractsInformation_Contactable peer1 email1 peer2EMailAddress peer2
extractsInformation_Contactable peer1 email1 peer2EMailAddress peer3
extractsInformation_Contactable peer1 email1 peer2EMailAddress peer4
extractsInformation_Contactable peer1 email1 peer3EMailAddress headOfDepartment
extractsInformation_Contactable peer1 email1 peer3EMailAddress peer1
extractsInformation_Contactable peer1 email1 peer3EMailAddress peer2
extractsInformation_Contactable peer1 email1 peer3EMailAddress peer3
extractsInformation_Contactable peer1 email1 peer3EMailAddress peer4
extractsInformation_Contactable peer1 email1 peer4EMailAddress headOfDepartment
extractsInformation_Contactable peer1 email1 peer4EMailAddress peer1
extractsInformation_Contactable peer1 email1 peer4EMailAddress peer2
extractsInformation_Contactable peer1 email1 peer4EMailAddress peer3
extractsInformation_Contactable peer1 email1 peer4EMailAddress peer4
extractsInformation_Contactable peer1 email2 headOfDepartmentEMailAddress headOfDepartment
extractsInformation_Contactable peer1 email2 headOfDepartmentEMailAddress peer1
extractsInformation_Contactable peer1 email2 headOfDepartmentEMailAddress peer2
extractsInformation_Contactable peer1 email2 headOfDepartmentEMailAddress peer3
extractsInformation_Contactable peer1 email2 headOfDepartmentEMailAddress peer4
extractsInformation_Contactable peer1 email2 peer1EMailAddress headOfDepartment
extractsInformation_Contactable peer1 email2 peer1EMailAddress peer1
extractsInformation_Contactable peer1 email2 peer1EMailAddress peer2
extractsInformation_Contactable peer1 email2 peer1EMailAddress peer3
extractsInformation_Contactable peer1 email2 peer1EMailAddress peer4
extractsInformation_Contactable peer1 email2 peer2EMailAddress headOfDepartment
extractsInformation_Contactable peer1 email2 peer2EMailAddress peer1
extractsInformation_Contactable peer1 email2 peer2EMailAddress peer2
extractsInformation_Contactable peer1 email2 peer2EMailAddress peer3
extractsInformation_Contactable peer1 email2 peer2EMailAddress peer4
extractsInformation_Contactable peer1 email2 peer3EMailAddress headOfDepartment
extractsInformation_Contactable peer1 email2 peer3EMailAddress peer1
extractsInformation_Contactable peer1 email2 peer3EMailAddress peer2
extractsInformation_Contactable peer1 email2 peer3EMailAddress peer3
extractsInformation_Contactable peer1 email2 peer3EMailAddress peer4
extractsInformation_Contactable peer1 email2 peer4EMailAddress headOfDepartment
extractsInformation_Contactable peer1 email2 peer4EMailAddress peer1
extractsInformation_Contactable peer1 email2 peer4EMailAddress peer2
extractsInformation_Contactable peer1 email2 peer4EMailAddress peer3
extractsInformation_Contactable peer1 email2 peer4EMailAddress peer4
extractsInformation_Contactable peer1 email3 headOfDepartmentEMailAddress headOfDepartment
extractsInformation_Contactable peer1 email3 headOfDepartmentEMailAddress peer1
extractsInformation_Contactable peer1 email3 headOfDepartmentEMailAddress peer2
extractsInformation_Contactable peer1 email3 headOfDepartmentEMailAddress peer3
extractsInformation_Contactable peer1 email3 headOfDepartmentEMailAddress peer4
extractsInformation_Contactable peer1 email3 peer1EMailAddress headOfDepartment
extractsInformation_Contactable peer1 email3 peer1EMailAddress peer1
extractsInformation_Contactable peer1 email3 peer1EMailAddress peer2
extractsInformation_Contactable peer1 email3 peer1EMailAddress peer3
extractsInformation_Contactable peer1 email3 peer1EMailAddress peer4
extractsInformation_Contactable peer1 email3 peer2EMailAddress headOfDepartment
extractsInformation_Contactable peer1 email3 peer2EMailAddress peer1
extractsInformation_Contactable peer1 email3 peer2EMailAddress peer2
extractsInformation_Contactable peer1 email3 peer2EMailAddress peer3
extractsInformation_Contactable peer1 email3 peer2EMailAddress peer4
extractsInformation_Contactable peer1 email3 peer3EMailAddress headOfDepartment
extractsInformation_Contactable peer1 email3 peer3EMailAddress peer1
extractsInformation_Contactable peer1 email3 peer3EMailAddress peer2
extractsInformation_Contactable peer1 email3 peer3EMailAddress peer3
extractsInformation_Contactable peer1 email3 peer3EMailAddress peer4
extractsInformation_Contactable peer1 email3 peer4EMailAddress headOfDepartment
extractsInformation_Contactable peer1 email3 peer4EMailAddress peer1
extractsInformation_Contactable peer1 email3 peer4EMailAddress peer2
extractsInformation_Contactable peer1 email3 peer4EMailAddress peer3
extractsInformation_Contactable peer1 email3 peer4EMailAddress peer4
extractsInformation_Contactable peer1 email4 headOfDepartmentEMailAddress headOfDepartment
extractsInformation_Contactable peer1 email4 headOfDepartmentEMailAddress peer1
extractsInformation_Contactable peer1 email4 headOfDepartmentEMailAddress peer2
extractsInformation_Contactable peer1 email4 headOfDepartmentEMailAddress peer3
extractsInformation_Contactable peer1 email4 headOfDepartmentEMailAddress peer4
extractsInformation_Contactable peer1 email4 peer1EMailAddress headOfDepartment
extractsInformation_Contactable peer1 email4 peer1EMailAddress peer1
extractsInformation_Contactable peer1 email4 peer1EMailAddress peer2
extractsInformation_Contactable peer1 email4 peer1EMailAddress peer3
extractsInformation_Contactable peer1 email4 peer1EMailAddress peer4
extractsInformation_Contactable peer1 email4 peer2EMailAddress headOfDepartment
extractsInformation_Contactable peer1 email4 peer2EMailAddress peer1
extractsInformation_Contactable peer1 email4 peer2EMailAddress peer2
extractsInformation_Contactable peer1 email4 peer2EMailAddress peer3
extractsInformation_Contactable peer1 email4 peer2EMailAddress peer4
extractsInformation_Contactable peer1 email4 peer3EMailAddress headOfDepartment
extractsInformation_Contactable peer1 email4 peer3EMailAddress peer1
extractsInformation_Contactable peer1 email4 peer3EMailAddress peer2
extractsInformation_Contactable peer1 email4 peer3EMailAddress peer3
extractsInformation_Contactable peer1 email4 peer3EMailAddress peer4
extractsInformation_Contactable peer1 email4 peer4EMailAddress headOfDepartment
extractsInformation_Contactable peer1 email4 peer4EMailAddress peer1
extractsInformation_Contactable peer1 email4 peer4EMailAddress peer2
extractsInformation_Contactable peer1 email4 peer4EMailAddress peer3
extractsInformation_Contactable peer1 email4 peer4EMailAddress peer4
extractsInformation_Contactable peer1 email5 headOfDepartmentEMailAddress headOfDepartment
extractsInformation_Contactable peer1 email5 headOfDepartmentEMailAddress peer1
extractsInformation_Contactable peer1 email5 headOfDepartmentEMailAddress peer2
extractsInformation_Contactable peer1 email5 headOfDepartmentEMailAddress peer3
extractsInformation_Contactable peer1 email5 headOfDepartmentEMailAddress peer4
extractsInformation_Contactable peer1 email5 peer1EMailAddress headOfDepartment
extractsInformation_Contactable peer1 email5 peer1EMailAddress peer1
extractsInformation_Contactable peer1 email5 peer1EMailAddress peer2
extractsInformation_Contactable peer1 email5 peer1EMailAddress peer3
extractsInformation_Contactable peer1 email5 peer1EMailAddress peer4
extractsInformation_Contactable peer1 email5 peer2EMailAddress headOfDepartment
extractsInformation_Contactable peer1 email5 peer2EMailAddress peer1
extractsInformation_Contactable peer1 email5 peer2EMailAddress peer2
extractsInformation_Contactable peer1 email5 peer2EMailAddress peer3
extractsInformation_Contactable peer1 email5 peer2EMailAddress peer4
extractsInformation_Contactable peer1 email5 peer3EMailAddress headOfDepartment
extractsInformation_Contactable peer1 email5 peer3EMailAddress peer1
extractsInformation_Contactable peer1 email5 peer3EMailAddress peer2
extractsInformation_Contactable peer1 email5 peer3EMailAddress peer3
extractsInformation_Contactable peer1 email5 peer3EMailAddress peer4
extractsInformation_Contactable peer1 email5 peer4EMailAddress headOfDepartment
extractsInformation_Contactable peer1 email5 peer4EMailAddress peer1
extractsInformation_Contactable peer1 email5 peer4EMailAddress peer2
extractsInformation_Contactable peer1 email5 peer4EMailAddress peer3
extractsInformation_Contactable peer1 email5 peer4EMailAddress peer4
extractsInformation_Contactable peer2 email1 headOfDepartmentEMailAddress headOfDepartment
extractsInformation_Contactable peer2 email1 headOfDepartmentEMailAddress peer1
extractsInformation_Contactable peer2 email1 headOfDepartmentEMailAddress peer2
extractsInformation_Contactable peer2 email1 headOfDepartmentEMailAddress peer3
extractsInformation_Contactable peer2 email1 headOfDepartmentEMailAddress peer4
extractsInformation_Contactable peer2 email1 peer1EMailAddress headOfDepartment
extractsInformation_Contactable peer2 email1 peer1EMailAddress peer1
extractsInformation_Contactable peer2 email1 peer1EMailAddress peer2
extractsInformation_Contactable peer2 email1 peer1EMailAddress peer3
extractsInformation_Contactable peer2 email1 peer1EMailAddress peer4
extractsInformation_Contactable peer2 email1 peer2EMailAddress headOfDepartment
extractsInformation_Contactable peer2 email1 peer2EMailAddress peer1
extractsInformation_Contactable peer2 email1 peer2EMailAddress peer2
extractsInformation_Contactable peer2 email1 peer2EMailAddress peer3
extractsInformation_Contactable peer2 email1 peer2EMailAddress peer4
extractsInformation_Contactable peer2 email1 peer3EMailAddress headOfDepartment
extractsInformation_Contactable peer2 email1 peer3EMailAddress peer1
extractsInformation_Contactable peer2 email1 peer3EMailAddress peer2
extractsInformation_Contactable peer2 email1 peer3EMailAddress peer3
extractsInformation_Contactable peer2 email1 peer3EMailAddress peer4
extractsInformation_Contactable peer2 email1 peer4EMailAddress headOfDepartment
extractsInformation_Contactable peer2 email1 peer4EMailAddress peer1
extractsInformation_Contactable peer2 email1 peer4EMailAddress peer2
extractsInformation_Contactable peer2 email1 peer4EMailAddress peer3
extractsInformation_Contactable peer2 email1 peer4EMailAddress peer4
extractsInformation_Contactable peer2 email2 headOfDepartmentEMailAddress headOfDepartment
extractsInformation_Contactable peer2 email2 headOfDepartmentEMailAddress peer1
extractsInformation_Contactable peer2 email2 headOfDepartmentEMailAddress peer2
extractsInformation_Contactable peer2 email2 headOfDepartmentEMailAddress peer3
extractsInformation_Contactable peer2 email2 headOfDepartmentEMailAddress peer4
extractsInformation_Contactable peer2 email2 peer1EMailAddress headOfDepartment
extractsInformation_Contactable peer2 email2 peer1EMailAddress peer1
extractsInformation_Contactable peer2 email2 peer1EMailAddress peer2
extractsInformation_Contactable peer2 email2 peer1EMailAddress peer3
extractsInformation_Contactable peer2 email2 peer1EMailAddress peer4
extractsInformation_Contactable peer2 email2 peer2EMailAddress headOfDepartment
extractsInformation_Contactable peer2 email2 peer2EMailAddress peer1
extractsInformation_Contactable peer2 email2 peer2EMailAddress peer2
extractsInformation_Contactable peer2 email2 peer2EMailAddress peer3
extractsInformation_Contactable peer2 email2 peer2EMailAddress peer4
extractsInformation_Contactable peer2 email2 peer3EMailAddress headOfDepartment
extractsInformation_Contactable peer2 email2 peer3EMailAddress peer1
extractsInformation_Contactable peer2 email2 peer3EMailAddress peer2
extractsInformation_Contactable peer2 email2 peer3EMailAddress peer3
extractsInformation_Contactable peer2 email2 peer3EMailAddress peer4
extractsInformation_Contactable peer2 email2 peer4EMailAddress headOfDepartment
extractsInformation_Contactable peer2 email2 peer4EMailAddress peer1
extractsInformation_Contactable peer2 email2 peer4EMailAddress peer2
extractsInformation_Contactable peer2 email2 peer4EMailAddress peer3
extractsInformation_Contactable peer2 email2 peer4EMailAddress peer4
extractsInformation_Contactable peer2 email3 headOfDepartmentEMailAddress headOfDepartment
extractsInformation_Contactable peer2 email3 headOfDepartmentEMailAddress peer1
extractsInformation_Contactable peer2 email3 headOfDepartmentEMailAddress peer2
extractsInformation_Contactable peer2 email3 headOfDepartmentEMailAddress peer3
extractsInformation_Contactable peer2 email3 headOfDepartmentEMailAddress peer4
extractsInformation_Contactable peer2 email3 peer1EMailAddress headOfDepartment
extractsInformation_Contactable peer2 email3 peer1EMailAddress peer1
extractsInformation_Contactable peer2 email3 peer1EMailAddress peer2
extractsInformation_Contactable peer2 email3 peer1EMailAddress peer3
extractsInformation_Contactable peer2 email3 peer1EMailAddress peer4
extractsInformation_Contactable peer2 email3 peer2EMailAddress headOfDepartment
extractsInformation_Contactable peer2 email3 peer2EMailAddress peer1
extractsInformation_Contactable peer2 email3 peer2EMailAddress peer2
extractsInformation_Contactable peer2 email3 peer2EMailAddress peer3
extractsInformation_Contactable peer2 email3 peer2EMailAddress peer4
extractsInformation_Contactable peer2 email3 peer3EMailAddress headOfDepartment
extractsInformation_Contactable peer2 email3 peer3EMailAddress peer1
extractsInformation_Contactable peer2 email3 peer3EMailAddress peer2
extractsInformation_Contactable peer2 email3 peer3EMailAddress peer3
extractsInformation_Contactable peer2 email3 peer3EMailAddress peer4
extractsInformation_Contactable peer2 email3 peer4EMailAddress headOfDepartment
extractsInformation_Contactable peer2 email3 peer4EMailAddress peer1
extractsInformation_Contactable peer2 email3 peer4EMailAddress peer2
extractsInformation_Contactable peer2 email3 peer4EMailAddress peer3
extractsInformation_Contactable peer2 email3 peer4EMailAddress peer4
extractsInformation_Contactable peer2 email4 headOfDepartmentEMailAddress headOfDepartment
extractsInformation_Contactable peer2 email4 headOfDepartmentEMailAddress peer1
extractsInformation_Contactable peer2 email4 headOfDepartmentEMailAddress peer2
extractsInformation_Contactable peer2 email4 headOfDepartmentEMailAddress peer3
extractsInformation_Contactable peer2 email4 headOfDepartmentEMailAddress peer4
extractsInformation_Contactable peer2 email4 peer1EMailAddress headOfDepartment
extractsInformation_Contactable peer2 email4 peer1EMailAddress peer1
extractsInformation_Contactable peer2 email4 peer1EMailAddress peer2
extractsInformation_Contactable peer2 email4 peer1EMailAddress peer3
extractsInformation_Contactable peer2 email4 peer1EMailAddress peer4
extractsInformation_Contactable peer2 email4 peer2EMailAddress headOfDepartment
extractsInformation_Contactable peer2 email4 peer2EMailAddress peer1
extractsInformation_Contactable peer2 email4 peer2EMailAddress peer2
extractsInformation_Contactable peer2 email4 peer2EMailAddress peer3
extractsInformation_Contactable peer2 email4 peer2EMailAddress peer4
extractsInformation_Contactable peer2 email4 peer3EMailAddress headOfDepartment
extractsInformation_Contactable peer2 email4 peer3EMailAddress peer1
extractsInformation_Contactable peer2 email4 peer3EMailAddress peer2
extractsInformation_Contactable peer2 email4 peer3EMailAddress peer3
extractsInformation_Contactable peer2 email4 peer3EMailAddress peer4
extractsInformation_Contactable peer2 email4 peer4EMailAddress headOfDepartment
extractsInformation_Contactable peer2 email4 peer4EMailAddress peer1
extractsInformation_Contactable peer2 email4 peer4EMailAddress peer2
extractsInformation_Contactable peer2 email4 peer4EMailAddress peer3
extractsInformation_Contactable peer2 email4 peer4EMailAddress peer4
extractsInformation_Contactable peer2 email5 headOfDepartmentEMailAddress headOfDepartment
extractsInformation_Contactable peer2 email5 headOfDepartmentEMailAddress peer1
extractsInformation_Contactable peer2 email5 headOfDepartmentEMailAddress peer2
extractsInformation_Contactable peer2 email5 headOfDepartmentEMailAddress peer3
extractsInformation_Contactable peer2 email5 headOfDepartmentEMailAddress peer4
extractsInformation_Contactable peer2 email5 peer1EMailAddress headOfDepartment
extractsInformation_Contactable peer2 email5 peer1EMailAddress peer1
extractsInformation_Contactable peer2 email5 peer1EMailAddress peer2
extractsInformation_Contactable peer2 email5 peer1EMailAddress peer3
extractsInformation_Contactable peer2 email5 peer1EMailAddress peer4
extractsInformation_Contactable peer2 email5 peer2EMailAddress headOfDepartment
extractsInformation_Contactable peer2 email5 peer2EMailAddress peer1
extractsInformation_Contactable peer2 email5 peer2EMailAddress peer2
extractsInformation_Contactable peer2 email5 peer2EMailAddress peer3
extractsInformation_Contactable peer2 email5 peer2EMailAddress peer4
extractsInformation_Contactable peer2 email5 peer3EMailAddress headOfDepartment
extractsInformation_Contactable peer2 email5 peer3EMailAddress peer1
extractsInformation_Contactable peer2 email5 peer3EMailAddress peer2
extractsInformation_Contactable peer2 email5 peer3EMailAddress peer3
extractsInformation_Contactable peer2 email5 peer3EMailAddress peer4
extractsInformation_Contactable peer2 email5 peer4EMailAddress headOfDepartment
extractsInformation_Contactable peer2 email5 peer4EMailAddress peer1
extractsInformation_Contactable peer2 email5 peer4EMailAddress peer2
extractsInformation_Contactable peer2 email5 peer4EMailAddress peer3
extractsInformation_Contactable peer2 email5 peer4EMailAddress peer4
extractsInformation_Contactable peer3 email1 headOfDepartmentEMailAddress headOfDepartment
extractsInformation_Contactable peer3 email1 headOfDepartmentEMailAddress peer1
extractsInformation_Contactable peer3 email1 headOfDepartmentEMailAddress peer2
extractsInformation_Contactable peer3 email1 headOfDepartmentEMailAddress peer3
extractsInformation_Contactable peer3 email1 headOfDepartmentEMailAddress peer4
extractsInformation_Contactable peer3 email1 peer1EMailAddress headOfDepartment
extractsInformation_Contactable peer3 email1 peer1EMailAddress peer1
extractsInformation_Contactable peer3 email1 peer1EMailAddress peer2
extractsInformation_Contactable peer3 email1 peer1EMailAddress peer3
extractsInformation_Contactable peer3 email1 peer1EMailAddress peer4
extractsInformation_Contactable peer3 email1 peer2EMailAddress headOfDepartment
extractsInformation_Contactable peer3 email1 peer2EMailAddress peer1
extractsInformation_Contactable peer3 email1 peer2EMailAddress peer2
extractsInformation_Contactable peer3 email1 peer2EMailAddress peer3
extractsInformation_Contactable peer3 email1 peer2EMailAddress peer4
extractsInformation_Contactable peer3 email1 peer3EMailAddress headOfDepartment
extractsInformation_Contactable peer3 email1 peer3EMailAddress peer1
extractsInformation_Contactable peer3 email1 peer3EMailAddress peer2
extractsInformation_Contactable peer3 email1 peer3EMailAddress peer3
extractsInformation_Contactable peer3 email1 peer3EMailAddress peer4
extractsInformation_Contactable peer3 email1 peer4EMailAddress headOfDepartment
extractsInformation_Contactable peer3 email1 peer4EMailAddress peer1
extractsInformation_Contactable peer3 email1 peer4EMailAddress peer2
extractsInformation_Contactable peer3 email1 peer4EMailAddress peer3
extractsInformation_Contactable peer3 email1 peer4EMailAddress peer4
extractsInformation_Contactable peer3 email2 headOfDepartmentEMailAddress headOfDepartment
extractsInformation_Contactable peer3 email2 headOfDepartmentEMailAddress peer1
extractsInformation_Contactable peer3 email2 headOfDepartmentEMailAddress peer2
extractsInformation_Contactable peer3 email2 headOfDepartmentEMailAddress peer3
extractsInformation_Contactable peer3 email2 headOfDepartmentEMailAddress peer4
extractsInformation_Contactable peer3 email2 peer1EMailAddress headOfDepartment
extractsInformation_Contactable peer3 email2 peer1EMailAddress peer1
extractsInformation_Contactable peer3 email2 peer1EMailAddress peer2
extractsInformation_Contactable peer3 email2 peer1EMailAddress peer3
extractsInformation_Contactable peer3 email2 peer1EMailAddress peer4
extractsInformation_Contactable peer3 email2 peer2EMailAddress headOfDepartment
extractsInformation_Contactable peer3 email2 peer2EMailAddress peer1
extractsInformation_Contactable peer3 email2 peer2EMailAddress peer2
extractsInformation_Contactable peer3 email2 peer2EMailAddress peer3
extractsInformation_Contactable peer3 email2 peer2EMailAddress peer4
extractsInformation_Contactable peer3 email2 peer3EMailAddress headOfDepartment
extractsInformation_Contactable peer3 email2 peer3EMailAddress peer1
extractsInformation_Contactable peer3 email2 peer3EMailAddress peer2
extractsInformation_Contactable peer3 email2 peer3EMailAddress peer3
extractsInformation_Contactable peer3 email2 peer3EMailAddress peer4
extractsInformation_Contactable peer3 email2 peer4EMailAddress headOfDepartment
extractsInformation_Contactable peer3 email2 peer4EMailAddress peer1
extractsInformation_Contactable peer3 email2 peer4EMailAddress peer2
extractsInformation_Contactable peer3 email2 peer4EMailAddress peer3
extractsInformation_Contactable peer3 email2 peer4EMailAddress peer4
extractsInformation_Contactable peer3 email3 headOfDepartmentEMailAddress headOfDepartment
extractsInformation_Contactable peer3 email3 headOfDepartmentEMailAddress peer1
extractsInformation_Contactable peer3 email3 headOfDepartmentEMailAddress peer2
extractsInformation_Contactable peer3 email3 headOfDepartmentEMailAddress peer3
extractsInformation_Contactable peer3 email3 headOfDepartmentEMailAddress peer4
extractsInformation_Contactable peer3 email3 peer1EMailAddress headOfDepartment
extractsInformation_Contactable peer3 email3 peer1EMailAddress peer1
extractsInformation_Contactable peer3 email3 peer1EMailAddress peer2
extractsInformation_Contactable peer3 email3 peer1EMailAddress peer3
extractsInformation_Contactable peer3 email3 peer1EMailAddress peer4
extractsInformation_Contactable peer3 email3 peer2EMailAddress headOfDepartment
extractsInformation_Contactable peer3 email3 peer2EMailAddress peer1
extractsInformation_Contactable peer3 email3 peer2EMailAddress peer2
extractsInformation_Contactable peer3 email3 peer2EMailAddress peer3
extractsInformation_Contactable peer3 email3 peer2EMailAddress peer4
extractsInformation_Contactable peer3 email3 peer3EMailAddress headOfDepartment
extractsInformation_Contactable peer3 email3 peer3EMailAddress peer1
extractsInformation_Contactable peer3 email3 peer3EMailAddress peer2
extractsInformation_Contactable peer3 email3 peer3EMailAddress peer3
extractsInformation_Contactable peer3 email3 peer3EMailAddress peer4
extractsInformation_Contactable peer3 email3 peer4EMailAddress headOfDepartment
extractsInformation_Contactable peer3 email3 peer4EMailAddress peer1
extractsInformation_Contactable peer3 email3 peer4EMailAddress peer2
extractsInformation_Contactable peer3 email3 peer4EMailAddress peer3
extractsInformation_Contactable peer3 email3 peer4EMailAddress peer4
extractsInformation_Contactable peer3 email4 headOfDepartmentEMailAddress headOfDepartment
extractsInformation_Contactable peer3 email4 headOfDepartmentEMailAddress peer1
extractsInformation_Contactable peer3 email4 headOfDepartmentEMailAddress peer2
extractsInformation_Contactable peer3 email4 headOfDepartmentEMailAddress peer3
extractsInformation_Contactable peer3 email4 headOfDepartmentEMailAddress peer4
extractsInformation_Contactable peer3 email4 peer1EMailAddress headOfDepartment
extractsInformation_Contactable peer3 email4 peer1EMailAddress peer1
extractsInformation_Contactable peer3 email4 peer1EMailAddress peer2
extractsInformation_Contactable peer3 email4 peer1EMailAddress peer3
extractsInformation_Contactable peer3 email4 peer1EMailAddress peer4
extractsInformation_Contactable peer3 email4 peer2EMailAddress headOfDepartment
extractsInformation_Contactable peer3 email4 peer2EMailAddress peer1
extractsInformation_Contactable peer3 email4 peer2EMailAddress peer2
extractsInformation_Contactable peer3 email4 peer2EMailAddress peer3
extractsInformation_Contactable peer3 email4 peer2EMailAddress peer4
extractsInformation_Contactable peer3 email4 peer3EMailAddress headOfDepartment
extractsInformation_Contactable peer3 email4 peer3EMailAddress peer1
extractsInformation_Contactable peer3 email4 peer3EMailAddress peer2
extractsInformation_Contactable peer3 email4 peer3EMailAddress peer3
extractsInformation_Contactable peer3 email4 peer3EMailAddress peer4
extractsInformation_Contactable peer3 email4 peer4EMailAddress headOfDepartment
extractsInformation_Contactable peer3 email4 peer4EMailAddress peer1
extractsInformation_Contactable peer3 email4 peer4EMailAddress peer2
extractsInformation_Contactable peer3 email4 peer4EMailAddress peer3
extractsInformation_Contactable peer3 email4 peer4EMailAddress peer4
extractsInformation_Contactable peer3 email5 headOfDepartmentEMailAddress headOfDepartment
extractsInformation_Contactable peer3 email5 headOfDepartmentEMailAddress peer1
extractsInformation_Contactable peer3 email5 headOfDepartmentEMailAddress peer2
extractsInformation_Contactable peer3 email5 headOfDepartmentEMailAddress peer3
extractsInformation_Contactable peer3 email5 headOfDepartmentEMailAddress peer4
extractsInformation_Contactable peer3 email5 peer1EMailAddress headOfDepartment
extractsInformation_Contactable peer3 email5 peer1EMailAddress peer1
extractsInformation_Contactable peer3 email5 peer1EMailAddress peer2
extractsInformation_Contactable peer3 email5 peer1EMailAddress peer3
extractsInformation_Contactable peer3 email5 peer1EMailAddress peer4
extractsInformation_Contactable peer3 email5 peer2EMailAddress headOfDepartment
extractsInformation_Contactable peer3 email5 peer2EMailAddress peer1
extractsInformation_Contactable peer3 email5 peer2EMailAddress peer2
extractsInformation_Contactable peer3 email5 peer2EMailAddress peer3
extractsInformation_Contactable peer3 email5 peer2EMailAddress peer4
extractsInformation_Contactable peer3 email5 peer3EMailAddress headOfDepartment
extractsInformation_Contactable peer3 email5 peer3EMailAddress peer1
extractsInformation_Contactable peer3 email5 peer3EMailAddress peer2
extractsInformation_Contactable peer3 email5 peer3EMailAddress peer3
extractsInformation_Contactable peer3 email5 peer3EMailAddress peer4
extractsInformation_Contactable peer3 email5 peer4EMailAddress headOfDepartment
extractsInformation_Contactable peer3 email5 peer4EMailAddress peer1
extractsInformation_Contactable peer3 email5 peer4EMailAddress peer2
extractsInformation_Contactable peer3 email5 peer4EMailAddress peer3
extractsInformation_Contactable peer3 email5 peer4EMailAddress peer4
extractsInformation_Contactable peer4 email1 headOfDepartmentEMailAddress headOfDepartment
extractsInformation_Contactable peer4 email1 headOfDepartmentEMailAddress peer1
extractsInformation_Contactable peer4 email1 headOfDepartmentEMailAddress peer2
extractsInformation_Contactable peer4 email1 headOfDepartmentEMailAddress peer3
extractsInformation_Contactable peer4 email1 headOfDepartmentEMailAddress peer4
extractsInformation_Contactable peer4 email1 peer1EMailAddress headOfDepartment
extractsInformation_Contactable peer4 email1 peer1EMailAddress peer1
extractsInformation_Contactable peer4 email1 peer1EMailAddress peer2
extractsInformation_Contactable peer4 email1 peer1EMailAddress peer3
extractsInformation_Contactable peer4 email1 peer1EMailAddress peer4
extractsInformation_Contactable peer4 email1 peer2EMailAddress headOfDepartment
extractsInformation_Contactable peer4 email1 peer2EMailAddress peer1
extractsInformation_Contactable peer4 email1 peer2EMailAddress peer2
extractsInformation_Contactable peer4 email1 peer2EMailAddress peer3
extractsInformation_Contactable peer4 email1 peer2EMailAddress peer4
extractsInformation_Contactable peer4 email1 peer3EMailAddress headOfDepartment
extractsInformation_Contactable peer4 email1 peer3EMailAddress peer1
extractsInformation_Contactable peer4 email1 peer3EMailAddress peer2
extractsInformation_Contactable peer4 email1 peer3EMailAddress peer3
extractsInformation_Contactable peer4 email1 peer3EMailAddress peer4
extractsInformation_Contactable peer4 email1 peer4EMailAddress headOfDepartment
extractsInformation_Contactable peer4 email1 peer4EMailAddress peer1
extractsInformation_Contactable peer4 email1 peer4EMailAddress peer2
extractsInformation_Contactable peer4 email1 peer4EMailAddress peer3
extractsInformation_Contactable peer4 email1 peer4EMailAddress peer4
extractsInformation_Contactable peer4 email2 headOfDepartmentEMailAddress headOfDepartment
extractsInformation_Contactable peer4 email2 headOfDepartmentEMailAddress peer1
extractsInformation_Contactable peer4 email2 headOfDepartmentEMailAddress peer2
extractsInformation_Contactable peer4 email2 headOfDepartmentEMailAddress peer3
extractsInformation_Contactable peer4 email2 headOfDepartmentEMailAddress peer4
extractsInformation_Contactable peer4 email2 peer1EMailAddress headOfDepartment
extractsInformation_Contactable peer4 email2 peer1EMailAddress peer1
extractsInformation_Contactable peer4 email2 peer1EMailAddress peer2
extractsInformation_Contactable peer4 email2 peer1EMailAddress peer3
extractsInformation_Contactable peer4 email2 peer1EMailAddress peer4
extractsInformation_Contactable peer4 email2 peer2EMailAddress headOfDepartment
extractsInformation_Contactable peer4 email2 peer2EMailAddress peer1
extractsInformation_Contactable peer4 email2 peer2EMailAddress peer2
extractsInformation_Contactable peer4 email2 peer2EMailAddress peer3
extractsInformation_Contactable peer4 email2 peer2EMailAddress peer4
extractsInformation_Contactable peer4 email2 peer3EMailAddress headOfDepartment
extractsInformation_Contactable peer4 email2 peer3EMailAddress peer1
extractsInformation_Contactable peer4 email2 peer3EMailAddress peer2
extractsInformation_Contactable peer4 email2 peer3EMailAddress peer3
extractsInformation_Contactable peer4 email2 peer3EMailAddress peer4
extractsInformation_Contactable peer4 email2 peer4EMailAddress headOfDepartment
extractsInformation_Contactable peer4 email2 peer4EMailAddress peer1
extractsInformation_Contactable peer4 email2 peer4EMailAddress peer2
extractsInformation_Contactable peer4 email2 peer4EMailAddress peer3
extractsInformation_Contactable peer4 email2 peer4EMailAddress peer4
extractsInformation_Contactable peer4 email3 headOfDepartmentEMailAddress headOfDepartment
extractsInformation_Contactable peer4 email3 headOfDepartmentEMailAddress peer1
extractsInformation_Contactable peer4 email3 headOfDepartmentEMailAddress peer2
extractsInformation_Contactable peer4 email3 headOfDepartmentEMailAddress peer3
extractsInformation_Contactable peer4 email3 headOfDepartmentEMailAddress peer4
extractsInformation_Contactable peer4 email3 peer1EMailAddress headOfDepartment
extractsInformation_Contactable peer4 email3 peer1EMailAddress peer1
extractsInformation_Contactable peer4 email3 peer1EMailAddress peer2
extractsInformation_Contactable peer4 email3 peer1EMailAddress peer3
extractsInformation_Contactable peer4 email3 peer1EMailAddress peer4
extractsInformation_Contactable peer4 email3 peer2EMailAddress headOfDepartment
extractsInformation_Contactable peer4 email3 peer2EMailAddress peer1
extractsInformation_Contactable peer4 email3 peer2EMailAddress peer2
extractsInformation_Contactable peer4 email3 peer2EMailAddress peer3
extractsInformation_Contactable peer4 email3 peer2EMailAddress peer4
extractsInformation_Contactable peer4 email3 peer3EMailAddress headOfDepartment
extractsInformation_Contactable peer4 email3 peer3EMailAddress peer1
extractsInformation_Contactable peer4 email3 peer3EMailAddress peer2
extractsInformation_Contactable peer4 email3 peer3EMailAddress peer3
extractsInformation_Contactable peer4 email3 peer3EMailAddress peer4
extractsInformation_Contactable peer4 email3 peer4EMailAddress headOfDepartment
extractsInformation_Contactable peer4 email3 peer4EMailAddress peer1
extractsInformation_Contactable peer4 email3 peer4EMailAddress peer2
extractsInformation_Contactable peer4 email3 peer4EMailAddress peer3
extractsInformation_Contactable peer4 email3 peer4EMailAddress peer4
extractsInformation_Contactable peer4 email4 headOfDepartmentEMailAddress headOfDepartment
extractsInformation_Contactable peer4 email4 headOfDepartmentEMailAddress peer1
extractsInformation_Contactable peer4 email4 headOfDepartmentEMailAddress peer2
extractsInformation_Contactable peer4 email4 headOfDepartmentEMailAddress peer3
extractsInformation_Contactable peer4 email4 headOfDepartmentEMailAddress peer4
extractsInformation_Contactable peer4 email4 peer1EMailAddress headOfDepartment
extractsInformation_Contactable peer4 email4 peer1EMailAddress peer1
extractsInformation_Contactable peer4 email4 peer1EMailAddress peer2
extractsInformation_Contactable peer4 email4 peer1EMailAddress peer3
extractsInformation_Contactable peer4 email4 peer1EMailAddress peer4
extractsInformation_Contactable peer4 email4 peer2EMailAddress headOfDepartment
extractsInformation_Contactable peer4 email4 peer2EMailAddress peer1
extractsInformation_Contactable peer4 email4 peer2EMailAddress peer2
extractsInformation_Contactable peer4 email4 peer2EMailAddress peer3
extractsInformation_Contactable peer4 email4 peer2EMailAddress peer4
extractsInformation_Contactable peer4 email4 peer3EMailAddress headOfDepartment
extractsInformation_Contactable peer4 email4 peer3EMailAddress peer1
extractsInformation_Contactable peer4 email4 peer3EMailAddress peer2
extractsInformation_Contactable peer4 email4 peer3EMailAddress peer3
extractsInformation_Contactable peer4 email4 peer3EMailAddress peer4
extractsInformation_Contactable peer4 email4 peer4EMailAddress headOfDepartment
extractsInformation_Contactable peer4 email4 peer4EMailAddress peer1
extractsInformation_Contactable peer4 email4 peer4EMailAddress peer2
extractsInformation_Contactable peer4 email4 peer4EMailAddress peer3
extractsInformation_Contactable peer4 email4 peer4EMailAddress peer4
extractsInformation_Contactable peer4 email5 headOfDepartmentEMailAddress headOfDepartment
extractsInformation_Contactable peer4 email5 headOfDepartmentEMailAddress peer1
extractsInformation_Contactable peer4 email5 headOfDepartmentEMailAddress peer2
extractsInformation_Contactable peer4 email5 headOfDepartmentEMailAddress peer3
extractsInformation_Contactable peer4 email5 headOfDepartmentEMailAddress peer4
extractsInformation_Contactable peer4 email5 peer1EMailAddress headOfDepartment
extractsInformation_Contactable peer4 email5 peer1EMailAddress peer1
extractsInformation_Contactable peer4 email5 peer1EMailAddress peer2
extractsInformation_Contactable peer4 email5 peer1EMailAddress peer3
extractsInformation_Contactable peer4 email5 peer1EMailAddress peer4
extractsInformation_Contactable peer4 email5 peer2EMailAddress headOfDepartment
extractsInformation_Contactable peer4 email5 peer2EMailAddress peer1
extractsInformation_Contactable peer4 email5 peer2EMailAddress peer2
extractsInformation_Contactable peer4 email5 peer2EMailAddress peer3
extractsInformation_Contactable peer4 email5 peer2EMailAddress peer4
extractsInformation_Contactable peer4 email5 peer3EMailAddress headOfDepartment
extractsInformation_Contactable peer4 email5 peer3EMailAddress peer1
extractsInformation_Contactable peer4 email5 peer3EMailAddress peer2
extractsInformation_Contactable peer4 email5 peer3EMailAddress peer3
extractsInformation_Contactable peer4 email5 peer3EMailAddress peer4
extractsInformation_Contactable peer4 email5 peer4EMailAddress headOfDepartment
extractsInformation_Contactable peer4 email5 peer4EMailAddress peer1
extractsInformation_Contactable peer4 email5 peer4EMailAddress peer2
extractsInformation_Contactable peer4 email5 peer4EMailAddress peer3
extractsInformation_Contactable peer4 email5 peer4EMailAddress peer4
extractsInformation_Regular headOfDepartment email1 agenda
extractsInformation_Regular headOfDepartment email1 dateForMeeting
extractsInformation_Regular headOfDepartment email1 headOfDepartmentPicture
extractsInformation_Regular headOfDepartment email1 peer1Picture
extractsInformation_Regular headOfDepartment email1 room101
extractsInformation_Regular headOfDepartment email2 agenda
extractsInformation_Regular headOfDepartment email2 dateForMeeting
extractsInformation_Regular headOfDepartment email2 headOfDepartmentPicture
extractsInformation_Regular headOfDepartment email2 peer1Picture
extractsInformation_Regular headOfDepartment email2 room101
extractsInformation_Regular headOfDepartment email3 agenda
extractsInformation_Regular headOfDepartment email3 dateForMeeting
extractsInformation_Regular headOfDepartment email3 headOfDepartmentPicture
extractsInformation_Regular headOfDepartment email3 peer1Picture
extractsInformation_Regular headOfDepartment email3 room101
extractsInformation_Regular headOfDepartment email4 agenda
extractsInformation_Regular headOfDepartment email4 dateForMeeting
extractsInformation_Regular headOfDepartment email4 headOfDepartmentPicture
extractsInformation_Regular headOfDepartment email4 peer1Picture
extractsInformation_Regular headOfDepartment email4 room101
extractsInformation_Regular headOfDepartment email5 agenda
extractsInformation_Regular headOfDepartment email5 dateForMeeting
extractsInformation_Regular headOfDepartment email5 headOfDepartmentPicture
extractsInformation_Regular headOfDepartment email5 peer1Picture
extractsInformation_Regular headOfDepartment email5 room101
extractsInformation_Regular peer1 email1 agenda
extractsInformation_Regular peer1 email1 dateForMeeting
extractsInformation_Regular peer1 email1 headOfDepartmentPicture
extractsInformation_Regular peer1 email1 peer1Picture
extractsInformation_Regular peer1 email1 room101
extractsInformation_Regular peer1 email2 agenda
extractsInformation_Regular peer1 email2 dateForMeeting
extractsInformation_Regular peer1 email2 headOfDepartmentPicture
extractsInformation_Regular peer1 email2 peer1Picture
extractsInformation_Regular peer1 email2 room101
extractsInformation_Regular peer1 email3 agenda
extractsInformation_Regular peer1 email3 dateForMeeting
extractsInformation_Regular peer1 email3 headOfDepartmentPicture
extractsInformation_Regular peer1 email3 peer1Picture
extractsInformation_Regular peer1 email3 room101
extractsInformation_Regular peer1 email4 agenda
extractsInformation_Regular peer1 email4 dateForMeeting
extractsInformation_Regular peer1 email4 headOfDepartmentPicture
extractsInformation_Regular peer1 email4 peer1Picture
extractsInformation_Regular peer1 email4 room101
extractsInformation_Regular peer1 email5 agenda
extractsInformation_Regular peer1 email5 dateForMeeting
extractsInformation_Regular peer1 email5 headOfDepartmentPicture
extractsInformation_Regular peer1 email5 peer1Picture
extractsInformation_Regular peer1 email5 room101
extractsInformation_Regular peer2 email1 agenda
extractsInformation_Regular peer2 email1 dateForMeeting
extractsInformation_Regular peer2 email1 headOfDepartmentPicture
extractsInformation_Regular peer2 email1 peer1Picture
extractsInformation_Regular peer2 email1 room101
extractsInformation_Regular peer2 email2 agenda
extractsInformation_Regular peer2 email2 dateForMeeting
extractsInformation_Regular peer2 email2 headOfDepartmentPicture
extractsInformation_Regular peer2 email2 peer1Picture
extractsInformation_Regular peer2 email2 room101
extractsInformation_Regular peer2 email3 agenda
extractsInformation_Regular peer2 email3 dateForMeeting
extractsInformation_Regular peer2 email3 headOfDepartmentPicture
extractsInformation_Regular peer2 email3 peer1Picture
extractsInformation_Regular peer2 email3 room101
extractsInformation_Regular peer2 email4 agenda
extractsInformation_Regular peer2 email4 dateForMeeting
extractsInformation_Regular peer2 email4 headOfDepartmentPicture
extractsInformation_Regular peer2 email4 peer1Picture
extractsInformation_Regular peer2 email4 room101
extractsInformation_Regular peer2 email5 agenda
extractsInformation_Regular peer2 email5 dateForMeeting
extractsInformation_Regular peer2 email5 headOfDepartmentPicture
extractsInformation_Regular peer2 email5 peer1Picture
extractsInformation_Regular peer2 email5 room101
extractsInformation_Regular peer3 email1 agenda
extractsInformation_Regular peer3 email1 dateForMeeting
extractsInformation_Regular peer3 email1 headOfDepartmentPicture
extractsInformation_Regular peer3 email1 peer1Picture
extractsInformation_Regular peer3 email1 room101
extractsInformation_Regular peer3 email2 agenda
extractsInformation_Regular peer3 email2 dateForMeeting
extractsInformation_Regular peer3 email2 headOfDepartmentPicture
extractsInformation_Regular peer3 email2 peer1Picture
extractsInformation_Regular peer3 email2 room101
extractsInformation_Regular peer3 email3 agenda
extractsInformation_Regular peer3 email3 dateForMeeting
extractsInformation_Regular peer3 email3 headOfDepartmentPicture
extractsInformation_Regular peer3 email3 peer1Picture
extractsInformation_Regular peer3 email3 room101
extractsInformation_Regular peer3 email4 agenda
extractsInformation_Regular peer3 email4 dateForMeeting
extractsInformation_Regular peer3 email4 headOfDepartmentPicture
extractsInformation_Regular peer3 email4 peer1Picture
extractsInformation_Regular peer3 email4 room101
extractsInformation_Regular peer3 email5 agenda
extractsInformation_Regular peer3 email5 dateForMeeting
extractsInformation_Regular peer3 email5 headOfDepartmentPicture
extractsInformation_Regular peer3 email5 peer1Picture
extractsInformation_Regular peer3 email5 room101
extractsInformation_Regular peer4 email1 agenda
extractsInformation_Regular peer4 email1 dateForMeeting
extractsInformation_Regular peer4 email1 headOfDepartmentPicture
extractsInformation_Regular peer4 email1 peer1Picture
extractsInformation_Regular peer4 email1 room101
extractsInformation_Regular peer4 email2 agenda
extractsInformation_Regular peer4 email2 dateForMeeting
extractsInformation_Regular peer4 email2 headOfDepartmentPicture
extractsInformation_Regular peer4 email2 peer1Picture
extractsInformation_Regular peer4 email2 room101
extractsInformation_Regular peer4 email3 agenda
extractsInformation_Regular peer4 email3 dateForMeeting
extractsInformation_Regular peer4 email3 headOfDepartmentPicture
extractsInformation_Regular peer4 email3 peer1Picture
extractsInformation_Regular peer4 email3 room101
extractsInformation_Regular peer4 email4 agenda
extractsInformation_Regular peer4 email4 dateForMeeting
extractsInformation_Regular peer4 email4 headOfDepartmentPicture
extractsInformation_Regular peer4 email4 peer1Picture
extractsInformation_Regular peer4 email4 room101
extractsInformation_Regular peer4 email5 agenda
extractsInformation_Regular peer4 email5 dateForMeeting
extractsInformation_Regular peer4 email5 headOfDepartmentPicture
extractsInformation_Regular peer4 email5 peer1Picture
extractsInformation_Regular peer4 email5 room101
press_Calendar_Menu 
press_Calendar_Menu_NewAppointment appointmentForMeeting
press_Calendar_NewAppointment_OK appointmentForMeeting dateForMeeting
press_EMail_NewEMail account1
press_EMail_NewEMail_Send headOfDepartment email1
press_EMail_NewEMail_Send headOfDepartment email2
press_EMail_NewEMail_Send headOfDepartment email3
press_EMail_NewEMail_Send headOfDepartment email4
press_EMail_NewEMail_Send headOfDepartment email5
press_EMail_NewEMail_Send peer1 email1
press_EMail_NewEMail_Send peer1 email2
press_EMail_NewEMail_Send peer1 email3
press_EMail_NewEMail_Send peer1 email4
press_EMail_NewEMail_Send peer1 email5
press_EMail_NewEMail_Send peer2 email1
press_EMail_NewEMail_Send peer2 email2
press_EMail_NewEMail_Send peer2 email3
press_EMail_NewEMail_Send peer2 email4
press_EMail_NewEMail_Send peer2 email5
press_EMail_NewEMail_Send peer3 email1
press_EMail_NewEMail_Send peer3 email2
press_EMail_NewEMail_Send peer3 email3
press_EMail_NewEMail_Send peer3 email4
press_EMail_NewEMail_Send peer3 email5
press_EMail_NewEMail_Send peer4 email1
press_EMail_NewEMail_Send peer4 email2
press_EMail_NewEMail_Send peer4 email3
press_EMail_NewEMail_Send peer4 email4
press_EMail_NewEMail_Send peer4 email5
press_Home_Calendar 
press_Home_Default 
press_Home_EMail 
press_Home_Programs 
press_Programs_Tasks 
press_Tasks_Menu 
press_Tasks_Menu_NewTask taskCreateHandout
press_Tasks_NewTask_OK taskCreateHandout
select_EMail_EMailAccount_NoOp account1
set_Appointment_Location appointmentForMeeting room101
set_Appointment_Name appointmentForMeeting
set_Appointment_Reminder appointmentForMeeting
set_Appointment_Time appointmentForMeeting dateForMeeting
set_Task_Name taskCreateHandout
set_Task_Name_Light taskCreateHandout
set_Task_Reminder taskCreateHandout
set_Task_Time taskCreateHandout dateForMeeting
+associated_Contact contact1 headOfDepartment
+associated_Contact contact2 peer1
+associated_Contact contact3 peer2
+associated_Contact contact4 peer3
+associated_Contact contact5 peer4
+associated_Picture contact1 headOfDepartmentPicture
+associated_Picture contact2 peer1Picture
+attached email1 agenda
+attached email1 dateForMeeting
+attached email1 headOfDepartmentEMailAddress
+attached email1 headOfDepartmentPicture
+attached email1 peer1EMailAddress
+attached email1 peer1Picture
+attached email1 peer2EMailAddress
+attached email1 peer3EMailAddress
+attached email1 peer4EMailAddress
+attached email1 room101
+attached email2 agenda
+attached email2 dateForMeeting
+attached email2 headOfDepartmentEMailAddress
+attached email2 headOfDepartmentPicture
+attached email2 peer1EMailAddress
+attached email2 peer1Picture
+attached email2 peer2EMailAddress
+attached email2 peer3EMailAddress
+attached email2 peer4EMailAddress
+attached email2 room101
+attached email3 agenda
+attached email3 dateForMeeting
+attached email3 headOfDepartmentEMailAddress
+attached email3 headOfDepartmentPicture
+attached email3 peer1EMailAddress
+attached email3 peer1Picture
+attached email3 peer2EMailAddress
+attached email3 peer3EMailAddress
+attached email3 peer4EMailAddress
+attached email3 room101
+attached email4 agenda
+attached email4 dateForMeeting
+attached email4 headOfDepartmentEMailAddress
+attached email4 headOfDepartmentPicture
+attached email4 peer1EMailAddress
+attached email4 peer1Picture
+attached email4 peer2EMailAddress
+attached email4 peer3EMailAddress
+attached email4 peer4EMailAddress
+attached email4 room101
+attached email5 agenda
+attached email5 dateForMeeting
+attached email5 headOfDepartmentEMailAddress
+attached email5 headOfDepartmentPicture
+attached email5 peer1EMailAddress
+attached email5 peer1Picture
+attached email5 peer2EMailAddress
+attached email5 peer3EMailAddress
+attached email5 peer4EMailAddress
+attached email5 room101
+created appointmentForMeeting
+created contact1
+created contact2
+created contact3
+created contact4
+created contact5
+created taskCreateHandout
+entered_EMail headOfDepartment
+entered_EMail peer1
+entered_EMail peer2
+entered_EMail peer3
+entered_EMail peer4
+hasInformation_Regular headOfDepartment agenda
+hasInformation_Regular headOfDepartment dateForMeeting
+hasInformation_Regular headOfDepartment headOfDepartmentPicture
+hasInformation_Regular headOfDepartment peer1Picture
+hasInformation_Regular headOfDepartment room101
+hasInformation_Regular peer1 agenda
+hasInformation_Regular peer1 dateForMeeting
+hasInformation_Regular peer1 headOfDepartmentPicture
+hasInformation_Regular peer1 peer1Picture
+hasInformation_Regular peer1 room101
+hasInformation_Regular peer2 agenda
+hasInformation_Regular peer2 dateForMeeting
+hasInformation_Regular peer2 headOfDepartmentPicture
+hasInformation_Regular peer2 peer1Picture
+hasInformation_Regular peer2 room101
+hasInformation_Regular peer3 agenda
+hasInformation_Regular peer3 dateForMeeting
+hasInformation_Regular peer3 headOfDepartmentPicture
+hasInformation_Regular peer3 peer1Picture
+hasInformation_Regular peer3 room101
+hasInformation_Regular peer4 agenda
+hasInformation_Regular peer4 dateForMeeting
+hasInformation_Regular peer4 headOfDepartmentPicture
+hasInformation_Regular peer4 peer1Picture
+hasInformation_Regular peer4 room101
+hasReceived headOfDepartment email1
+hasReceived headOfDepartment email2
+hasReceived headOfDepartment email3
+hasReceived headOfDepartment email4
+hasReceived headOfDepartment email5
+hasReceived peer1 email1
+hasReceived peer1 email2
+hasReceived peer1 email3
+hasReceived peer1 email4
+hasReceived peer1 email5
+hasReceived peer2 email1
+hasReceived peer2 email2
+hasReceived peer2 email3
+hasReceived peer2 email4
+hasReceived peer2 email5
+hasReceived peer3 email1
+hasReceived peer3 email2
+hasReceived peer3 email3
+hasReceived peer3 email4
+hasReceived peer3 email5
+hasReceived peer4 email1
+hasReceived peer4 email2
+hasReceived peer4 email3
+hasReceived peer4 email4
+hasReceived peer4 email5
+haveInformation_Contactable headOfDepartment headOfDepartmentEMailAddress
+haveInformation_Contactable peer1 peer1EMailAddress
+haveInformation_Contactable peer2 peer2EMailAddress
+haveInformation_Contactable peer3 peer3EMailAddress
+haveInformation_Contactable peer4 peer4EMailAddress
+haveInformation_Regular agenda
+haveInformation_Regular dateForMeeting
+haveInformation_Regular headOfDepartmentPicture
+haveInformation_Regular peer1Picture
+haveInformation_Regular room101
+inMode_Calendar 
+inMode_Calendar_ConfigureAppointment 
+inMode_EMail 
+inMode_EMail_NewEMail 
+inMode_Home 
+inMode_Menu 
+inMode_Programs 
+inMode_Tasks 
+inMode_Tasks_ConfigureTask 
+isFavourite contact1
+isFavourite contact2
+isSet_Appointment_Name appointmentForMeeting
+isSet_Appointment_Time appointmentForMeeting dateForMeeting
+isSet_Task_Name taskCreateHandout
+selected account1
+selected appointmentForMeeting
+selected taskCreateHandout
-entered_AnyNumber 
-haveSent email1
-haveSent email2
-haveSent email3
-haveSent email4
-haveSent email5
-inMode_Calendar_ConfigureAppointment 
-inMode_Contacts_ConfigureContact 
-inMode_Contacts_Details 
-inMode_EMail_Inbox 
-inMode_EMail_NewEMail 
-inMode_Menu 
-inMode_NewMessage 
-inMode_People_AddFavourite 
-inMode_PictureSelection 
-inMode_Tasks_ConfigureTask 
-inUse appointmentForMeeting
-inUse taskCreateHandout
-isFavourite contact3
-isFavourite contact4
-isFavourite contact5
-isSet_Contact_Picture contact1
-isSet_Contact_Picture contact2
-isSet_Contact_Picture contact3
-isSet_Contact_Picture contact4
-isSet_Contact_Picture contact5
-selected appointmentForMeeting
-selected taskCreateHandout
-selected_Favourite contact1
-selected_Favourite contact2
-selected_Favourite contact3
-selected_Favourite contact4
-selected_Favourite contact5
