53 53
affix_warning_signs FlugzeugAirFrance
affix_warning_signs FlugzeugLufthansa
attach_conveyor_ramp FlugzeugAirFrance Plane_RampHeathrow HeathrowAirport
attach_conveyor_ramp FlugzeugAirFrance Plane_RampParis FlughafenParis
attach_conveyor_ramp FlugzeugLufthansa Plane_RampParis FlughafenParis
attach_conveyor_ramp FlugzeugLufthansa Plane_RampStuttgart FlughafenStuttgart
close_door FlugzeugAirFrance
close_door FlugzeugLufthansa
collect_fees Drucker
decontaminate_interior FlugzeugAirFrance
decontaminate_interior FlugzeugLufthansa
deliver_p Drucker
detach_conveyor_ramp FlugzeugAirFrance Plane_RampHeathrow HeathrowAirport
detach_conveyor_ramp FlugzeugAirFrance Plane_RampParis FlughafenParis
detach_conveyor_ramp FlugzeugLufthansa Plane_RampParis FlughafenParis
detach_conveyor_ramp FlugzeugLufthansa Plane_RampStuttgart FlughafenStuttgart
do_clean_interior FlugzeugAirFrance
do_clean_interior FlugzeugLufthansa
go_through_two_tcenters FlughafenParis FlughafenParis
go_through_two_tcenters FlughafenParis FlughafenStuttgart
go_through_two_tcenters FlughafenParis HeathrowAirport
go_through_two_tcenters FlughafenStuttgart FlughafenParis
go_through_two_tcenters FlughafenStuttgart FlughafenStuttgart
go_through_two_tcenters FlughafenStuttgart HeathrowAirport
go_through_two_tcenters HeathrowAirport FlughafenParis
go_through_two_tcenters HeathrowAirport FlughafenStuttgart
go_through_two_tcenters HeathrowAirport HeathrowAirport
go_through_two_tcenters_tt FlughafenStuttgart FlughafenStuttgart Stuttgart Stuttgart
go_through_two_tcenters_tt FlughafenStuttgart HeathrowAirport Stuttgart London
go_through_two_tcenters_tt HeathrowAirport FlughafenStuttgart London Stuttgart
go_through_two_tcenters_tt HeathrowAirport HeathrowAirport London London
go_through_two_tcenters_via_hub_not_hazardous FlughafenStuttgart FlughafenStuttgart Stuttgart Stuttgart BadenWuerttemberg BadenWuerttemberg FlughafenParis
go_through_two_tcenters_via_hub_not_hazardous FlughafenStuttgart HeathrowAirport Stuttgart London BadenWuerttemberg LondonRegion FlughafenParis
go_through_two_tcenters_via_hub_not_hazardous HeathrowAirport FlughafenStuttgart London Stuttgart LondonRegion BadenWuerttemberg FlughafenParis
go_through_two_tcenters_via_hub_not_hazardous HeathrowAirport HeathrowAirport London London LondonRegion LondonRegion FlughafenParis
load_package Drucker FlugzeugAirFrance FlughafenParis
load_package Drucker FlugzeugAirFrance HeathrowAirport
load_package Drucker FlugzeugLufthansa FlughafenParis
load_package Drucker FlugzeugLufthansa FlughafenStuttgart
lower_ramp FlugzeugAirFrance
lower_ramp FlugzeugLufthansa
move_vehicle_no_traincar FlugzeugAirFrance FlughafenParis Paris_London_Air_Route HeathrowAirport
move_vehicle_no_traincar FlugzeugLufthansa FlughafenStuttgart Stuttgart_Paris_Air_Route FlughafenParis
open_door FlugzeugAirFrance
open_door FlugzeugLufthansa
raise_ramp FlugzeugAirFrance
raise_ramp FlugzeugLufthansa
remove_warning_signs FlugzeugAirFrance
remove_warning_signs FlugzeugLufthansa
unload_package Drucker FlugzeugAirFrance FlughafenParis
unload_package Drucker FlugzeugAirFrance HeathrowAirport
unload_package Drucker FlugzeugLufthansa FlughafenParis
unload_package Drucker FlugzeugLufthansa FlughafenStuttgart
+At_Equipment Plane_RampHeathrow HeathrowAirport
+At_Equipment Plane_RampParis FlughafenParis
+At_Equipment Plane_RampStuttgart FlughafenStuttgart
+At_Package Drucker FlughafenParis
+At_Package Drucker FlughafenStuttgart
+At_Package Drucker FlugzeugAirFrance
+At_Package Drucker FlugzeugLufthansa
+At_Package Drucker HeathrowAirport
+At_Vehicle FlugzeugAirFrance FlughafenParis
+At_Vehicle FlugzeugAirFrance HeathrowAirport
+At_Vehicle FlugzeugLufthansa FlughafenParis
+At_Vehicle FlugzeugLufthansa FlughafenStuttgart
+Available FlughafenParis
+Available FlughafenStuttgart
+Available FlugzeugAirFrance
+Available FlugzeugLufthansa
+Available HeathrowAirport
+Available Paris_London_Air_Route
+Available Plane_RampHeathrow
+Available Plane_RampParis
+Available Plane_RampStuttgart
+Available Stuttgart_Paris_Air_Route
+Connects Paris_London_Air_Route FlughafenParis HeathrowAirport
+Connects Stuttgart_Paris_Air_Route FlughafenStuttgart FlughafenParis
+Delivered Drucker
+Door_Open FlugzeugAirFrance
+Door_Open FlugzeugLufthansa
+Fees_Collected Drucker
+In_City FlughafenStuttgart Stuttgart
+In_City HeathrowAirport London
+In_Region London LondonRegion
+In_Region Stuttgart BadenWuerttemberg
+PV_Compatible Drucker FlugzeugAirFrance
+PV_Compatible Drucker FlugzeugLufthansa
+RV_Compatible Paris_London_Air_Route FlugzeugAirFrance
+RV_Compatible Stuttgart_Paris_Air_Route FlugzeugLufthansa
+Ramp_Connected Plane_RampHeathrow FlugzeugAirFrance
+Ramp_Connected Plane_RampParis FlugzeugAirFrance
+Ramp_Connected Plane_RampParis FlugzeugLufthansa
+Ramp_Connected Plane_RampStuttgart FlugzeugLufthansa
+Ramp_Down FlugzeugAirFrance
+Ramp_Down FlugzeugLufthansa
+Serves FlughafenParis BadenWuerttemberg
+Serves FlughafenParis LondonRegion
+Warning_Signs_Affixed FlugzeugAirFrance
+Warning_Signs_Affixed FlugzeugLufthansa
-Door_Open FlugzeugAirFrance
-Door_Open FlugzeugLufthansa
-Fees_Collected Drucker
-Ramp_Down FlugzeugAirFrance
-Ramp_Down FlugzeugLufthansa
-Warning_Signs_Affixed FlugzeugAirFrance
-Warning_Signs_Affixed FlugzeugLufthansa
