19 27
affix_warning_signs Flugzeug
attach_conveyor_ramp Flugzeug Plane_RampHeathrow HeathrowAirport
attach_conveyor_ramp Flugzeug Plane_RampStuttgart FlughafenStuttgart
close_door Flugzeug
collect_fees Drucker
decontaminate_interior Flugzeug
deliver_p Drucker
detach_conveyor_ramp Flugzeug Plane_RampHeathrow HeathrowAirport
detach_conveyor_ramp Flugzeug Plane_RampStuttgart FlughafenStuttgart
do_clean_interior Flugzeug
load_package Drucker Flugzeug FlughafenStuttgart
load_package Drucker Flugzeug HeathrowAirport
lower_ramp Flugzeug
move_vehicle_no_traincar Flugzeug FlughafenStuttgart Stuttart_London_Air_Route HeathrowAirport
open_door Flugzeug
raise_ramp Flugzeug
remove_warning_signs Flugzeug
unload_package Drucker Flugzeug FlughafenStuttgart
unload_package Drucker Flugzeug HeathrowAirport
+At_Equipment Plane_RampHeathrow HeathrowAirport
+At_Equipment Plane_RampStuttgart FlughafenStuttgart
+At_Package Drucker FlughafenStuttgart
+At_Package Drucker Flugzeug
+At_Package Drucker HeathrowAirport
+At_Vehicle Flugzeug FlughafenStuttgart
+At_Vehicle Flugzeug HeathrowAirport
+Available Flugzeug
+Available Plane_RampHeathrow
+Available Plane_RampStuttgart
+Available Stuttart_London_Air_Route
+Connects Stuttart_London_Air_Route FlughafenStuttgart HeathrowAirport
+Delivered Drucker
+Door_Open Flugzeug
+Fees_Collected Drucker
+In_City FlughafenStuttgart Stuttgart
+In_City HeathrowAirport London
+PV_Compatible Drucker Flugzeug
+RV_Compatible Stuttart_London_Air_Route Flugzeug
+Ramp_Connected Plane_RampHeathrow Flugzeug
+Ramp_Connected Plane_RampStuttgart Flugzeug
+Ramp_Down Flugzeug
+Warning_Signs_Affixed Flugzeug
-Door_Open Flugzeug
-Fees_Collected Drucker
-Ramp_Down Flugzeug
-Warning_Signs_Affixed Flugzeug
