38 44
affix_warning_signs Kuehlwagen
affix_warning_signs LKW
close_door LKW
close_valve Kuehlwagen
collect_fees Tabletten
collect_fees Toshiba_Laptops
connect_hose Kuehlwagen Tabletten
decontaminate_interior Kuehlwagen
decontaminate_interior LKW
deliver_h Tabletten
deliver_p Tabletten
deliver_p Toshiba_Laptops
disconnect_hose Kuehlwagen Tabletten
do_clean_interior Kuehlwagen
do_clean_interior LKW
empty_tank Kuehlwagen Tabletten Heidenheim
empty_tank Kuehlwagen Tabletten Ulm
fill_tank Kuehlwagen Tabletten Heidenheim
fill_tank Kuehlwagen Tabletten Ulm
load_package Tabletten Kuehlwagen Heidenheim
load_package Tabletten Kuehlwagen Ulm
load_package Toshiba_Laptops LKW Firma
load_package Toshiba_Laptops LKW Universitaet
lower_ramp Kuehlwagen
lower_ramp LKW
move_vehicle_no_traincar Kuehlwagen Ulm Landstrasse10 Heidenheim
move_vehicle_no_traincar LKW Firma James_Franck_Ring Universitaet
obtain_permit Tabletten
open_door LKW
open_valve Kuehlwagen
raise_ramp Kuehlwagen
raise_ramp LKW
remove_warning_signs Kuehlwagen
remove_warning_signs LKW
unload_package Tabletten Kuehlwagen Heidenheim
unload_package Tabletten Kuehlwagen Ulm
unload_package Toshiba_Laptops LKW Firma
unload_package Toshiba_Laptops LKW Universitaet
+At_Package Tabletten Heidenheim
+At_Package Tabletten Kuehlwagen
+At_Package Tabletten Ulm
+At_Package Toshiba_Laptops Firma
+At_Package Toshiba_Laptops LKW
+At_Package Toshiba_Laptops Universitaet
+At_Vehicle Kuehlwagen Heidenheim
+At_Vehicle Kuehlwagen Ulm
+At_Vehicle LKW Firma
+At_Vehicle LKW Universitaet
+Available James_Franck_Ring
+Available Kuehlwagen
+Available LKW
+Available Landstrasse10
+Connects James_Franck_Ring Firma Universitaet
+Connects Landstrasse10 Ulm Heidenheim
+Delivered Tabletten
+Delivered Toshiba_Laptops
+Door_Open LKW
+Fees_Collected Tabletten
+Fees_Collected Toshiba_Laptops
+Have_Permit Tabletten
+Hose_Connected Kuehlwagen Tabletten
+In_City Firma Ulm
+In_City Universitaet Ulm
+PV_Compatible Tabletten Kuehlwagen
+PV_Compatible Toshiba_Laptops LKW
+RV_Compatible James_Franck_Ring LKW
+RV_Compatible Landstrasse10 Kuehlwagen
+Ramp_Down Kuehlwagen
+Ramp_Down LKW
+Valve_Open Kuehlwagen
+Warning_Signs_Affixed Kuehlwagen
+Warning_Signs_Affixed LKW
-Door_Open LKW
-Fees_Collected Tabletten
-Fees_Collected Toshiba_Laptops
-Have_Permit Tabletten
-Hose_Connected Kuehlwagen Tabletten
-Ramp_Down Kuehlwagen
-Ramp_Down LKW
-Valve_Open Kuehlwagen
-Warning_Signs_Affixed Kuehlwagen
-Warning_Signs_Affixed LKW
