41 46
attachContactableInformationToCall call1 davesEMailAddress dave
attachContactableInformationToCall call1 gregsMobileNumber greg
attachContactableInformationToEMail email1 davesEMailAddress dave
attachContactableInformationToEMail email1 gregsMobileNumber greg
attachRegularInformationToCall call1 dateForMeeting
attachRegularInformationToCall call1 locationForMeeting
attachRegularInformationToEMail email1 dateForMeeting
attachRegularInformationToEMail email1 locationForMeeting
enter_EMailAddress dave davesEMailAddress
enter_Number_ForCall_Mobile greg gregsMobileNumber
extractsInformation_Contactable dave email1 davesEMailAddress dave
extractsInformation_Contactable dave email1 davesEMailAddress greg
extractsInformation_Contactable dave email1 gregsMobileNumber dave
extractsInformation_Contactable dave email1 gregsMobileNumber greg
extractsInformation_Contactable greg call1 davesEMailAddress dave
extractsInformation_Contactable greg call1 davesEMailAddress greg
extractsInformation_Contactable greg call1 gregsMobileNumber dave
extractsInformation_Contactable greg call1 gregsMobileNumber greg
extractsInformation_Regular dave email1 dateForMeeting
extractsInformation_Regular dave email1 locationForMeeting
extractsInformation_Regular greg call1 dateForMeeting
extractsInformation_Regular greg call1 locationForMeeting
press_Calendar_Menu 
press_Calendar_Menu_NewAppointment appointmentForMeeting
press_Calendar_NewAppointment_OK appointmentForMeeting dateForMeeting
press_EMail_NewEMail myEMailAccount
press_EMail_NewEMail_Send dave email1
press_Home_Calendar 
press_Home_Default 
press_Home_EMail 
press_Home_From_Telephone_Mobile greg
press_Home_People 
press_Home_Telephone 
press_People_More 
press_Telephone_Call_Mobile greg call1
press_Telephone_Contacts 
select_EMail_EMailAccount_NoOp myEMailAccount
set_Appointment_Location appointmentForMeeting locationForMeeting
set_Appointment_Name appointmentForMeeting
set_Appointment_Reminder appointmentForMeeting
set_Appointment_Time appointmentForMeeting dateForMeeting
+attached call1 dateForMeeting
+attached call1 davesEMailAddress
+attached call1 gregsMobileNumber
+attached call1 locationForMeeting
+attached email1 dateForMeeting
+attached email1 davesEMailAddress
+attached email1 gregsMobileNumber
+attached email1 locationForMeeting
+created appointmentForMeeting
+entered_AnyNumber 
+entered_EMail dave
+entered_NumberMobile greg
+hasReceived dave email1
+hasReceived greg call1
+haveInformation_Contactable dave davesEMailAddress
+haveInformation_Contactable greg gregsMobileNumber
+haveInformation_Regular dateForMeeting
+haveInformation_Regular locationForMeeting
+inMode_Calendar 
+inMode_Calendar_ConfigureAppointment 
+inMode_Contacts 
+inMode_EMail 
+inMode_EMail_NewEMail 
+inMode_Home 
+inMode_Menu 
+inMode_People 
+inMode_Telephone 
+isSet_Appointment_Name appointmentForMeeting
+isSet_Appointment_Time appointmentForMeeting dateForMeeting
+selected appointmentForMeeting
+selected myEMailAccount
-entered_AnyNumber 
-haveSent call1
-haveSent email1
-inMode_Calendar_ConfigureAppointment 
-inMode_Contacts_ConfigureContact 
-inMode_Contacts_Details 
-inMode_EMail_Inbox 
-inMode_EMail_NewEMail 
-inMode_Menu 
-inMode_NewMessage 
-inMode_People_AddFavourite 
-inMode_PictureSelection 
-inMode_Tasks_ConfigureTask 
-inUse appointmentForMeeting
-selected appointmentForMeeting
