57 52
affix_warning_signs Eisenbahnwagen
affix_warning_signs LokomotiveDB
affix_warning_signs LokomotiveSNCF
attach_train_car LokomotiveDB Eisenbahnwagen GareParisNord
attach_train_car LokomotiveDB Eisenbahnwagen HauptbahnhofStuttgart
attach_train_car LokomotiveSNCF Eisenbahnwagen GareParisNord
attach_train_car LokomotiveSNCF Eisenbahnwagen LondonWaterloo
close_valve Eisenbahnwagen
collect_fees Wasser
connect_hose Eisenbahnwagen Wasser
decontaminate_interior Eisenbahnwagen
decontaminate_interior LokomotiveDB
decontaminate_interior LokomotiveSNCF
deliver_p Wasser
detach_train_car LokomotiveDB Eisenbahnwagen GareParisNord
detach_train_car LokomotiveDB Eisenbahnwagen HauptbahnhofStuttgart
detach_train_car LokomotiveSNCF Eisenbahnwagen GareParisNord
detach_train_car LokomotiveSNCF Eisenbahnwagen LondonWaterloo
disconnect_hose Eisenbahnwagen Wasser
do_clean_interior Eisenbahnwagen
do_clean_interior LokomotiveDB
do_clean_interior LokomotiveSNCF
empty_tank Eisenbahnwagen Wasser GareParisNord
empty_tank Eisenbahnwagen Wasser HauptbahnhofStuttgart
empty_tank Eisenbahnwagen Wasser LondonWaterloo
fill_tank Eisenbahnwagen Wasser GareParisNord
fill_tank Eisenbahnwagen Wasser HauptbahnhofStuttgart
fill_tank Eisenbahnwagen Wasser LondonWaterloo
go_through_two_tcenters GareParisNord GareParisNord
go_through_two_tcenters GareParisNord HauptbahnhofStuttgart
go_through_two_tcenters GareParisNord LondonWaterloo
go_through_two_tcenters HauptbahnhofStuttgart GareParisNord
go_through_two_tcenters HauptbahnhofStuttgart HauptbahnhofStuttgart
go_through_two_tcenters HauptbahnhofStuttgart LondonWaterloo
go_through_two_tcenters LondonWaterloo GareParisNord
go_through_two_tcenters LondonWaterloo HauptbahnhofStuttgart
go_through_two_tcenters LondonWaterloo LondonWaterloo
go_through_two_tcenters_tt HauptbahnhofStuttgart HauptbahnhofStuttgart Stuttgart Stuttgart
go_through_two_tcenters_tt HauptbahnhofStuttgart LondonWaterloo Stuttgart London
go_through_two_tcenters_tt LondonWaterloo HauptbahnhofStuttgart London Stuttgart
go_through_two_tcenters_tt LondonWaterloo LondonWaterloo London London
go_through_two_tcenters_via_hub_not_hazardous HauptbahnhofStuttgart HauptbahnhofStuttgart Stuttgart Stuttgart BadenWuerttemberg BadenWuerttemberg GareParisNord
go_through_two_tcenters_via_hub_not_hazardous HauptbahnhofStuttgart LondonWaterloo Stuttgart London BadenWuerttemberg LondonRegion GareParisNord
go_through_two_tcenters_via_hub_not_hazardous LondonWaterloo HauptbahnhofStuttgart London Stuttgart LondonRegion BadenWuerttemberg GareParisNord
go_through_two_tcenters_via_hub_not_hazardous LondonWaterloo LondonWaterloo London London LondonRegion LondonRegion GareParisNord
lower_ramp Eisenbahnwagen
lower_ramp LokomotiveDB
lower_ramp LokomotiveSNCF
move_vehicle_no_traincar LokomotiveDB HauptbahnhofStuttgart Stuttgart_Paris_Rail_Route GareParisNord
move_vehicle_no_traincar LokomotiveSNCF GareParisNord Paris_London_Rail_Route LondonWaterloo
open_valve Eisenbahnwagen
raise_ramp Eisenbahnwagen
raise_ramp LokomotiveDB
raise_ramp LokomotiveSNCF
remove_warning_signs Eisenbahnwagen
remove_warning_signs LokomotiveDB
remove_warning_signs LokomotiveSNCF
+At_Package Wasser Eisenbahnwagen
+At_Package Wasser GareParisNord
+At_Package Wasser HauptbahnhofStuttgart
+At_Package Wasser LondonWaterloo
+At_Vehicle Eisenbahnwagen GareParisNord
+At_Vehicle Eisenbahnwagen HauptbahnhofStuttgart
+At_Vehicle Eisenbahnwagen LondonWaterloo
+At_Vehicle LokomotiveDB GareParisNord
+At_Vehicle LokomotiveDB HauptbahnhofStuttgart
+At_Vehicle LokomotiveSNCF GareParisNord
+At_Vehicle LokomotiveSNCF LondonWaterloo
+Available GareParisNord
+Available HauptbahnhofStuttgart
+Available LokomotiveDB
+Available LokomotiveSNCF
+Available LondonWaterloo
+Available Paris_London_Rail_Route
+Available Stuttgart_Paris_Rail_Route
+Connected_To Eisenbahnwagen LokomotiveDB
+Connected_To Eisenbahnwagen LokomotiveSNCF
+Connects Paris_London_Rail_Route GareParisNord LondonWaterloo
+Connects Stuttgart_Paris_Rail_Route HauptbahnhofStuttgart GareParisNord
+Delivered Wasser
+Fees_Collected Wasser
+Hose_Connected Eisenbahnwagen Wasser
+In_City HauptbahnhofStuttgart Stuttgart
+In_City LondonWaterloo London
+In_Region London LondonRegion
+In_Region Stuttgart BadenWuerttemberg
+PV_Compatible Wasser Eisenbahnwagen
+RV_Compatible Paris_London_Rail_Route LokomotiveSNCF
+RV_Compatible Stuttgart_Paris_Rail_Route LokomotiveDB
+Ramp_Down Eisenbahnwagen
+Ramp_Down LokomotiveDB
+Ramp_Down LokomotiveSNCF
+Serves GareParisNord BadenWuerttemberg
+Serves GareParisNord LondonRegion
+Valve_Open Eisenbahnwagen
+Warning_Signs_Affixed Eisenbahnwagen
+Warning_Signs_Affixed LokomotiveDB
+Warning_Signs_Affixed LokomotiveSNCF
-Connected_To Eisenbahnwagen LokomotiveDB
-Connected_To Eisenbahnwagen LokomotiveSNCF
-Fees_Collected Wasser
-Hose_Connected Eisenbahnwagen Wasser
-Ramp_Down Eisenbahnwagen
-Ramp_Down LokomotiveDB
-Ramp_Down LokomotiveSNCF
-Valve_Open Eisenbahnwagen
-Warning_Signs_Affixed Eisenbahnwagen
-Warning_Signs_Affixed LokomotiveDB
-Warning_Signs_Affixed LokomotiveSNCF
