77 83
attachContactableInformationToEMail email1 headOfDepartmentEMailAddress headOfDepartment
attachContactableInformationToEMail email1 peer1EMailAddress peer1
attachContactableInformationToEMail email2 headOfDepartmentEMailAddress headOfDepartment
attachContactableInformationToEMail email2 peer1EMailAddress peer1
attachRegularInformationToEMail email1 agenda
attachRegularInformationToEMail email1 dateForMeeting
attachRegularInformationToEMail email1 headOfDepartmentPicture
attachRegularInformationToEMail email1 peer1Picture
attachRegularInformationToEMail email1 room101
attachRegularInformationToEMail email2 agenda
attachRegularInformationToEMail email2 dateForMeeting
attachRegularInformationToEMail email2 headOfDepartmentPicture
attachRegularInformationToEMail email2 peer1Picture
attachRegularInformationToEMail email2 room101
enter_EMailAddress headOfDepartment headOfDepartmentEMailAddress
enter_EMailAddress peer1 peer1EMailAddress
extractsInformation_Contactable headOfDepartment email1 headOfDepartmentEMailAddress headOfDepartment
extractsInformation_Contactable headOfDepartment email1 headOfDepartmentEMailAddress peer1
extractsInformation_Contactable headOfDepartment email1 peer1EMailAddress headOfDepartment
extractsInformation_Contactable headOfDepartment email1 peer1EMailAddress peer1
extractsInformation_Contactable headOfDepartment email2 headOfDepartmentEMailAddress headOfDepartment
extractsInformation_Contactable headOfDepartment email2 headOfDepartmentEMailAddress peer1
extractsInformation_Contactable headOfDepartment email2 peer1EMailAddress headOfDepartment
extractsInformation_Contactable headOfDepartment email2 peer1EMailAddress peer1
extractsInformation_Contactable peer1 email1 headOfDepartmentEMailAddress headOfDepartment
extractsInformation_Contactable peer1 email1 headOfDepartmentEMailAddress peer1
extractsInformation_Contactable peer1 email1 peer1EMailAddress headOfDepartment
extractsInformation_Contactable peer1 email1 peer1EMailAddress peer1
extractsInformation_Contactable peer1 email2 headOfDepartmentEMailAddress headOfDepartment
extractsInformation_Contactable peer1 email2 headOfDepartmentEMailAddress peer1
extractsInformation_Contactable peer1 email2 peer1EMailAddress headOfDepartment
extractsInformation_Contactable peer1 email2 peer1EMailAddress peer1
extractsInformation_Regular headOfDepartment email1 agenda
extractsInformation_Regular headOfDepartment email1 dateForMeeting
extractsInformation_Regular headOfDepartment email1 headOfDepartmentPicture
extractsInformation_Regular headOfDepartment email1 peer1Picture
extractsInformation_Regular headOfDepartment email1 room101
extractsInformation_Regular headOfDepartment email2 agenda
extractsInformation_Regular headOfDepartment email2 dateForMeeting
extractsInformation_Regular headOfDepartment email2 headOfDepartmentPicture
extractsInformation_Regular headOfDepartment email2 peer1Picture
extractsInformation_Regular headOfDepartment email2 room101
extractsInformation_Regular peer1 email1 agenda
extractsInformation_Regular peer1 email1 dateForMeeting
extractsInformation_Regular peer1 email1 headOfDepartmentPicture
extractsInformation_Regular peer1 email1 peer1Picture
extractsInformation_Regular peer1 email1 room101
extractsInformation_Regular peer1 email2 agenda
extractsInformation_Regular peer1 email2 dateForMeeting
extractsInformation_Regular peer1 email2 headOfDepartmentPicture
extractsInformation_Regular peer1 email2 peer1Picture
extractsInformation_Regular peer1 email2 room101
press_Calendar_Menu 
press_Calendar_Menu_NewAppointment appointmentForMeeting
press_Calendar_NewAppointment_OK appointmentForMeeting dateForMeeting
press_EMail_NewEMail account1
press_EMail_NewEMail_Send headOfDepartment email1
press_EMail_NewEMail_Send headOfDepartment email2
press_EMail_NewEMail_Send peer1 email1
press_EMail_NewEMail_Send peer1 email2
press_Home_Calendar 
press_Home_Default 
press_Home_EMail 
press_Home_Programs 
press_Programs_Tasks 
press_Tasks_Menu 
press_Tasks_Menu_NewTask taskCreateHandout
press_Tasks_NewTask_OK taskCreateHandout
select_EMail_EMailAccount_NoOp account1
set_Appointment_Location appointmentForMeeting room101
set_Appointment_Name appointmentForMeeting
set_Appointment_Reminder appointmentForMeeting
set_Appointment_Time appointmentForMeeting dateForMeeting
set_Task_Name taskCreateHandout
set_Task_Name_Light taskCreateHandout
set_Task_Reminder taskCreateHandout
set_Task_Time taskCreateHandout dateForMeeting
+associated_Contact contact1 headOfDepartment
+associated_Contact contact2 peer1
+associated_Picture contact1 headOfDepartmentPicture
+associated_Picture contact2 peer1Picture
+attached email1 agenda
+attached email1 dateForMeeting
+attached email1 headOfDepartmentEMailAddress
+attached email1 headOfDepartmentPicture
+attached email1 peer1EMailAddress
+attached email1 peer1Picture
+attached email1 room101
+attached email2 agenda
+attached email2 dateForMeeting
+attached email2 headOfDepartmentEMailAddress
+attached email2 headOfDepartmentPicture
+attached email2 peer1EMailAddress
+attached email2 peer1Picture
+attached email2 room101
+created appointmentForMeeting
+created contact1
+created contact2
+created taskCreateHandout
+entered_EMail headOfDepartment
+entered_EMail peer1
+hasInformation_Regular headOfDepartment agenda
+hasInformation_Regular headOfDepartment dateForMeeting
+hasInformation_Regular headOfDepartment headOfDepartmentPicture
+hasInformation_Regular headOfDepartment peer1Picture
+hasInformation_Regular headOfDepartment room101
+hasInformation_Regular peer1 agenda
+hasInformation_Regular peer1 dateForMeeting
+hasInformation_Regular peer1 headOfDepartmentPicture
+hasInformation_Regular peer1 peer1Picture
+hasInformation_Regular peer1 room101
+hasReceived headOfDepartment email1
+hasReceived headOfDepartment email2
+hasReceived peer1 email1
+hasReceived peer1 email2
+haveInformation_Contactable headOfDepartment headOfDepartmentEMailAddress
+haveInformation_Contactable peer1 peer1EMailAddress
+haveInformation_Regular agenda
+haveInformation_Regular dateForMeeting
+haveInformation_Regular headOfDepartmentPicture
+haveInformation_Regular peer1Picture
+haveInformation_Regular room101
+inMode_Calendar 
+inMode_Calendar_ConfigureAppointment 
+inMode_EMail 
+inMode_EMail_NewEMail 
+inMode_Home 
+inMode_Menu 
+inMode_Programs 
+inMode_Tasks 
+inMode_Tasks_ConfigureTask 
+isFavourite contact1
+isFavourite contact2
+isSet_Appointment_Name appointmentForMeeting
+isSet_Appointment_Time appointmentForMeeting dateForMeeting
+isSet_Task_Name taskCreateHandout
+selected account1
+selected appointmentForMeeting
+selected taskCreateHandout
-entered_AnyNumber 
-haveSent email1
-haveSent email2
-inMode_Calendar_ConfigureAppointment 
-inMode_Contacts_ConfigureContact 
-inMode_Contacts_Details 
-inMode_EMail_Inbox 
-inMode_EMail_NewEMail 
-inMode_Menu 
-inMode_NewMessage 
-inMode_People_AddFavourite 
-inMode_PictureSelection 
-inMode_Tasks_ConfigureTask 
-inUse appointmentForMeeting
-inUse taskCreateHandout
-isSet_Contact_Picture contact1
-isSet_Contact_Picture contact2
-selected appointmentForMeeting
-selected taskCreateHandout
-selected_Favourite contact1
-selected_Favourite contact2
