14 9
calibrate satellite0 instrument0 GroundStation2
switch_off instrument0 satellite0
switch_on instrument0 satellite0
take_image satellite0 Phenomenon4 instrument0 thermograph0
take_image satellite0 Phenomenon6 instrument0 thermograph0
turn_to satellite0 GroundStation2 GroundStation2
turn_to satellite0 GroundStation2 Phenomenon4
turn_to satellite0 GroundStation2 Phenomenon6
turn_to satellite0 Phenomenon4 GroundStation2
turn_to satellite0 Phenomenon4 Phenomenon4
turn_to satellite0 Phenomenon4 Phenomenon6
turn_to satellite0 Phenomenon6 GroundStation2
turn_to satellite0 Phenomenon6 Phenomenon4
turn_to satellite0 Phenomenon6 Phenomenon6
+calibrated instrument0
+calibration_target instrument0 GroundStation2
+on_board instrument0 satellite0
+pointing satellite0 GroundStation2
+pointing satellite0 Phenomenon4
+pointing satellite0 Phenomenon6
+power_avail satellite0
+power_on instrument0
+supports instrument0 thermograph0
