86 24
calibrate satellite0 instrument0 GroundStation0
calibrate satellite1 instrument1 GroundStation1
switch_off instrument0 satellite0
switch_off instrument1 satellite1
switch_on instrument0 satellite0
switch_on instrument1 satellite1
take_image satellite0 Phenomenon4 instrument0 thermograph
take_image satellite0 Phenomenon6 instrument0 thermograph
take_image satellite0 Phenomenon7 instrument0 thermograph
take_image satellite0 Star5 instrument0 thermograph
take_image satellite1 Phenomenon4 instrument1 thermograph
take_image satellite1 Phenomenon6 instrument1 thermograph
take_image satellite1 Phenomenon7 instrument1 thermograph
take_image satellite1 Star5 instrument1 thermograph
turn_to satellite0 GroundStation0 GroundStation0
turn_to satellite0 GroundStation0 GroundStation1
turn_to satellite0 GroundStation0 Phenomenon4
turn_to satellite0 GroundStation0 Phenomenon6
turn_to satellite0 GroundStation0 Phenomenon7
turn_to satellite0 GroundStation0 Star5
turn_to satellite0 GroundStation1 GroundStation0
turn_to satellite0 GroundStation1 GroundStation1
turn_to satellite0 GroundStation1 Phenomenon4
turn_to satellite0 GroundStation1 Phenomenon6
turn_to satellite0 GroundStation1 Phenomenon7
turn_to satellite0 GroundStation1 Star5
turn_to satellite0 Phenomenon4 GroundStation0
turn_to satellite0 Phenomenon4 GroundStation1
turn_to satellite0 Phenomenon4 Phenomenon4
turn_to satellite0 Phenomenon4 Phenomenon6
turn_to satellite0 Phenomenon4 Phenomenon7
turn_to satellite0 Phenomenon4 Star5
turn_to satellite0 Phenomenon6 GroundStation0
turn_to satellite0 Phenomenon6 GroundStation1
turn_to satellite0 Phenomenon6 Phenomenon4
turn_to satellite0 Phenomenon6 Phenomenon6
turn_to satellite0 Phenomenon6 Phenomenon7
turn_to satellite0 Phenomenon6 Star5
turn_to satellite0 Phenomenon7 GroundStation0
turn_to satellite0 Phenomenon7 GroundStation1
turn_to satellite0 Phenomenon7 Phenomenon4
turn_to satellite0 Phenomenon7 Phenomenon6
turn_to satellite0 Phenomenon7 Phenomenon7
turn_to satellite0 Phenomenon7 Star5
turn_to satellite0 Star5 GroundStation0
turn_to satellite0 Star5 GroundStation1
turn_to satellite0 Star5 Phenomenon4
turn_to satellite0 Star5 Phenomenon6
turn_to satellite0 Star5 Phenomenon7
turn_to satellite0 Star5 Star5
turn_to satellite1 GroundStation0 GroundStation0
turn_to satellite1 GroundStation0 GroundStation1
turn_to satellite1 GroundStation0 Phenomenon4
turn_to satellite1 GroundStation0 Phenomenon6
turn_to satellite1 GroundStation0 Phenomenon7
turn_to satellite1 GroundStation0 Star5
turn_to satellite1 GroundStation1 GroundStation0
turn_to satellite1 GroundStation1 GroundStation1
turn_to satellite1 GroundStation1 Phenomenon4
turn_to satellite1 GroundStation1 Phenomenon6
turn_to satellite1 GroundStation1 Phenomenon7
turn_to satellite1 GroundStation1 Star5
turn_to satellite1 Phenomenon4 GroundStation0
turn_to satellite1 Phenomenon4 GroundStation1
turn_to satellite1 Phenomenon4 Phenomenon4
turn_to satellite1 Phenomenon4 Phenomenon6
turn_to satellite1 Phenomenon4 Phenomenon7
turn_to satellite1 Phenomenon4 Star5
turn_to satellite1 Phenomenon6 GroundStation0
turn_to satellite1 Phenomenon6 GroundStation1
turn_to satellite1 Phenomenon6 Phenomenon4
turn_to satellite1 Phenomenon6 Phenomenon6
turn_to satellite1 Phenomenon6 Phenomenon7
turn_to satellite1 Phenomenon6 Star5
turn_to satellite1 Phenomenon7 GroundStation0
turn_to satellite1 Phenomenon7 GroundStation1
turn_to satellite1 Phenomenon7 Phenomenon4
turn_to satellite1 Phenomenon7 Phenomenon6
turn_to satellite1 Phenomenon7 Phenomenon7
turn_to satellite1 Phenomenon7 Star5
turn_to satellite1 Star5 GroundStation0
turn_to satellite1 Star5 GroundStation1
turn_to satellite1 Star5 Phenomenon4
turn_to satellite1 Star5 Phenomenon6
turn_to satellite1 Star5 Phenomenon7
turn_to satellite1 Star5 Star5
+calibrated instrument0
+calibrated instrument1
+calibration_target instrument0 GroundStation0
+calibration_target instrument1 GroundStation1
+on_board instrument0 satellite0
+on_board instrument1 satellite1
+pointing satellite0 GroundStation0
+pointing satellite0 GroundStation1
+pointing satellite0 Phenomenon4
+pointing satellite0 Phenomenon6
+pointing satellite0 Phenomenon7
+pointing satellite0 Star5
+pointing satellite1 GroundStation0
+pointing satellite1 GroundStation1
+pointing satellite1 Phenomenon4
+pointing satellite1 Phenomenon6
+pointing satellite1 Phenomenon7
+pointing satellite1 Star5
+power_avail satellite0
+power_avail satellite1
+power_on instrument0
+power_on instrument1
+supports instrument0 thermograph
+supports instrument1 thermograph
