393 189
SHOP_methodm-calibrate_abs_12_precondition camera0 objective0 waypoint0
SHOP_methodm-calibrate_abs_12_precondition camera0 objective0 waypoint1
SHOP_methodm-calibrate_abs_12_precondition camera0 objective0 waypoint2
SHOP_methodm-calibrate_abs_12_precondition camera0 objective0 waypoint3
SHOP_methodm-calibrate_abs_12_precondition camera0 objective0 waypoint4
SHOP_methodm-calibrate_abs_12_precondition camera0 objective0 waypoint5
SHOP_methodm-calibrate_abs_12_precondition camera1 objective1 waypoint0
SHOP_methodm-calibrate_abs_12_precondition camera1 objective1 waypoint1
SHOP_methodm-calibrate_abs_12_precondition camera2 objective0 waypoint0
SHOP_methodm-calibrate_abs_12_precondition camera2 objective0 waypoint1
SHOP_methodm-calibrate_abs_12_precondition camera2 objective0 waypoint2
SHOP_methodm-calibrate_abs_12_precondition camera2 objective0 waypoint3
SHOP_methodm-calibrate_abs_12_precondition camera2 objective0 waypoint4
SHOP_methodm-calibrate_abs_12_precondition camera2 objective0 waypoint5
SHOP_methodm-empty-store-1_0_precondition rover0store
SHOP_methodm-empty-store-1_0_precondition rover1store
SHOP_methodm-empty-store-2_1_precondition rover0store
SHOP_methodm-empty-store-2_1_precondition rover1store
SHOP_methodm-get_image_data_11_precondition camera0 waypoint0 objective0 rover0 colour
SHOP_methodm-get_image_data_11_precondition camera0 waypoint0 objective0 rover0 low_res
SHOP_methodm-get_image_data_11_precondition camera0 waypoint0 objective1 rover0 colour
SHOP_methodm-get_image_data_11_precondition camera0 waypoint0 objective1 rover0 low_res
SHOP_methodm-get_image_data_11_precondition camera0 waypoint1 objective0 rover0 colour
SHOP_methodm-get_image_data_11_precondition camera0 waypoint1 objective0 rover0 low_res
SHOP_methodm-get_image_data_11_precondition camera0 waypoint1 objective1 rover0 colour
SHOP_methodm-get_image_data_11_precondition camera0 waypoint1 objective1 rover0 low_res
SHOP_methodm-get_image_data_11_precondition camera0 waypoint2 objective0 rover0 colour
SHOP_methodm-get_image_data_11_precondition camera0 waypoint2 objective0 rover0 low_res
SHOP_methodm-get_image_data_11_precondition camera0 waypoint3 objective0 rover0 colour
SHOP_methodm-get_image_data_11_precondition camera0 waypoint3 objective0 rover0 low_res
SHOP_methodm-get_image_data_11_precondition camera0 waypoint4 objective0 rover0 colour
SHOP_methodm-get_image_data_11_precondition camera0 waypoint4 objective0 rover0 low_res
SHOP_methodm-get_image_data_11_precondition camera0 waypoint5 objective0 rover0 colour
SHOP_methodm-get_image_data_11_precondition camera0 waypoint5 objective0 rover0 low_res
SHOP_methodm-get_image_data_11_precondition camera1 waypoint0 objective0 rover0 colour
SHOP_methodm-get_image_data_11_precondition camera1 waypoint0 objective0 rover0 low_res
SHOP_methodm-get_image_data_11_precondition camera1 waypoint0 objective1 rover0 colour
SHOP_methodm-get_image_data_11_precondition camera1 waypoint0 objective1 rover0 low_res
SHOP_methodm-get_image_data_11_precondition camera1 waypoint1 objective0 rover0 colour
SHOP_methodm-get_image_data_11_precondition camera1 waypoint1 objective0 rover0 low_res
SHOP_methodm-get_image_data_11_precondition camera1 waypoint1 objective1 rover0 colour
SHOP_methodm-get_image_data_11_precondition camera1 waypoint1 objective1 rover0 low_res
SHOP_methodm-get_image_data_11_precondition camera1 waypoint2 objective0 rover0 colour
SHOP_methodm-get_image_data_11_precondition camera1 waypoint2 objective0 rover0 low_res
SHOP_methodm-get_image_data_11_precondition camera1 waypoint3 objective0 rover0 colour
SHOP_methodm-get_image_data_11_precondition camera1 waypoint3 objective0 rover0 low_res
SHOP_methodm-get_image_data_11_precondition camera1 waypoint4 objective0 rover0 colour
SHOP_methodm-get_image_data_11_precondition camera1 waypoint4 objective0 rover0 low_res
SHOP_methodm-get_image_data_11_precondition camera1 waypoint5 objective0 rover0 colour
SHOP_methodm-get_image_data_11_precondition camera1 waypoint5 objective0 rover0 low_res
SHOP_methodm-get_image_data_11_precondition camera2 waypoint0 objective0 rover1 colour
SHOP_methodm-get_image_data_11_precondition camera2 waypoint0 objective0 rover1 high_res
SHOP_methodm-get_image_data_11_precondition camera2 waypoint0 objective1 rover1 colour
SHOP_methodm-get_image_data_11_precondition camera2 waypoint0 objective1 rover1 high_res
SHOP_methodm-get_image_data_11_precondition camera2 waypoint1 objective0 rover1 colour
SHOP_methodm-get_image_data_11_precondition camera2 waypoint1 objective0 rover1 high_res
SHOP_methodm-get_image_data_11_precondition camera2 waypoint1 objective1 rover1 colour
SHOP_methodm-get_image_data_11_precondition camera2 waypoint1 objective1 rover1 high_res
SHOP_methodm-get_image_data_11_precondition camera2 waypoint2 objective0 rover1 colour
SHOP_methodm-get_image_data_11_precondition camera2 waypoint2 objective0 rover1 high_res
SHOP_methodm-get_image_data_11_precondition camera2 waypoint3 objective0 rover1 colour
SHOP_methodm-get_image_data_11_precondition camera2 waypoint3 objective0 rover1 high_res
SHOP_methodm-get_image_data_11_precondition camera2 waypoint4 objective0 rover1 colour
SHOP_methodm-get_image_data_11_precondition camera2 waypoint4 objective0 rover1 high_res
SHOP_methodm-get_image_data_11_precondition camera2 waypoint5 objective0 rover1 colour
SHOP_methodm-get_image_data_11_precondition camera2 waypoint5 objective0 rover1 high_res
SHOP_methodm-get_rock_data_9_precondition rover0 rover0store
SHOP_methodm-get_soil_data_7_precondition rover1store rover1
SHOP_methodm-navigate_abs-1_2_precondition rover0 waypoint0
SHOP_methodm-navigate_abs-1_2_precondition rover0 waypoint1
SHOP_methodm-navigate_abs-1_2_precondition rover0 waypoint2
SHOP_methodm-navigate_abs-1_2_precondition rover0 waypoint3
SHOP_methodm-navigate_abs-1_2_precondition rover0 waypoint4
SHOP_methodm-navigate_abs-1_2_precondition rover0 waypoint5
SHOP_methodm-navigate_abs-1_2_precondition rover1 waypoint0
SHOP_methodm-navigate_abs-1_2_precondition rover1 waypoint1
SHOP_methodm-navigate_abs-1_2_precondition rover1 waypoint2
SHOP_methodm-navigate_abs-1_2_precondition rover1 waypoint3
SHOP_methodm-navigate_abs-1_2_precondition rover1 waypoint4
SHOP_methodm-navigate_abs-1_2_precondition rover1 waypoint5
SHOP_methodm-navigate_abs-2_3_precondition rover0 waypoint0
SHOP_methodm-navigate_abs-2_3_precondition rover0 waypoint1
SHOP_methodm-navigate_abs-2_3_precondition rover0 waypoint2
SHOP_methodm-navigate_abs-2_3_precondition rover0 waypoint3
SHOP_methodm-navigate_abs-2_3_precondition rover0 waypoint4
SHOP_methodm-navigate_abs-2_3_precondition rover0 waypoint5
SHOP_methodm-navigate_abs-2_3_precondition rover1 waypoint0
SHOP_methodm-navigate_abs-2_3_precondition rover1 waypoint1
SHOP_methodm-navigate_abs-2_3_precondition rover1 waypoint2
SHOP_methodm-navigate_abs-2_3_precondition rover1 waypoint3
SHOP_methodm-navigate_abs-2_3_precondition rover1 waypoint4
SHOP_methodm-navigate_abs-2_3_precondition rover1 waypoint5
SHOP_methodm-navigate_abs-3_4_precondition rover0 waypoint0 waypoint1
SHOP_methodm-navigate_abs-3_4_precondition rover0 waypoint0 waypoint2
SHOP_methodm-navigate_abs-3_4_precondition rover0 waypoint0 waypoint3
SHOP_methodm-navigate_abs-3_4_precondition rover0 waypoint0 waypoint5
SHOP_methodm-navigate_abs-3_4_precondition rover0 waypoint1 waypoint0
SHOP_methodm-navigate_abs-3_4_precondition rover0 waypoint1 waypoint4
SHOP_methodm-navigate_abs-3_4_precondition rover0 waypoint2 waypoint0
SHOP_methodm-navigate_abs-3_4_precondition rover0 waypoint3 waypoint0
SHOP_methodm-navigate_abs-3_4_precondition rover0 waypoint4 waypoint1
SHOP_methodm-navigate_abs-3_4_precondition rover0 waypoint5 waypoint0
SHOP_methodm-navigate_abs-3_4_precondition rover1 waypoint0 waypoint1
SHOP_methodm-navigate_abs-3_4_precondition rover1 waypoint1 waypoint0
SHOP_methodm-navigate_abs-3_4_precondition rover1 waypoint1 waypoint4
SHOP_methodm-navigate_abs-3_4_precondition rover1 waypoint2 waypoint5
SHOP_methodm-navigate_abs-3_4_precondition rover1 waypoint3 waypoint4
SHOP_methodm-navigate_abs-3_4_precondition rover1 waypoint4 waypoint1
SHOP_methodm-navigate_abs-3_4_precondition rover1 waypoint4 waypoint3
SHOP_methodm-navigate_abs-3_4_precondition rover1 waypoint4 waypoint5
SHOP_methodm-navigate_abs-3_4_precondition rover1 waypoint5 waypoint2
SHOP_methodm-navigate_abs-3_4_precondition rover1 waypoint5 waypoint4
SHOP_methodm-navigate_abs-4_5_precondition rover0 waypoint0 waypoint0 waypoint1
SHOP_methodm-navigate_abs-4_5_precondition rover0 waypoint0 waypoint0 waypoint2
SHOP_methodm-navigate_abs-4_5_precondition rover0 waypoint0 waypoint0 waypoint3
SHOP_methodm-navigate_abs-4_5_precondition rover0 waypoint0 waypoint0 waypoint5
SHOP_methodm-navigate_abs-4_5_precondition rover0 waypoint0 waypoint4 waypoint1
SHOP_methodm-navigate_abs-4_5_precondition rover0 waypoint1 waypoint1 waypoint0
SHOP_methodm-navigate_abs-4_5_precondition rover0 waypoint1 waypoint1 waypoint4
SHOP_methodm-navigate_abs-4_5_precondition rover0 waypoint1 waypoint2 waypoint0
SHOP_methodm-navigate_abs-4_5_precondition rover0 waypoint1 waypoint3 waypoint0
SHOP_methodm-navigate_abs-4_5_precondition rover0 waypoint1 waypoint5 waypoint0
SHOP_methodm-navigate_abs-4_5_precondition rover0 waypoint2 waypoint1 waypoint0
SHOP_methodm-navigate_abs-4_5_precondition rover0 waypoint2 waypoint1 waypoint4
SHOP_methodm-navigate_abs-4_5_precondition rover0 waypoint2 waypoint2 waypoint0
SHOP_methodm-navigate_abs-4_5_precondition rover0 waypoint2 waypoint3 waypoint0
SHOP_methodm-navigate_abs-4_5_precondition rover0 waypoint2 waypoint4 waypoint1
SHOP_methodm-navigate_abs-4_5_precondition rover0 waypoint2 waypoint5 waypoint0
SHOP_methodm-navigate_abs-4_5_precondition rover0 waypoint3 waypoint1 waypoint0
SHOP_methodm-navigate_abs-4_5_precondition rover0 waypoint3 waypoint1 waypoint4
SHOP_methodm-navigate_abs-4_5_precondition rover0 waypoint3 waypoint2 waypoint0
SHOP_methodm-navigate_abs-4_5_precondition rover0 waypoint3 waypoint3 waypoint0
SHOP_methodm-navigate_abs-4_5_precondition rover0 waypoint3 waypoint4 waypoint1
SHOP_methodm-navigate_abs-4_5_precondition rover0 waypoint3 waypoint5 waypoint0
SHOP_methodm-navigate_abs-4_5_precondition rover0 waypoint4 waypoint0 waypoint1
SHOP_methodm-navigate_abs-4_5_precondition rover0 waypoint4 waypoint0 waypoint2
SHOP_methodm-navigate_abs-4_5_precondition rover0 waypoint4 waypoint0 waypoint3
SHOP_methodm-navigate_abs-4_5_precondition rover0 waypoint4 waypoint0 waypoint5
SHOP_methodm-navigate_abs-4_5_precondition rover0 waypoint4 waypoint2 waypoint0
SHOP_methodm-navigate_abs-4_5_precondition rover0 waypoint4 waypoint3 waypoint0
SHOP_methodm-navigate_abs-4_5_precondition rover0 waypoint4 waypoint4 waypoint1
SHOP_methodm-navigate_abs-4_5_precondition rover0 waypoint4 waypoint5 waypoint0
SHOP_methodm-navigate_abs-4_5_precondition rover0 waypoint5 waypoint1 waypoint0
SHOP_methodm-navigate_abs-4_5_precondition rover0 waypoint5 waypoint1 waypoint4
SHOP_methodm-navigate_abs-4_5_precondition rover0 waypoint5 waypoint2 waypoint0
SHOP_methodm-navigate_abs-4_5_precondition rover0 waypoint5 waypoint3 waypoint0
SHOP_methodm-navigate_abs-4_5_precondition rover0 waypoint5 waypoint4 waypoint1
SHOP_methodm-navigate_abs-4_5_precondition rover0 waypoint5 waypoint5 waypoint0
SHOP_methodm-navigate_abs-4_5_precondition rover1 waypoint0 waypoint0 waypoint1
SHOP_methodm-navigate_abs-4_5_precondition rover1 waypoint0 waypoint2 waypoint5
SHOP_methodm-navigate_abs-4_5_precondition rover1 waypoint0 waypoint3 waypoint4
SHOP_methodm-navigate_abs-4_5_precondition rover1 waypoint0 waypoint4 waypoint1
SHOP_methodm-navigate_abs-4_5_precondition rover1 waypoint0 waypoint4 waypoint3
SHOP_methodm-navigate_abs-4_5_precondition rover1 waypoint0 waypoint4 waypoint5
SHOP_methodm-navigate_abs-4_5_precondition rover1 waypoint0 waypoint5 waypoint2
SHOP_methodm-navigate_abs-4_5_precondition rover1 waypoint0 waypoint5 waypoint4
SHOP_methodm-navigate_abs-4_5_precondition rover1 waypoint1 waypoint1 waypoint0
SHOP_methodm-navigate_abs-4_5_precondition rover1 waypoint1 waypoint1 waypoint4
SHOP_methodm-navigate_abs-4_5_precondition rover1 waypoint1 waypoint2 waypoint5
SHOP_methodm-navigate_abs-4_5_precondition rover1 waypoint1 waypoint3 waypoint4
SHOP_methodm-navigate_abs-4_5_precondition rover1 waypoint1 waypoint5 waypoint2
SHOP_methodm-navigate_abs-4_5_precondition rover1 waypoint1 waypoint5 waypoint4
SHOP_methodm-navigate_abs-4_5_precondition rover1 waypoint2 waypoint0 waypoint1
SHOP_methodm-navigate_abs-4_5_precondition rover1 waypoint2 waypoint1 waypoint0
SHOP_methodm-navigate_abs-4_5_precondition rover1 waypoint2 waypoint1 waypoint4
SHOP_methodm-navigate_abs-4_5_precondition rover1 waypoint2 waypoint2 waypoint5
SHOP_methodm-navigate_abs-4_5_precondition rover1 waypoint2 waypoint3 waypoint4
SHOP_methodm-navigate_abs-4_5_precondition rover1 waypoint2 waypoint4 waypoint1
SHOP_methodm-navigate_abs-4_5_precondition rover1 waypoint2 waypoint4 waypoint3
SHOP_methodm-navigate_abs-4_5_precondition rover1 waypoint2 waypoint4 waypoint5
SHOP_methodm-navigate_abs-4_5_precondition rover1 waypoint3 waypoint0 waypoint1
SHOP_methodm-navigate_abs-4_5_precondition rover1 waypoint3 waypoint1 waypoint0
SHOP_methodm-navigate_abs-4_5_precondition rover1 waypoint3 waypoint1 waypoint4
SHOP_methodm-navigate_abs-4_5_precondition rover1 waypoint3 waypoint2 waypoint5
SHOP_methodm-navigate_abs-4_5_precondition rover1 waypoint3 waypoint3 waypoint4
SHOP_methodm-navigate_abs-4_5_precondition rover1 waypoint3 waypoint5 waypoint2
SHOP_methodm-navigate_abs-4_5_precondition rover1 waypoint3 waypoint5 waypoint4
SHOP_methodm-navigate_abs-4_5_precondition rover1 waypoint4 waypoint0 waypoint1
SHOP_methodm-navigate_abs-4_5_precondition rover1 waypoint4 waypoint2 waypoint5
SHOP_methodm-navigate_abs-4_5_precondition rover1 waypoint4 waypoint4 waypoint1
SHOP_methodm-navigate_abs-4_5_precondition rover1 waypoint4 waypoint4 waypoint3
SHOP_methodm-navigate_abs-4_5_precondition rover1 waypoint4 waypoint4 waypoint5
SHOP_methodm-navigate_abs-4_5_precondition rover1 waypoint5 waypoint0 waypoint1
SHOP_methodm-navigate_abs-4_5_precondition rover1 waypoint5 waypoint1 waypoint0
SHOP_methodm-navigate_abs-4_5_precondition rover1 waypoint5 waypoint1 waypoint4
SHOP_methodm-navigate_abs-4_5_precondition rover1 waypoint5 waypoint3 waypoint4
SHOP_methodm-navigate_abs-4_5_precondition rover1 waypoint5 waypoint5 waypoint2
SHOP_methodm-navigate_abs-4_5_precondition rover1 waypoint5 waypoint5 waypoint4
SHOP_methodm-send_image_data_10_precondition general waypoint3 waypoint0
SHOP_methodm-send_image_data_10_precondition general waypoint3 waypoint1
SHOP_methodm-send_image_data_10_precondition general waypoint3 waypoint2
SHOP_methodm-send_image_data_10_precondition general waypoint3 waypoint4
SHOP_methodm-send_image_data_10_precondition general waypoint3 waypoint5
SHOP_methodm-send_rock_data_8_precondition general waypoint3 waypoint0
SHOP_methodm-send_rock_data_8_precondition general waypoint3 waypoint1
SHOP_methodm-send_rock_data_8_precondition general waypoint3 waypoint2
SHOP_methodm-send_rock_data_8_precondition general waypoint3 waypoint4
SHOP_methodm-send_rock_data_8_precondition general waypoint3 waypoint5
SHOP_methodm-send_soil_data_6_precondition general waypoint3 waypoint0
SHOP_methodm-send_soil_data_6_precondition general waypoint3 waypoint1
SHOP_methodm-send_soil_data_6_precondition general waypoint3 waypoint2
SHOP_methodm-send_soil_data_6_precondition general waypoint3 waypoint4
SHOP_methodm-send_soil_data_6_precondition general waypoint3 waypoint5
calibrate rover0 camera0 objective0 waypoint0
calibrate rover0 camera0 objective0 waypoint1
calibrate rover0 camera0 objective0 waypoint2
calibrate rover0 camera0 objective0 waypoint3
calibrate rover0 camera0 objective0 waypoint4
calibrate rover0 camera0 objective0 waypoint5
calibrate rover0 camera1 objective1 waypoint0
calibrate rover0 camera1 objective1 waypoint1
calibrate rover1 camera2 objective0 waypoint0
calibrate rover1 camera2 objective0 waypoint1
calibrate rover1 camera2 objective0 waypoint2
calibrate rover1 camera2 objective0 waypoint3
calibrate rover1 camera2 objective0 waypoint4
calibrate rover1 camera2 objective0 waypoint5
communicate_image_data rover0 general objective0 colour waypoint0 waypoint3
communicate_image_data rover0 general objective0 colour waypoint1 waypoint3
communicate_image_data rover0 general objective0 colour waypoint2 waypoint3
communicate_image_data rover0 general objective0 colour waypoint4 waypoint3
communicate_image_data rover0 general objective0 colour waypoint5 waypoint3
communicate_image_data rover0 general objective0 low_res waypoint0 waypoint3
communicate_image_data rover0 general objective0 low_res waypoint1 waypoint3
communicate_image_data rover0 general objective0 low_res waypoint2 waypoint3
communicate_image_data rover0 general objective0 low_res waypoint4 waypoint3
communicate_image_data rover0 general objective0 low_res waypoint5 waypoint3
communicate_image_data rover0 general objective1 colour waypoint0 waypoint3
communicate_image_data rover0 general objective1 colour waypoint1 waypoint3
communicate_image_data rover0 general objective1 colour waypoint2 waypoint3
communicate_image_data rover0 general objective1 colour waypoint4 waypoint3
communicate_image_data rover0 general objective1 colour waypoint5 waypoint3
communicate_image_data rover0 general objective1 low_res waypoint0 waypoint3
communicate_image_data rover0 general objective1 low_res waypoint1 waypoint3
communicate_image_data rover0 general objective1 low_res waypoint2 waypoint3
communicate_image_data rover0 general objective1 low_res waypoint4 waypoint3
communicate_image_data rover0 general objective1 low_res waypoint5 waypoint3
communicate_image_data rover1 general objective0 colour waypoint0 waypoint3
communicate_image_data rover1 general objective0 colour waypoint1 waypoint3
communicate_image_data rover1 general objective0 colour waypoint2 waypoint3
communicate_image_data rover1 general objective0 colour waypoint4 waypoint3
communicate_image_data rover1 general objective0 colour waypoint5 waypoint3
communicate_image_data rover1 general objective0 high_res waypoint0 waypoint3
communicate_image_data rover1 general objective0 high_res waypoint1 waypoint3
communicate_image_data rover1 general objective0 high_res waypoint2 waypoint3
communicate_image_data rover1 general objective0 high_res waypoint4 waypoint3
communicate_image_data rover1 general objective0 high_res waypoint5 waypoint3
communicate_image_data rover1 general objective1 colour waypoint0 waypoint3
communicate_image_data rover1 general objective1 colour waypoint1 waypoint3
communicate_image_data rover1 general objective1 colour waypoint2 waypoint3
communicate_image_data rover1 general objective1 colour waypoint4 waypoint3
communicate_image_data rover1 general objective1 colour waypoint5 waypoint3
communicate_image_data rover1 general objective1 high_res waypoint0 waypoint3
communicate_image_data rover1 general objective1 high_res waypoint1 waypoint3
communicate_image_data rover1 general objective1 high_res waypoint2 waypoint3
communicate_image_data rover1 general objective1 high_res waypoint4 waypoint3
communicate_image_data rover1 general objective1 high_res waypoint5 waypoint3
communicate_rock_data rover0 general waypoint0 waypoint0 waypoint3
communicate_rock_data rover0 general waypoint0 waypoint1 waypoint3
communicate_rock_data rover0 general waypoint0 waypoint2 waypoint3
communicate_rock_data rover0 general waypoint0 waypoint4 waypoint3
communicate_rock_data rover0 general waypoint0 waypoint5 waypoint3
communicate_rock_data rover0 general waypoint2 waypoint0 waypoint3
communicate_rock_data rover0 general waypoint2 waypoint1 waypoint3
communicate_rock_data rover0 general waypoint2 waypoint2 waypoint3
communicate_rock_data rover0 general waypoint2 waypoint4 waypoint3
communicate_rock_data rover0 general waypoint2 waypoint5 waypoint3
communicate_rock_data rover0 general waypoint3 waypoint0 waypoint3
communicate_rock_data rover0 general waypoint3 waypoint1 waypoint3
communicate_rock_data rover0 general waypoint3 waypoint2 waypoint3
communicate_rock_data rover0 general waypoint3 waypoint4 waypoint3
communicate_rock_data rover0 general waypoint3 waypoint5 waypoint3
communicate_rock_data rover0 general waypoint5 waypoint0 waypoint3
communicate_rock_data rover0 general waypoint5 waypoint1 waypoint3
communicate_rock_data rover0 general waypoint5 waypoint2 waypoint3
communicate_rock_data rover0 general waypoint5 waypoint4 waypoint3
communicate_rock_data rover0 general waypoint5 waypoint5 waypoint3
communicate_soil_data rover1 general waypoint1 waypoint0 waypoint3
communicate_soil_data rover1 general waypoint1 waypoint1 waypoint3
communicate_soil_data rover1 general waypoint1 waypoint2 waypoint3
communicate_soil_data rover1 general waypoint1 waypoint4 waypoint3
communicate_soil_data rover1 general waypoint1 waypoint5 waypoint3
communicate_soil_data rover1 general waypoint2 waypoint0 waypoint3
communicate_soil_data rover1 general waypoint2 waypoint1 waypoint3
communicate_soil_data rover1 general waypoint2 waypoint2 waypoint3
communicate_soil_data rover1 general waypoint2 waypoint4 waypoint3
communicate_soil_data rover1 general waypoint2 waypoint5 waypoint3
communicate_soil_data rover1 general waypoint3 waypoint0 waypoint3
communicate_soil_data rover1 general waypoint3 waypoint1 waypoint3
communicate_soil_data rover1 general waypoint3 waypoint2 waypoint3
communicate_soil_data rover1 general waypoint3 waypoint4 waypoint3
communicate_soil_data rover1 general waypoint3 waypoint5 waypoint3
communicate_soil_data rover1 general waypoint4 waypoint0 waypoint3
communicate_soil_data rover1 general waypoint4 waypoint1 waypoint3
communicate_soil_data rover1 general waypoint4 waypoint2 waypoint3
communicate_soil_data rover1 general waypoint4 waypoint4 waypoint3
communicate_soil_data rover1 general waypoint4 waypoint5 waypoint3
communicate_soil_data rover1 general waypoint5 waypoint0 waypoint3
communicate_soil_data rover1 general waypoint5 waypoint1 waypoint3
communicate_soil_data rover1 general waypoint5 waypoint2 waypoint3
communicate_soil_data rover1 general waypoint5 waypoint4 waypoint3
communicate_soil_data rover1 general waypoint5 waypoint5 waypoint3
drop rover0 rover0store
drop rover1 rover1store
navigate rover0 waypoint0 waypoint1
navigate rover0 waypoint0 waypoint2
navigate rover0 waypoint0 waypoint3
navigate rover0 waypoint0 waypoint5
navigate rover0 waypoint1 waypoint0
navigate rover0 waypoint1 waypoint4
navigate rover0 waypoint2 waypoint0
navigate rover0 waypoint3 waypoint0
navigate rover0 waypoint4 waypoint1
navigate rover0 waypoint5 waypoint0
navigate rover1 waypoint0 waypoint1
navigate rover1 waypoint1 waypoint0
navigate rover1 waypoint1 waypoint4
navigate rover1 waypoint2 waypoint5
navigate rover1 waypoint3 waypoint4
navigate rover1 waypoint4 waypoint1
navigate rover1 waypoint4 waypoint3
navigate rover1 waypoint4 waypoint5
navigate rover1 waypoint5 waypoint2
navigate rover1 waypoint5 waypoint4
sample_rock rover0 rover0store waypoint0
sample_rock rover0 rover0store waypoint2
sample_rock rover0 rover0store waypoint3
sample_rock rover0 rover0store waypoint5
sample_soil rover1 rover1store waypoint1
sample_soil rover1 rover1store waypoint2
sample_soil rover1 rover1store waypoint3
sample_soil rover1 rover1store waypoint4
sample_soil rover1 rover1store waypoint5
take_image rover0 waypoint0 objective0 camera0 colour
take_image rover0 waypoint0 objective0 camera0 low_res
take_image rover0 waypoint0 objective0 camera1 colour
take_image rover0 waypoint0 objective0 camera1 low_res
take_image rover0 waypoint0 objective1 camera0 colour
take_image rover0 waypoint0 objective1 camera0 low_res
take_image rover0 waypoint0 objective1 camera1 colour
take_image rover0 waypoint0 objective1 camera1 low_res
take_image rover0 waypoint1 objective0 camera0 colour
take_image rover0 waypoint1 objective0 camera0 low_res
take_image rover0 waypoint1 objective0 camera1 colour
take_image rover0 waypoint1 objective0 camera1 low_res
take_image rover0 waypoint1 objective1 camera0 colour
take_image rover0 waypoint1 objective1 camera0 low_res
take_image rover0 waypoint1 objective1 camera1 colour
take_image rover0 waypoint1 objective1 camera1 low_res
take_image rover0 waypoint2 objective0 camera0 colour
take_image rover0 waypoint2 objective0 camera0 low_res
take_image rover0 waypoint2 objective0 camera1 colour
take_image rover0 waypoint2 objective0 camera1 low_res
take_image rover0 waypoint3 objective0 camera0 colour
take_image rover0 waypoint3 objective0 camera0 low_res
take_image rover0 waypoint3 objective0 camera1 colour
take_image rover0 waypoint3 objective0 camera1 low_res
take_image rover0 waypoint4 objective0 camera0 colour
take_image rover0 waypoint4 objective0 camera0 low_res
take_image rover0 waypoint4 objective0 camera1 colour
take_image rover0 waypoint4 objective0 camera1 low_res
take_image rover0 waypoint5 objective0 camera0 colour
take_image rover0 waypoint5 objective0 camera0 low_res
take_image rover0 waypoint5 objective0 camera1 colour
take_image rover0 waypoint5 objective0 camera1 low_res
take_image rover1 waypoint0 objective0 camera2 colour
take_image rover1 waypoint0 objective0 camera2 high_res
take_image rover1 waypoint0 objective1 camera2 colour
take_image rover1 waypoint0 objective1 camera2 high_res
take_image rover1 waypoint1 objective0 camera2 colour
take_image rover1 waypoint1 objective0 camera2 high_res
take_image rover1 waypoint1 objective1 camera2 colour
take_image rover1 waypoint1 objective1 camera2 high_res
take_image rover1 waypoint2 objective0 camera2 colour
take_image rover1 waypoint2 objective0 camera2 high_res
take_image rover1 waypoint3 objective0 camera2 colour
take_image rover1 waypoint3 objective0 camera2 high_res
take_image rover1 waypoint4 objective0 camera2 colour
take_image rover1 waypoint4 objective0 camera2 high_res
take_image rover1 waypoint5 objective0 camera2 colour
take_image rover1 waypoint5 objective0 camera2 high_res
unvisit waypoint0
unvisit waypoint1
unvisit waypoint2
unvisit waypoint3
unvisit waypoint4
unvisit waypoint5
visit waypoint0
visit waypoint1
visit waypoint2
visit waypoint3
visit waypoint4
visit waypoint5
+at rover0 waypoint0
+at rover0 waypoint1
+at rover0 waypoint2
+at rover0 waypoint3
+at rover0 waypoint4
+at rover0 waypoint5
+at rover1 waypoint0
+at rover1 waypoint1
+at rover1 waypoint2
+at rover1 waypoint3
+at rover1 waypoint4
+at rover1 waypoint5
+at_lander general waypoint3
+at_rock_sample waypoint0
+at_rock_sample waypoint2
+at_rock_sample waypoint3
+at_rock_sample waypoint5
+at_soil_sample waypoint1
+at_soil_sample waypoint2
+at_soil_sample waypoint3
+at_soil_sample waypoint4
+at_soil_sample waypoint5
+available rover0
+available rover1
+calibrated camera0 rover0
+calibrated camera1 rover0
+calibrated camera2 rover1
+calibration_target camera0 objective0
+calibration_target camera1 objective1
+calibration_target camera2 objective0
+can_traverse rover0 waypoint0 waypoint1
+can_traverse rover0 waypoint0 waypoint2
+can_traverse rover0 waypoint0 waypoint3
+can_traverse rover0 waypoint0 waypoint5
+can_traverse rover0 waypoint1 waypoint0
+can_traverse rover0 waypoint1 waypoint4
+can_traverse rover0 waypoint2 waypoint0
+can_traverse rover0 waypoint3 waypoint0
+can_traverse rover0 waypoint4 waypoint1
+can_traverse rover0 waypoint5 waypoint0
+can_traverse rover1 waypoint0 waypoint1
+can_traverse rover1 waypoint1 waypoint0
+can_traverse rover1 waypoint1 waypoint4
+can_traverse rover1 waypoint2 waypoint5
+can_traverse rover1 waypoint3 waypoint4
+can_traverse rover1 waypoint4 waypoint1
+can_traverse rover1 waypoint4 waypoint3
+can_traverse rover1 waypoint4 waypoint5
+can_traverse rover1 waypoint5 waypoint2
+can_traverse rover1 waypoint5 waypoint4
+channel_free general
+empty rover0store
+empty rover1store
+equipped_for_imaging rover0
+equipped_for_imaging rover1
+equipped_for_rock_analysis rover0
+equipped_for_soil_analysis rover1
+full rover0store
+full rover1store
+have_image rover0 objective0 colour
+have_image rover0 objective0 low_res
+have_image rover0 objective1 colour
+have_image rover0 objective1 low_res
+have_image rover1 objective0 colour
+have_image rover1 objective0 high_res
+have_image rover1 objective1 colour
+have_image rover1 objective1 high_res
+have_rock_analysis rover0 waypoint0
+have_rock_analysis rover0 waypoint2
+have_rock_analysis rover0 waypoint3
+have_rock_analysis rover0 waypoint5
+have_soil_analysis rover1 waypoint1
+have_soil_analysis rover1 waypoint2
+have_soil_analysis rover1 waypoint3
+have_soil_analysis rover1 waypoint4
+have_soil_analysis rover1 waypoint5
+on_board camera0 rover0
+on_board camera1 rover0
+on_board camera2 rover1
+store_of rover0store rover0
+store_of rover1store rover1
+supports camera0 colour
+supports camera0 low_res
+supports camera1 colour
+supports camera1 low_res
+supports camera2 colour
+supports camera2 high_res
+visible waypoint0 waypoint1
+visible waypoint0 waypoint2
+visible waypoint0 waypoint3
+visible waypoint0 waypoint5
+visible waypoint1 waypoint0
+visible waypoint1 waypoint3
+visible waypoint1 waypoint4
+visible waypoint2 waypoint0
+visible waypoint2 waypoint3
+visible waypoint2 waypoint5
+visible waypoint3 waypoint0
+visible waypoint3 waypoint1
+visible waypoint3 waypoint2
+visible waypoint3 waypoint4
+visible waypoint3 waypoint5
+visible waypoint4 waypoint1
+visible waypoint4 waypoint3
+visible waypoint4 waypoint5
+visible waypoint5 waypoint0
+visible waypoint5 waypoint2
+visible waypoint5 waypoint3
+visible waypoint5 waypoint4
+visible_from objective0 waypoint0
+visible_from objective0 waypoint1
+visible_from objective0 waypoint2
+visible_from objective0 waypoint3
+visible_from objective0 waypoint4
+visible_from objective0 waypoint5
+visible_from objective1 waypoint0
+visible_from objective1 waypoint1
-at rover0 waypoint0
-at rover0 waypoint1
-at rover0 waypoint2
-at rover0 waypoint3
-at rover0 waypoint4
-at rover0 waypoint5
-at rover1 waypoint0
-at rover1 waypoint1
-at rover1 waypoint2
-at rover1 waypoint3
-at rover1 waypoint4
-at rover1 waypoint5
-can_traverse rover0 waypoint0 waypoint0
-can_traverse rover0 waypoint0 waypoint4
-can_traverse rover0 waypoint1 waypoint1
-can_traverse rover0 waypoint1 waypoint2
-can_traverse rover0 waypoint1 waypoint3
-can_traverse rover0 waypoint1 waypoint5
-can_traverse rover0 waypoint2 waypoint1
-can_traverse rover0 waypoint2 waypoint2
-can_traverse rover0 waypoint2 waypoint3
-can_traverse rover0 waypoint2 waypoint4
-can_traverse rover0 waypoint2 waypoint5
-can_traverse rover0 waypoint3 waypoint1
-can_traverse rover0 waypoint3 waypoint2
-can_traverse rover0 waypoint3 waypoint3
-can_traverse rover0 waypoint3 waypoint4
-can_traverse rover0 waypoint3 waypoint5
-can_traverse rover0 waypoint4 waypoint0
-can_traverse rover0 waypoint4 waypoint2
-can_traverse rover0 waypoint4 waypoint3
-can_traverse rover0 waypoint4 waypoint4
-can_traverse rover0 waypoint4 waypoint5
-can_traverse rover0 waypoint5 waypoint1
-can_traverse rover0 waypoint5 waypoint2
-can_traverse rover0 waypoint5 waypoint3
-can_traverse rover0 waypoint5 waypoint4
-can_traverse rover0 waypoint5 waypoint5
-can_traverse rover1 waypoint0 waypoint0
-can_traverse rover1 waypoint0 waypoint2
-can_traverse rover1 waypoint0 waypoint3
-can_traverse rover1 waypoint0 waypoint4
-can_traverse rover1 waypoint0 waypoint5
-can_traverse rover1 waypoint1 waypoint1
-can_traverse rover1 waypoint1 waypoint2
-can_traverse rover1 waypoint1 waypoint3
-can_traverse rover1 waypoint1 waypoint5
-can_traverse rover1 waypoint2 waypoint0
-can_traverse rover1 waypoint2 waypoint1
-can_traverse rover1 waypoint2 waypoint2
-can_traverse rover1 waypoint2 waypoint3
-can_traverse rover1 waypoint2 waypoint4
-can_traverse rover1 waypoint3 waypoint0
-can_traverse rover1 waypoint3 waypoint1
-can_traverse rover1 waypoint3 waypoint2
-can_traverse rover1 waypoint3 waypoint3
-can_traverse rover1 waypoint3 waypoint5
-can_traverse rover1 waypoint4 waypoint0
-can_traverse rover1 waypoint4 waypoint2
-can_traverse rover1 waypoint4 waypoint4
-can_traverse rover1 waypoint5 waypoint0
-can_traverse rover1 waypoint5 waypoint1
-can_traverse rover1 waypoint5 waypoint3
-can_traverse rover1 waypoint5 waypoint5
-empty rover0store
-empty rover1store
-visited waypoint0
-visited waypoint1
-visited waypoint2
-visited waypoint3
-visited waypoint4
-visited waypoint5
