35 36
do_grind p0 smooth natural colourfragments untreated verysmooth natural
do_grind p0 smooth natural glazed untreated verysmooth natural
do_grind p0 smooth natural untreated untreated verysmooth natural
do_grind p0 smooth natural varnished colourfragments verysmooth natural
do_grind p0 verysmooth natural colourfragments untreated verysmooth natural
do_grind p0 verysmooth natural glazed untreated verysmooth natural
do_grind p0 verysmooth natural untreated untreated verysmooth natural
do_grind p0 verysmooth natural varnished colourfragments verysmooth natural
do_grind p1 smooth natural colourfragments untreated verysmooth natural
do_grind p1 smooth natural untreated untreated verysmooth natural
do_grind p1 smooth natural varnished colourfragments verysmooth natural
do_grind p1 verysmooth natural colourfragments untreated verysmooth natural
do_grind p1 verysmooth natural untreated untreated verysmooth natural
do_grind p1 verysmooth natural varnished colourfragments verysmooth natural
do_plane p0 smooth natural colourfragments smooth untreated natural
do_plane p0 smooth natural glazed smooth untreated natural
do_plane p0 smooth natural untreated smooth untreated natural
do_plane p0 smooth natural varnished smooth untreated natural
do_plane p0 verysmooth natural colourfragments smooth untreated natural
do_plane p0 verysmooth natural glazed smooth untreated natural
do_plane p0 verysmooth natural untreated smooth untreated natural
do_plane p0 verysmooth natural varnished smooth untreated natural
do_plane p1 smooth natural colourfragments smooth untreated natural
do_plane p1 smooth natural untreated smooth untreated natural
do_plane p1 smooth natural varnished smooth untreated natural
do_plane p1 verysmooth natural colourfragments smooth untreated natural
do_plane p1 verysmooth natural untreated smooth untreated natural
do_plane p1 verysmooth natural varnished smooth untreated natural
do_saw_medium b0 p1 walnut smooth s6 s5 s4 medium natural untreated
do_spray_varnish p0 spray_varnisher0 natural smooth untreated varnished natural
do_spray_varnish p0 spray_varnisher0 natural verysmooth untreated varnished natural
do_spray_varnish p1 spray_varnisher0 natural smooth untreated varnished natural
do_spray_varnish p1 spray_varnisher0 natural verysmooth untreated varnished natural
load_highspeed_saw b0 highspeed_saw0
unload_highspeed_saw b0 highspeed_saw0
+available b0
+available p0
+available p1
+boardsize b0 s4
+boardsize b0 s6
+boardsize_successor s4 s5
+boardsize_successor s5 s6
+colour p0 natural
+colour p1 natural
+empty highspeed_saw0
+goalsize p0 small
+goalsize p1 medium
+grind_treatment_change colourfragments untreated
+grind_treatment_change glazed untreated
+grind_treatment_change untreated untreated
+grind_treatment_change varnished colourfragments
+has_colour spray_varnisher0 natural
+in_highspeed_saw b0 highspeed_saw0
+is_smooth smooth
+is_smooth verysmooth
+surface_condition b0 smooth
+surface_condition p0 smooth
+surface_condition p0 verysmooth
+surface_condition p1 smooth
+surface_condition p1 verysmooth
+treatment p0 colourfragments
+treatment p0 glazed
+treatment p0 untreated
+treatment p0 varnished
+treatment p1 colourfragments
+treatment p1 untreated
+treatment p1 varnished
+unused p1
+wood b0 walnut
+wood p0 walnut
+wood p1 walnut
