13 19
affix_warning_signs Pferd
collect_fees MaseratiMC12
decontaminate_interior Pferd
deliver_p MaseratiMC12
do_clean_interior Pferd
load_cars MaseratiMC12 Pferd O27
load_cars MaseratiMC12 Pferd O28
lower_ramp Pferd
move_vehicle_no_traincar Pferd O27 James_Franck_Ring O28
raise_ramp Pferd
remove_warning_signs Pferd
unload_cars MaseratiMC12 Pferd O27
unload_cars MaseratiMC12 Pferd O28
+At_Package MaseratiMC12 O27
+At_Package MaseratiMC12 O28
+At_Package MaseratiMC12 Pferd
+At_Vehicle Pferd O27
+At_Vehicle Pferd O28
+Available James_Franck_Ring
+Available Pferd
+Connects James_Franck_Ring O27 O28
+Delivered MaseratiMC12
+Fees_Collected MaseratiMC12
+In_City O27 Ulm
+In_City O28 Ulm
+PV_Compatible MaseratiMC12 Pferd
+RV_Compatible James_Franck_Ring Pferd
+Ramp_Down Pferd
+Warning_Signs_Affixed Pferd
-Fees_Collected MaseratiMC12
-Ramp_Down Pferd
-Warning_Signs_Affixed Pferd
