159 57
do_glaze p0 glazer0 natural untreated glazed natural
do_glaze p0 glazer0 red untreated glazed natural
do_glaze p1 glazer0 natural untreated glazed natural
do_glaze p1 glazer0 red untreated glazed natural
do_glaze p2 glazer0 natural untreated glazed natural
do_glaze p2 glazer0 red untreated glazed natural
do_grind p0 smooth natural colourfragments untreated verysmooth natural
do_grind p0 smooth natural glazed untreated verysmooth natural
do_grind p0 smooth natural untreated untreated verysmooth natural
do_grind p0 smooth natural varnished colourfragments verysmooth natural
do_grind p0 smooth natural varnished untreated verysmooth natural
do_grind p0 smooth red colourfragments untreated verysmooth natural
do_grind p0 smooth red glazed untreated verysmooth natural
do_grind p0 smooth red untreated untreated verysmooth natural
do_grind p0 smooth red varnished colourfragments verysmooth natural
do_grind p0 smooth red varnished untreated verysmooth natural
do_grind p0 verysmooth natural colourfragments untreated verysmooth natural
do_grind p0 verysmooth natural glazed untreated verysmooth natural
do_grind p0 verysmooth natural untreated untreated verysmooth natural
do_grind p0 verysmooth natural varnished colourfragments verysmooth natural
do_grind p0 verysmooth natural varnished untreated verysmooth natural
do_grind p0 verysmooth red colourfragments untreated verysmooth natural
do_grind p0 verysmooth red glazed untreated verysmooth natural
do_grind p0 verysmooth red untreated untreated verysmooth natural
do_grind p0 verysmooth red varnished colourfragments verysmooth natural
do_grind p0 verysmooth red varnished untreated verysmooth natural
do_grind p1 smooth natural colourfragments untreated verysmooth natural
do_grind p1 smooth natural glazed untreated verysmooth natural
do_grind p1 smooth natural untreated untreated verysmooth natural
do_grind p1 smooth natural varnished colourfragments verysmooth natural
do_grind p1 smooth natural varnished untreated verysmooth natural
do_grind p1 smooth red colourfragments untreated verysmooth natural
do_grind p1 smooth red glazed untreated verysmooth natural
do_grind p1 smooth red untreated untreated verysmooth natural
do_grind p1 smooth red varnished colourfragments verysmooth natural
do_grind p1 smooth red varnished untreated verysmooth natural
do_grind p1 verysmooth natural colourfragments untreated verysmooth natural
do_grind p1 verysmooth natural glazed untreated verysmooth natural
do_grind p1 verysmooth natural untreated untreated verysmooth natural
do_grind p1 verysmooth natural varnished colourfragments verysmooth natural
do_grind p1 verysmooth natural varnished untreated verysmooth natural
do_grind p1 verysmooth red colourfragments untreated verysmooth natural
do_grind p1 verysmooth red glazed untreated verysmooth natural
do_grind p1 verysmooth red untreated untreated verysmooth natural
do_grind p1 verysmooth red varnished colourfragments verysmooth natural
do_grind p1 verysmooth red varnished untreated verysmooth natural
do_grind p2 smooth natural colourfragments untreated verysmooth natural
do_grind p2 smooth natural glazed untreated verysmooth natural
do_grind p2 smooth natural untreated untreated verysmooth natural
do_grind p2 smooth natural varnished colourfragments verysmooth natural
do_grind p2 smooth natural varnished untreated verysmooth natural
do_grind p2 smooth red colourfragments untreated verysmooth natural
do_grind p2 smooth red glazed untreated verysmooth natural
do_grind p2 smooth red untreated untreated verysmooth natural
do_grind p2 smooth red varnished colourfragments verysmooth natural
do_grind p2 smooth red varnished untreated verysmooth natural
do_grind p2 verysmooth natural colourfragments untreated verysmooth natural
do_grind p2 verysmooth natural glazed untreated verysmooth natural
do_grind p2 verysmooth natural untreated untreated verysmooth natural
do_grind p2 verysmooth natural varnished colourfragments verysmooth natural
do_grind p2 verysmooth natural varnished untreated verysmooth natural
do_grind p2 verysmooth red colourfragments untreated verysmooth natural
do_grind p2 verysmooth red glazed untreated verysmooth natural
do_grind p2 verysmooth red untreated untreated verysmooth natural
do_grind p2 verysmooth red varnished colourfragments verysmooth natural
do_grind p2 verysmooth red varnished untreated verysmooth natural
do_grind_untreated p0 grinder0 smooth natural untreated verysmooth natural
do_grind_untreated p0 grinder0 smooth red untreated verysmooth natural
do_grind_untreated p0 grinder0 verysmooth natural untreated verysmooth natural
do_grind_untreated p0 grinder0 verysmooth red untreated verysmooth natural
do_grind_untreated p1 grinder0 rough natural untreated verysmooth natural
do_grind_untreated p1 grinder0 rough red untreated verysmooth natural
do_grind_untreated p1 grinder0 smooth natural untreated verysmooth natural
do_grind_untreated p1 grinder0 smooth red untreated verysmooth natural
do_grind_untreated p1 grinder0 verysmooth natural untreated verysmooth natural
do_grind_untreated p1 grinder0 verysmooth red untreated verysmooth natural
do_grind_untreated p2 grinder0 smooth natural untreated verysmooth natural
do_grind_untreated p2 grinder0 smooth red untreated verysmooth natural
do_grind_untreated p2 grinder0 verysmooth natural untreated verysmooth natural
do_grind_untreated p2 grinder0 verysmooth red untreated verysmooth natural
do_plane p0 smooth natural colourfragments smooth untreated natural
do_plane p0 smooth natural glazed smooth untreated natural
do_plane p0 smooth natural untreated smooth untreated natural
do_plane p0 smooth natural varnished smooth untreated natural
do_plane p0 smooth red colourfragments smooth untreated natural
do_plane p0 smooth red glazed smooth untreated natural
do_plane p0 smooth red untreated smooth untreated natural
do_plane p0 smooth red varnished smooth untreated natural
do_plane p0 verysmooth natural colourfragments smooth untreated natural
do_plane p0 verysmooth natural glazed smooth untreated natural
do_plane p0 verysmooth natural untreated smooth untreated natural
do_plane p0 verysmooth natural varnished smooth untreated natural
do_plane p0 verysmooth red colourfragments smooth untreated natural
do_plane p0 verysmooth red glazed smooth untreated natural
do_plane p0 verysmooth red untreated smooth untreated natural
do_plane p0 verysmooth red varnished smooth untreated natural
do_plane p1 rough natural colourfragments smooth untreated natural
do_plane p1 rough natural glazed smooth untreated natural
do_plane p1 rough natural untreated smooth untreated natural
do_plane p1 rough natural varnished smooth untreated natural
do_plane p1 rough red colourfragments smooth untreated natural
do_plane p1 rough red glazed smooth untreated natural
do_plane p1 rough red untreated smooth untreated natural
do_plane p1 rough red varnished smooth untreated natural
do_plane p1 smooth natural colourfragments smooth untreated natural
do_plane p1 smooth natural glazed smooth untreated natural
do_plane p1 smooth natural untreated smooth untreated natural
do_plane p1 smooth natural varnished smooth untreated natural
do_plane p1 smooth red colourfragments smooth untreated natural
do_plane p1 smooth red glazed smooth untreated natural
do_plane p1 smooth red untreated smooth untreated natural
do_plane p1 smooth red varnished smooth untreated natural
do_plane p1 verysmooth natural colourfragments smooth untreated natural
do_plane p1 verysmooth natural glazed smooth untreated natural
do_plane p1 verysmooth natural untreated smooth untreated natural
do_plane p1 verysmooth natural varnished smooth untreated natural
do_plane p1 verysmooth red colourfragments smooth untreated natural
do_plane p1 verysmooth red glazed smooth untreated natural
do_plane p1 verysmooth red untreated smooth untreated natural
do_plane p1 verysmooth red varnished smooth untreated natural
do_plane p2 smooth natural colourfragments smooth untreated natural
do_plane p2 smooth natural glazed smooth untreated natural
do_plane p2 smooth natural untreated smooth untreated natural
do_plane p2 smooth natural varnished smooth untreated natural
do_plane p2 smooth red colourfragments smooth untreated natural
do_plane p2 smooth red glazed smooth untreated natural
do_plane p2 smooth red untreated smooth untreated natural
do_plane p2 smooth red varnished smooth untreated natural
do_plane p2 verysmooth natural colourfragments smooth untreated natural
do_plane p2 verysmooth natural glazed smooth untreated natural
do_plane p2 verysmooth natural untreated smooth untreated natural
do_plane p2 verysmooth natural varnished smooth untreated natural
do_plane p2 verysmooth red colourfragments smooth untreated natural
do_plane p2 verysmooth red glazed smooth untreated natural
do_plane p2 verysmooth red untreated smooth untreated natural
do_plane p2 verysmooth red varnished smooth untreated natural
do_plane_untreated p0 planer0 smooth natural untreated smooth natural
do_plane_untreated p0 planer0 smooth red untreated smooth natural
do_plane_untreated p0 planer0 verysmooth natural untreated smooth natural
do_plane_untreated p0 planer0 verysmooth red untreated smooth natural
do_plane_untreated p1 planer0 rough natural untreated smooth natural
do_plane_untreated p1 planer0 rough red untreated smooth natural
do_plane_untreated p1 planer0 smooth natural untreated smooth natural
do_plane_untreated p1 planer0 smooth red untreated smooth natural
do_plane_untreated p1 planer0 verysmooth natural untreated smooth natural
do_plane_untreated p1 planer0 verysmooth red untreated smooth natural
do_plane_untreated p2 planer0 smooth natural untreated smooth natural
do_plane_untreated p2 planer0 smooth red untreated smooth natural
do_plane_untreated p2 planer0 verysmooth natural untreated smooth natural
do_plane_untreated p2 planer0 verysmooth red untreated smooth natural
do_saw_medium b0 p1 pine rough s3 s2 s1 medium natural untreated
do_spray_varnish p0 spray_varnisher0 red smooth untreated varnished natural
do_spray_varnish p0 spray_varnisher0 red verysmooth untreated varnished natural
do_spray_varnish p1 spray_varnisher0 red smooth untreated varnished natural
do_spray_varnish p1 spray_varnisher0 red verysmooth untreated varnished natural
do_spray_varnish p2 spray_varnisher0 red smooth untreated varnished natural
do_spray_varnish p2 spray_varnisher0 red verysmooth untreated varnished natural
load_highspeed_saw b0 highspeed_saw0
unload_highspeed_saw b0 highspeed_saw0
+available b0
+available p0
+available p1
+available p2
+boardsize b0 s1
+boardsize b0 s3
+boardsize_successor s0 s1
+boardsize_successor s1 s2
+boardsize_successor s2 s3
+colour p0 natural
+colour p0 red
+colour p1 natural
+colour p1 red
+colour p2 natural
+colour p2 red
+empty highspeed_saw0
+goalsize p0 small
+goalsize p1 medium
+goalsize p2 large
+grind_treatment_change colourfragments untreated
+grind_treatment_change glazed untreated
+grind_treatment_change untreated untreated
+grind_treatment_change varnished colourfragments
+grind_treatment_change varnished untreated
+has_colour glazer0 natural
+has_colour glazer0 red
+has_colour spray_varnisher0 red
+in_highspeed_saw b0 highspeed_saw0
+is_smooth smooth
+is_smooth verysmooth
+machine_present grinder0
+machine_present planer0
+surface_condition b0 rough
+surface_condition p0 smooth
+surface_condition p0 verysmooth
+surface_condition p1 rough
+surface_condition p1 smooth
+surface_condition p1 verysmooth
+surface_condition p2 smooth
+surface_condition p2 verysmooth
+treatment p0 colourfragments
+treatment p0 glazed
+treatment p0 untreated
+treatment p0 varnished
+treatment p1 colourfragments
+treatment p1 glazed
+treatment p1 untreated
+treatment p1 varnished
+treatment p2 colourfragments
+treatment p2 glazed
+treatment p2 untreated
+treatment p2 varnished
+unused p1
+wood b0 pine
+wood p0 pine
+wood p1 pine
+wood p2 teak
