304 201
SHOP_methodm-dconnect-a-empty_12_precondition active-speaker-1 cinch-cable-1
SHOP_methodm-dconnect-a-empty_12_precondition active-speaker-1 cinch-cable-2
SHOP_methodm-dconnect-a-empty_12_precondition cinch-cable-1 active-speaker-1
SHOP_methodm-dconnect-a-empty_12_precondition cinch-cable-1 tv1-1
SHOP_methodm-dconnect-a-empty_12_precondition cinch-cable-2 active-speaker-1
SHOP_methodm-dconnect-a-empty_12_precondition cinch-cable-2 tv1-1
SHOP_methodm-dconnect-a-empty_12_precondition dvd-1 scart-cable-1
SHOP_methodm-dconnect-a-empty_12_precondition dvd-1 scart-cable-2
SHOP_methodm-dconnect-a-empty_12_precondition dvd-1 scart-cable-3
SHOP_methodm-dconnect-a-empty_12_precondition game-console-1 scart-cable-1
SHOP_methodm-dconnect-a-empty_12_precondition game-console-1 scart-cable-2
SHOP_methodm-dconnect-a-empty_12_precondition game-console-1 scart-cable-3
SHOP_methodm-dconnect-a-empty_12_precondition scart-cable-1 dvd-1
SHOP_methodm-dconnect-a-empty_12_precondition scart-cable-1 game-console-1
SHOP_methodm-dconnect-a-empty_12_precondition scart-cable-1 tv1-1
SHOP_methodm-dconnect-a-empty_12_precondition scart-cable-2 dvd-1
SHOP_methodm-dconnect-a-empty_12_precondition scart-cable-2 game-console-1
SHOP_methodm-dconnect-a-empty_12_precondition scart-cable-2 tv1-1
SHOP_methodm-dconnect-a-empty_12_precondition scart-cable-3 dvd-1
SHOP_methodm-dconnect-a-empty_12_precondition scart-cable-3 game-console-1
SHOP_methodm-dconnect-a-empty_12_precondition scart-cable-3 tv1-1
SHOP_methodm-dconnect-a-empty_12_precondition tv1-1 cinch-cable-1
SHOP_methodm-dconnect-a-empty_12_precondition tv1-1 cinch-cable-2
SHOP_methodm-dconnect-a-empty_12_precondition tv1-1 scart-cable-1
SHOP_methodm-dconnect-a-empty_12_precondition tv1-1 scart-cable-2
SHOP_methodm-dconnect-a-empty_12_precondition tv1-1 scart-cable-3
SHOP_methodm-dconnect-a_9_precondition cinch-cable-1-cinch-2 active-speaker-1-cinch-1
SHOP_methodm-dconnect-a_9_precondition cinch-cable-1-cinch-2 active-speaker-1-cinch-2
SHOP_methodm-dconnect-a_9_precondition cinch-cable-1-cinch-2 cinch-cable-1-cinch-1
SHOP_methodm-dconnect-a_9_precondition cinch-cable-1-cinch-2 cinch-cable-2-cinch-1
SHOP_methodm-dconnect-a_9_precondition cinch-cable-1-cinch-2 scart-cable-1-scart-1
SHOP_methodm-dconnect-a_9_precondition cinch-cable-1-cinch-2 scart-cable-2-scart-1
SHOP_methodm-dconnect-a_9_precondition cinch-cable-1-cinch-2 scart-cable-3-scart-1
SHOP_methodm-dconnect-a_9_precondition cinch-cable-1-cinch-2 tv1-1-scart-1
SHOP_methodm-dconnect-a_9_precondition cinch-cable-1-cinch-2 tv1-1-scart-2
SHOP_methodm-dconnect-a_9_precondition cinch-cable-2-cinch-2 active-speaker-1-cinch-1
SHOP_methodm-dconnect-a_9_precondition cinch-cable-2-cinch-2 active-speaker-1-cinch-2
SHOP_methodm-dconnect-a_9_precondition cinch-cable-2-cinch-2 cinch-cable-1-cinch-1
SHOP_methodm-dconnect-a_9_precondition cinch-cable-2-cinch-2 cinch-cable-2-cinch-1
SHOP_methodm-dconnect-a_9_precondition cinch-cable-2-cinch-2 scart-cable-1-scart-1
SHOP_methodm-dconnect-a_9_precondition cinch-cable-2-cinch-2 scart-cable-2-scart-1
SHOP_methodm-dconnect-a_9_precondition cinch-cable-2-cinch-2 scart-cable-3-scart-1
SHOP_methodm-dconnect-a_9_precondition cinch-cable-2-cinch-2 tv1-1-scart-1
SHOP_methodm-dconnect-a_9_precondition cinch-cable-2-cinch-2 tv1-1-scart-2
SHOP_methodm-dconnect-a_9_precondition dvd-1-scart-1 active-speaker-1-cinch-1
SHOP_methodm-dconnect-a_9_precondition dvd-1-scart-1 active-speaker-1-cinch-2
SHOP_methodm-dconnect-a_9_precondition dvd-1-scart-1 cinch-cable-1-cinch-1
SHOP_methodm-dconnect-a_9_precondition dvd-1-scart-1 cinch-cable-2-cinch-1
SHOP_methodm-dconnect-a_9_precondition dvd-1-scart-1 scart-cable-1-scart-1
SHOP_methodm-dconnect-a_9_precondition dvd-1-scart-1 scart-cable-2-scart-1
SHOP_methodm-dconnect-a_9_precondition dvd-1-scart-1 scart-cable-3-scart-1
SHOP_methodm-dconnect-a_9_precondition dvd-1-scart-1 tv1-1-scart-1
SHOP_methodm-dconnect-a_9_precondition dvd-1-scart-1 tv1-1-scart-2
SHOP_methodm-dconnect-a_9_precondition game-console-1-scart-1 active-speaker-1-cinch-1
SHOP_methodm-dconnect-a_9_precondition game-console-1-scart-1 active-speaker-1-cinch-2
SHOP_methodm-dconnect-a_9_precondition game-console-1-scart-1 cinch-cable-1-cinch-1
SHOP_methodm-dconnect-a_9_precondition game-console-1-scart-1 cinch-cable-2-cinch-1
SHOP_methodm-dconnect-a_9_precondition game-console-1-scart-1 scart-cable-1-scart-1
SHOP_methodm-dconnect-a_9_precondition game-console-1-scart-1 scart-cable-2-scart-1
SHOP_methodm-dconnect-a_9_precondition game-console-1-scart-1 scart-cable-3-scart-1
SHOP_methodm-dconnect-a_9_precondition game-console-1-scart-1 tv1-1-scart-1
SHOP_methodm-dconnect-a_9_precondition game-console-1-scart-1 tv1-1-scart-2
SHOP_methodm-dconnect-a_9_precondition scart-cable-1-scart-2 active-speaker-1-cinch-1
SHOP_methodm-dconnect-a_9_precondition scart-cable-1-scart-2 active-speaker-1-cinch-2
SHOP_methodm-dconnect-a_9_precondition scart-cable-1-scart-2 cinch-cable-1-cinch-1
SHOP_methodm-dconnect-a_9_precondition scart-cable-1-scart-2 cinch-cable-2-cinch-1
SHOP_methodm-dconnect-a_9_precondition scart-cable-1-scart-2 scart-cable-1-scart-1
SHOP_methodm-dconnect-a_9_precondition scart-cable-1-scart-2 scart-cable-2-scart-1
SHOP_methodm-dconnect-a_9_precondition scart-cable-1-scart-2 scart-cable-3-scart-1
SHOP_methodm-dconnect-a_9_precondition scart-cable-1-scart-2 tv1-1-scart-1
SHOP_methodm-dconnect-a_9_precondition scart-cable-1-scart-2 tv1-1-scart-2
SHOP_methodm-dconnect-a_9_precondition scart-cable-2-scart-2 active-speaker-1-cinch-1
SHOP_methodm-dconnect-a_9_precondition scart-cable-2-scart-2 active-speaker-1-cinch-2
SHOP_methodm-dconnect-a_9_precondition scart-cable-2-scart-2 cinch-cable-1-cinch-1
SHOP_methodm-dconnect-a_9_precondition scart-cable-2-scart-2 cinch-cable-2-cinch-1
SHOP_methodm-dconnect-a_9_precondition scart-cable-2-scart-2 scart-cable-1-scart-1
SHOP_methodm-dconnect-a_9_precondition scart-cable-2-scart-2 scart-cable-2-scart-1
SHOP_methodm-dconnect-a_9_precondition scart-cable-2-scart-2 scart-cable-3-scart-1
SHOP_methodm-dconnect-a_9_precondition scart-cable-2-scart-2 tv1-1-scart-1
SHOP_methodm-dconnect-a_9_precondition scart-cable-2-scart-2 tv1-1-scart-2
SHOP_methodm-dconnect-a_9_precondition scart-cable-3-scart-2 active-speaker-1-cinch-1
SHOP_methodm-dconnect-a_9_precondition scart-cable-3-scart-2 active-speaker-1-cinch-2
SHOP_methodm-dconnect-a_9_precondition scart-cable-3-scart-2 cinch-cable-1-cinch-1
SHOP_methodm-dconnect-a_9_precondition scart-cable-3-scart-2 cinch-cable-2-cinch-1
SHOP_methodm-dconnect-a_9_precondition scart-cable-3-scart-2 scart-cable-1-scart-1
SHOP_methodm-dconnect-a_9_precondition scart-cable-3-scart-2 scart-cable-2-scart-1
SHOP_methodm-dconnect-a_9_precondition scart-cable-3-scart-2 scart-cable-3-scart-1
SHOP_methodm-dconnect-a_9_precondition scart-cable-3-scart-2 tv1-1-scart-1
SHOP_methodm-dconnect-a_9_precondition scart-cable-3-scart-2 tv1-1-scart-2
SHOP_methodm-dconnect-a_9_precondition tv1-1-cinch-3 active-speaker-1-cinch-1
SHOP_methodm-dconnect-a_9_precondition tv1-1-cinch-3 active-speaker-1-cinch-2
SHOP_methodm-dconnect-a_9_precondition tv1-1-cinch-3 cinch-cable-1-cinch-1
SHOP_methodm-dconnect-a_9_precondition tv1-1-cinch-3 cinch-cable-2-cinch-1
SHOP_methodm-dconnect-a_9_precondition tv1-1-cinch-3 scart-cable-1-scart-1
SHOP_methodm-dconnect-a_9_precondition tv1-1-cinch-3 scart-cable-2-scart-1
SHOP_methodm-dconnect-a_9_precondition tv1-1-cinch-3 scart-cable-3-scart-1
SHOP_methodm-dconnect-a_9_precondition tv1-1-cinch-3 tv1-1-scart-1
SHOP_methodm-dconnect-a_9_precondition tv1-1-cinch-3 tv1-1-scart-2
SHOP_methodm-dconnect-av-empty_11_precondition dvd-1 scart-cable-1
SHOP_methodm-dconnect-av-empty_11_precondition dvd-1 scart-cable-2
SHOP_methodm-dconnect-av-empty_11_precondition dvd-1 scart-cable-3
SHOP_methodm-dconnect-av-empty_11_precondition game-console-1 scart-cable-1
SHOP_methodm-dconnect-av-empty_11_precondition game-console-1 scart-cable-2
SHOP_methodm-dconnect-av-empty_11_precondition game-console-1 scart-cable-3
SHOP_methodm-dconnect-av-empty_11_precondition scart-cable-1 dvd-1
SHOP_methodm-dconnect-av-empty_11_precondition scart-cable-1 game-console-1
SHOP_methodm-dconnect-av-empty_11_precondition scart-cable-1 tv1-1
SHOP_methodm-dconnect-av-empty_11_precondition scart-cable-2 dvd-1
SHOP_methodm-dconnect-av-empty_11_precondition scart-cable-2 game-console-1
SHOP_methodm-dconnect-av-empty_11_precondition scart-cable-2 tv1-1
SHOP_methodm-dconnect-av-empty_11_precondition scart-cable-3 dvd-1
SHOP_methodm-dconnect-av-empty_11_precondition scart-cable-3 game-console-1
SHOP_methodm-dconnect-av-empty_11_precondition scart-cable-3 tv1-1
SHOP_methodm-dconnect-av-empty_11_precondition tv1-1 scart-cable-1
SHOP_methodm-dconnect-av-empty_11_precondition tv1-1 scart-cable-2
SHOP_methodm-dconnect-av-empty_11_precondition tv1-1 scart-cable-3
SHOP_methodm-dconnect-av_8_precondition cinch-cable-1-cinch-2 cinch-cable-1-cinch-1
SHOP_methodm-dconnect-av_8_precondition cinch-cable-1-cinch-2 cinch-cable-2-cinch-1
SHOP_methodm-dconnect-av_8_precondition cinch-cable-1-cinch-2 scart-cable-1-scart-1
SHOP_methodm-dconnect-av_8_precondition cinch-cable-1-cinch-2 scart-cable-2-scart-1
SHOP_methodm-dconnect-av_8_precondition cinch-cable-1-cinch-2 scart-cable-3-scart-1
SHOP_methodm-dconnect-av_8_precondition cinch-cable-1-cinch-2 tv1-1-scart-1
SHOP_methodm-dconnect-av_8_precondition cinch-cable-1-cinch-2 tv1-1-scart-2
SHOP_methodm-dconnect-av_8_precondition cinch-cable-2-cinch-2 cinch-cable-1-cinch-1
SHOP_methodm-dconnect-av_8_precondition cinch-cable-2-cinch-2 cinch-cable-2-cinch-1
SHOP_methodm-dconnect-av_8_precondition cinch-cable-2-cinch-2 scart-cable-1-scart-1
SHOP_methodm-dconnect-av_8_precondition cinch-cable-2-cinch-2 scart-cable-2-scart-1
SHOP_methodm-dconnect-av_8_precondition cinch-cable-2-cinch-2 scart-cable-3-scart-1
SHOP_methodm-dconnect-av_8_precondition cinch-cable-2-cinch-2 tv1-1-scart-1
SHOP_methodm-dconnect-av_8_precondition cinch-cable-2-cinch-2 tv1-1-scart-2
SHOP_methodm-dconnect-av_8_precondition dvd-1-scart-1 cinch-cable-1-cinch-1
SHOP_methodm-dconnect-av_8_precondition dvd-1-scart-1 cinch-cable-2-cinch-1
SHOP_methodm-dconnect-av_8_precondition dvd-1-scart-1 scart-cable-1-scart-1
SHOP_methodm-dconnect-av_8_precondition dvd-1-scart-1 scart-cable-2-scart-1
SHOP_methodm-dconnect-av_8_precondition dvd-1-scart-1 scart-cable-3-scart-1
SHOP_methodm-dconnect-av_8_precondition dvd-1-scart-1 tv1-1-scart-1
SHOP_methodm-dconnect-av_8_precondition dvd-1-scart-1 tv1-1-scart-2
SHOP_methodm-dconnect-av_8_precondition game-console-1-scart-1 cinch-cable-1-cinch-1
SHOP_methodm-dconnect-av_8_precondition game-console-1-scart-1 cinch-cable-2-cinch-1
SHOP_methodm-dconnect-av_8_precondition game-console-1-scart-1 scart-cable-1-scart-1
SHOP_methodm-dconnect-av_8_precondition game-console-1-scart-1 scart-cable-2-scart-1
SHOP_methodm-dconnect-av_8_precondition game-console-1-scart-1 scart-cable-3-scart-1
SHOP_methodm-dconnect-av_8_precondition game-console-1-scart-1 tv1-1-scart-1
SHOP_methodm-dconnect-av_8_precondition game-console-1-scart-1 tv1-1-scart-2
SHOP_methodm-dconnect-av_8_precondition scart-cable-1-scart-2 cinch-cable-1-cinch-1
SHOP_methodm-dconnect-av_8_precondition scart-cable-1-scart-2 cinch-cable-2-cinch-1
SHOP_methodm-dconnect-av_8_precondition scart-cable-1-scart-2 scart-cable-1-scart-1
SHOP_methodm-dconnect-av_8_precondition scart-cable-1-scart-2 scart-cable-2-scart-1
SHOP_methodm-dconnect-av_8_precondition scart-cable-1-scart-2 scart-cable-3-scart-1
SHOP_methodm-dconnect-av_8_precondition scart-cable-1-scart-2 tv1-1-scart-1
SHOP_methodm-dconnect-av_8_precondition scart-cable-1-scart-2 tv1-1-scart-2
SHOP_methodm-dconnect-av_8_precondition scart-cable-2-scart-2 cinch-cable-1-cinch-1
SHOP_methodm-dconnect-av_8_precondition scart-cable-2-scart-2 cinch-cable-2-cinch-1
SHOP_methodm-dconnect-av_8_precondition scart-cable-2-scart-2 scart-cable-1-scart-1
SHOP_methodm-dconnect-av_8_precondition scart-cable-2-scart-2 scart-cable-2-scart-1
SHOP_methodm-dconnect-av_8_precondition scart-cable-2-scart-2 scart-cable-3-scart-1
SHOP_methodm-dconnect-av_8_precondition scart-cable-2-scart-2 tv1-1-scart-1
SHOP_methodm-dconnect-av_8_precondition scart-cable-2-scart-2 tv1-1-scart-2
SHOP_methodm-dconnect-av_8_precondition scart-cable-3-scart-2 cinch-cable-1-cinch-1
SHOP_methodm-dconnect-av_8_precondition scart-cable-3-scart-2 cinch-cable-2-cinch-1
SHOP_methodm-dconnect-av_8_precondition scart-cable-3-scart-2 scart-cable-1-scart-1
SHOP_methodm-dconnect-av_8_precondition scart-cable-3-scart-2 scart-cable-2-scart-1
SHOP_methodm-dconnect-av_8_precondition scart-cable-3-scart-2 scart-cable-3-scart-1
SHOP_methodm-dconnect-av_8_precondition scart-cable-3-scart-2 tv1-1-scart-1
SHOP_methodm-dconnect-av_8_precondition scart-cable-3-scart-2 tv1-1-scart-2
SHOP_methodm-dconnect-v-empty_13_precondition dvd-1 scart-cable-1
SHOP_methodm-dconnect-v-empty_13_precondition dvd-1 scart-cable-2
SHOP_methodm-dconnect-v-empty_13_precondition dvd-1 scart-cable-3
SHOP_methodm-dconnect-v-empty_13_precondition game-console-1 scart-cable-1
SHOP_methodm-dconnect-v-empty_13_precondition game-console-1 scart-cable-2
SHOP_methodm-dconnect-v-empty_13_precondition game-console-1 scart-cable-3
SHOP_methodm-dconnect-v-empty_13_precondition scart-cable-1 dvd-1
SHOP_methodm-dconnect-v-empty_13_precondition scart-cable-1 game-console-1
SHOP_methodm-dconnect-v-empty_13_precondition scart-cable-1 tv1-1
SHOP_methodm-dconnect-v-empty_13_precondition scart-cable-2 dvd-1
SHOP_methodm-dconnect-v-empty_13_precondition scart-cable-2 game-console-1
SHOP_methodm-dconnect-v-empty_13_precondition scart-cable-2 tv1-1
SHOP_methodm-dconnect-v-empty_13_precondition scart-cable-3 dvd-1
SHOP_methodm-dconnect-v-empty_13_precondition scart-cable-3 game-console-1
SHOP_methodm-dconnect-v-empty_13_precondition scart-cable-3 tv1-1
SHOP_methodm-dconnect-v-empty_13_precondition tv1-1 scart-cable-1
SHOP_methodm-dconnect-v-empty_13_precondition tv1-1 scart-cable-2
SHOP_methodm-dconnect-v-empty_13_precondition tv1-1 scart-cable-3
SHOP_methodm-dconnect-v_10_precondition cinch-cable-1-cinch-2 cinch-cable-1-cinch-1
SHOP_methodm-dconnect-v_10_precondition cinch-cable-1-cinch-2 cinch-cable-2-cinch-1
SHOP_methodm-dconnect-v_10_precondition cinch-cable-1-cinch-2 scart-cable-1-scart-1
SHOP_methodm-dconnect-v_10_precondition cinch-cable-1-cinch-2 scart-cable-2-scart-1
SHOP_methodm-dconnect-v_10_precondition cinch-cable-1-cinch-2 scart-cable-3-scart-1
SHOP_methodm-dconnect-v_10_precondition cinch-cable-1-cinch-2 tv1-1-scart-1
SHOP_methodm-dconnect-v_10_precondition cinch-cable-1-cinch-2 tv1-1-scart-2
SHOP_methodm-dconnect-v_10_precondition cinch-cable-2-cinch-2 cinch-cable-1-cinch-1
SHOP_methodm-dconnect-v_10_precondition cinch-cable-2-cinch-2 cinch-cable-2-cinch-1
SHOP_methodm-dconnect-v_10_precondition cinch-cable-2-cinch-2 scart-cable-1-scart-1
SHOP_methodm-dconnect-v_10_precondition cinch-cable-2-cinch-2 scart-cable-2-scart-1
SHOP_methodm-dconnect-v_10_precondition cinch-cable-2-cinch-2 scart-cable-3-scart-1
SHOP_methodm-dconnect-v_10_precondition cinch-cable-2-cinch-2 tv1-1-scart-1
SHOP_methodm-dconnect-v_10_precondition cinch-cable-2-cinch-2 tv1-1-scart-2
SHOP_methodm-dconnect-v_10_precondition dvd-1-scart-1 cinch-cable-1-cinch-1
SHOP_methodm-dconnect-v_10_precondition dvd-1-scart-1 cinch-cable-2-cinch-1
SHOP_methodm-dconnect-v_10_precondition dvd-1-scart-1 scart-cable-1-scart-1
SHOP_methodm-dconnect-v_10_precondition dvd-1-scart-1 scart-cable-2-scart-1
SHOP_methodm-dconnect-v_10_precondition dvd-1-scart-1 scart-cable-3-scart-1
SHOP_methodm-dconnect-v_10_precondition dvd-1-scart-1 tv1-1-scart-1
SHOP_methodm-dconnect-v_10_precondition dvd-1-scart-1 tv1-1-scart-2
SHOP_methodm-dconnect-v_10_precondition game-console-1-scart-1 cinch-cable-1-cinch-1
SHOP_methodm-dconnect-v_10_precondition game-console-1-scart-1 cinch-cable-2-cinch-1
SHOP_methodm-dconnect-v_10_precondition game-console-1-scart-1 scart-cable-1-scart-1
SHOP_methodm-dconnect-v_10_precondition game-console-1-scart-1 scart-cable-2-scart-1
SHOP_methodm-dconnect-v_10_precondition game-console-1-scart-1 scart-cable-3-scart-1
SHOP_methodm-dconnect-v_10_precondition game-console-1-scart-1 tv1-1-scart-1
SHOP_methodm-dconnect-v_10_precondition game-console-1-scart-1 tv1-1-scart-2
SHOP_methodm-dconnect-v_10_precondition scart-cable-1-scart-2 cinch-cable-1-cinch-1
SHOP_methodm-dconnect-v_10_precondition scart-cable-1-scart-2 cinch-cable-2-cinch-1
SHOP_methodm-dconnect-v_10_precondition scart-cable-1-scart-2 scart-cable-1-scart-1
SHOP_methodm-dconnect-v_10_precondition scart-cable-1-scart-2 scart-cable-2-scart-1
SHOP_methodm-dconnect-v_10_precondition scart-cable-1-scart-2 scart-cable-3-scart-1
SHOP_methodm-dconnect-v_10_precondition scart-cable-1-scart-2 tv1-1-scart-1
SHOP_methodm-dconnect-v_10_precondition scart-cable-1-scart-2 tv1-1-scart-2
SHOP_methodm-dconnect-v_10_precondition scart-cable-2-scart-2 cinch-cable-1-cinch-1
SHOP_methodm-dconnect-v_10_precondition scart-cable-2-scart-2 cinch-cable-2-cinch-1
SHOP_methodm-dconnect-v_10_precondition scart-cable-2-scart-2 scart-cable-1-scart-1
SHOP_methodm-dconnect-v_10_precondition scart-cable-2-scart-2 scart-cable-2-scart-1
SHOP_methodm-dconnect-v_10_precondition scart-cable-2-scart-2 scart-cable-3-scart-1
SHOP_methodm-dconnect-v_10_precondition scart-cable-2-scart-2 tv1-1-scart-1
SHOP_methodm-dconnect-v_10_precondition scart-cable-2-scart-2 tv1-1-scart-2
SHOP_methodm-dconnect-v_10_precondition scart-cable-3-scart-2 cinch-cable-1-cinch-1
SHOP_methodm-dconnect-v_10_precondition scart-cable-3-scart-2 cinch-cable-2-cinch-1
SHOP_methodm-dconnect-v_10_precondition scart-cable-3-scart-2 scart-cable-1-scart-1
SHOP_methodm-dconnect-v_10_precondition scart-cable-3-scart-2 scart-cable-2-scart-1
SHOP_methodm-dconnect-v_10_precondition scart-cable-3-scart-2 scart-cable-3-scart-1
SHOP_methodm-dconnect-v_10_precondition scart-cable-3-scart-2 tv1-1-scart-1
SHOP_methodm-dconnect-v_10_precondition scart-cable-3-scart-2 tv1-1-scart-2
plug__CONSEQUENT____ANTECEDENT__DISJUNCT-0 active-speaker-1 active-speaker-1-cinch-1 cinch-cable-1 cinch-cable-1-cinch-1
plug__CONSEQUENT____ANTECEDENT__DISJUNCT-0 active-speaker-1 active-speaker-1-cinch-1 cinch-cable-1 cinch-cable-1-cinch-2
plug__CONSEQUENT____ANTECEDENT__DISJUNCT-0 active-speaker-1 active-speaker-1-cinch-1 cinch-cable-2 cinch-cable-2-cinch-1
plug__CONSEQUENT____ANTECEDENT__DISJUNCT-0 active-speaker-1 active-speaker-1-cinch-1 cinch-cable-2 cinch-cable-2-cinch-2
plug__CONSEQUENT____ANTECEDENT__DISJUNCT-0 active-speaker-1 active-speaker-1-cinch-2 cinch-cable-1 cinch-cable-1-cinch-1
plug__CONSEQUENT____ANTECEDENT__DISJUNCT-0 active-speaker-1 active-speaker-1-cinch-2 cinch-cable-1 cinch-cable-1-cinch-2
plug__CONSEQUENT____ANTECEDENT__DISJUNCT-0 active-speaker-1 active-speaker-1-cinch-2 cinch-cable-2 cinch-cable-2-cinch-1
plug__CONSEQUENT____ANTECEDENT__DISJUNCT-0 active-speaker-1 active-speaker-1-cinch-2 cinch-cable-2 cinch-cable-2-cinch-2
plug__CONSEQUENT____ANTECEDENT__DISJUNCT-0 tv1-1 tv1-1-cinch-3 cinch-cable-1 cinch-cable-1-cinch-1
plug__CONSEQUENT____ANTECEDENT__DISJUNCT-0 tv1-1 tv1-1-cinch-3 cinch-cable-1 cinch-cable-1-cinch-2
plug__CONSEQUENT____ANTECEDENT__DISJUNCT-0 tv1-1 tv1-1-cinch-3 cinch-cable-2 cinch-cable-2-cinch-1
plug__CONSEQUENT____ANTECEDENT__DISJUNCT-0 tv1-1 tv1-1-cinch-3 cinch-cable-2 cinch-cable-2-cinch-2
plug__CONSEQUENT____ANTECEDENT__DISJUNCT-1 cinch-cable-1 cinch-cable-1-cinch-1 active-speaker-1 active-speaker-1-cinch-1
plug__CONSEQUENT____ANTECEDENT__DISJUNCT-1 cinch-cable-1 cinch-cable-1-cinch-1 active-speaker-1 active-speaker-1-cinch-2
plug__CONSEQUENT____ANTECEDENT__DISJUNCT-1 cinch-cable-1 cinch-cable-1-cinch-1 tv1-1 tv1-1-cinch-3
plug__CONSEQUENT____ANTECEDENT__DISJUNCT-1 cinch-cable-1 cinch-cable-1-cinch-2 active-speaker-1 active-speaker-1-cinch-1
plug__CONSEQUENT____ANTECEDENT__DISJUNCT-1 cinch-cable-1 cinch-cable-1-cinch-2 active-speaker-1 active-speaker-1-cinch-2
plug__CONSEQUENT____ANTECEDENT__DISJUNCT-1 cinch-cable-1 cinch-cable-1-cinch-2 tv1-1 tv1-1-cinch-3
plug__CONSEQUENT____ANTECEDENT__DISJUNCT-1 cinch-cable-2 cinch-cable-2-cinch-1 active-speaker-1 active-speaker-1-cinch-1
plug__CONSEQUENT____ANTECEDENT__DISJUNCT-1 cinch-cable-2 cinch-cable-2-cinch-1 active-speaker-1 active-speaker-1-cinch-2
plug__CONSEQUENT____ANTECEDENT__DISJUNCT-1 cinch-cable-2 cinch-cable-2-cinch-1 tv1-1 tv1-1-cinch-3
plug__CONSEQUENT____ANTECEDENT__DISJUNCT-1 cinch-cable-2 cinch-cable-2-cinch-2 active-speaker-1 active-speaker-1-cinch-1
plug__CONSEQUENT____ANTECEDENT__DISJUNCT-1 cinch-cable-2 cinch-cable-2-cinch-2 active-speaker-1 active-speaker-1-cinch-2
plug__CONSEQUENT____ANTECEDENT__DISJUNCT-1 cinch-cable-2 cinch-cable-2-cinch-2 tv1-1 tv1-1-cinch-3
plug__CONSEQUENT____CONSEQUENT__ dvd-1 dvd-1-scart-1 scart-cable-1 scart-cable-1-scart-1
plug__CONSEQUENT____CONSEQUENT__ dvd-1 dvd-1-scart-1 scart-cable-1 scart-cable-1-scart-2
plug__CONSEQUENT____CONSEQUENT__ dvd-1 dvd-1-scart-1 scart-cable-2 scart-cable-2-scart-1
plug__CONSEQUENT____CONSEQUENT__ dvd-1 dvd-1-scart-1 scart-cable-2 scart-cable-2-scart-2
plug__CONSEQUENT____CONSEQUENT__ dvd-1 dvd-1-scart-1 scart-cable-3 scart-cable-3-scart-1
plug__CONSEQUENT____CONSEQUENT__ dvd-1 dvd-1-scart-1 scart-cable-3 scart-cable-3-scart-2
plug__CONSEQUENT____CONSEQUENT__ game-console-1 game-console-1-scart-1 scart-cable-1 scart-cable-1-scart-1
plug__CONSEQUENT____CONSEQUENT__ game-console-1 game-console-1-scart-1 scart-cable-1 scart-cable-1-scart-2
plug__CONSEQUENT____CONSEQUENT__ game-console-1 game-console-1-scart-1 scart-cable-2 scart-cable-2-scart-1
plug__CONSEQUENT____CONSEQUENT__ game-console-1 game-console-1-scart-1 scart-cable-2 scart-cable-2-scart-2
plug__CONSEQUENT____CONSEQUENT__ game-console-1 game-console-1-scart-1 scart-cable-3 scart-cable-3-scart-1
plug__CONSEQUENT____CONSEQUENT__ game-console-1 game-console-1-scart-1 scart-cable-3 scart-cable-3-scart-2
plug__CONSEQUENT____CONSEQUENT__ scart-cable-1 scart-cable-1-scart-1 dvd-1 dvd-1-scart-1
plug__CONSEQUENT____CONSEQUENT__ scart-cable-1 scart-cable-1-scart-1 game-console-1 game-console-1-scart-1
plug__CONSEQUENT____CONSEQUENT__ scart-cable-1 scart-cable-1-scart-1 tv1-1 tv1-1-scart-1
plug__CONSEQUENT____CONSEQUENT__ scart-cable-1 scart-cable-1-scart-1 tv1-1 tv1-1-scart-2
plug__CONSEQUENT____CONSEQUENT__ scart-cable-1 scart-cable-1-scart-2 dvd-1 dvd-1-scart-1
plug__CONSEQUENT____CONSEQUENT__ scart-cable-1 scart-cable-1-scart-2 game-console-1 game-console-1-scart-1
plug__CONSEQUENT____CONSEQUENT__ scart-cable-1 scart-cable-1-scart-2 tv1-1 tv1-1-scart-1
plug__CONSEQUENT____CONSEQUENT__ scart-cable-1 scart-cable-1-scart-2 tv1-1 tv1-1-scart-2
plug__CONSEQUENT____CONSEQUENT__ scart-cable-2 scart-cable-2-scart-1 dvd-1 dvd-1-scart-1
plug__CONSEQUENT____CONSEQUENT__ scart-cable-2 scart-cable-2-scart-1 game-console-1 game-console-1-scart-1
plug__CONSEQUENT____CONSEQUENT__ scart-cable-2 scart-cable-2-scart-1 tv1-1 tv1-1-scart-1
plug__CONSEQUENT____CONSEQUENT__ scart-cable-2 scart-cable-2-scart-1 tv1-1 tv1-1-scart-2
plug__CONSEQUENT____CONSEQUENT__ scart-cable-2 scart-cable-2-scart-2 dvd-1 dvd-1-scart-1
plug__CONSEQUENT____CONSEQUENT__ scart-cable-2 scart-cable-2-scart-2 game-console-1 game-console-1-scart-1
plug__CONSEQUENT____CONSEQUENT__ scart-cable-2 scart-cable-2-scart-2 tv1-1 tv1-1-scart-1
plug__CONSEQUENT____CONSEQUENT__ scart-cable-2 scart-cable-2-scart-2 tv1-1 tv1-1-scart-2
plug__CONSEQUENT____CONSEQUENT__ scart-cable-3 scart-cable-3-scart-1 dvd-1 dvd-1-scart-1
plug__CONSEQUENT____CONSEQUENT__ scart-cable-3 scart-cable-3-scart-1 game-console-1 game-console-1-scart-1
plug__CONSEQUENT____CONSEQUENT__ scart-cable-3 scart-cable-3-scart-1 tv1-1 tv1-1-scart-1
plug__CONSEQUENT____CONSEQUENT__ scart-cable-3 scart-cable-3-scart-1 tv1-1 tv1-1-scart-2
plug__CONSEQUENT____CONSEQUENT__ scart-cable-3 scart-cable-3-scart-2 dvd-1 dvd-1-scart-1
plug__CONSEQUENT____CONSEQUENT__ scart-cable-3 scart-cable-3-scart-2 game-console-1 game-console-1-scart-1
plug__CONSEQUENT____CONSEQUENT__ scart-cable-3 scart-cable-3-scart-2 tv1-1 tv1-1-scart-1
plug__CONSEQUENT____CONSEQUENT__ scart-cable-3 scart-cable-3-scart-2 tv1-1 tv1-1-scart-2
plug__CONSEQUENT____CONSEQUENT__ tv1-1 tv1-1-scart-1 scart-cable-1 scart-cable-1-scart-1
plug__CONSEQUENT____CONSEQUENT__ tv1-1 tv1-1-scart-1 scart-cable-1 scart-cable-1-scart-2
plug__CONSEQUENT____CONSEQUENT__ tv1-1 tv1-1-scart-1 scart-cable-2 scart-cable-2-scart-1
plug__CONSEQUENT____CONSEQUENT__ tv1-1 tv1-1-scart-1 scart-cable-2 scart-cable-2-scart-2
plug__CONSEQUENT____CONSEQUENT__ tv1-1 tv1-1-scart-1 scart-cable-3 scart-cable-3-scart-1
plug__CONSEQUENT____CONSEQUENT__ tv1-1 tv1-1-scart-1 scart-cable-3 scart-cable-3-scart-2
plug__CONSEQUENT____CONSEQUENT__ tv1-1 tv1-1-scart-2 scart-cable-1 scart-cable-1-scart-1
plug__CONSEQUENT____CONSEQUENT__ tv1-1 tv1-1-scart-2 scart-cable-1 scart-cable-1-scart-2
plug__CONSEQUENT____CONSEQUENT__ tv1-1 tv1-1-scart-2 scart-cable-2 scart-cable-2-scart-1
plug__CONSEQUENT____CONSEQUENT__ tv1-1 tv1-1-scart-2 scart-cable-2 scart-cable-2-scart-2
plug__CONSEQUENT____CONSEQUENT__ tv1-1 tv1-1-scart-2 scart-cable-3 scart-cable-3-scart-1
plug__CONSEQUENT____CONSEQUENT__ tv1-1 tv1-1-scart-2 scart-cable-3 scart-cable-3-scart-2
+audio_connected active-speaker-1 cinch-cable-1
+audio_connected active-speaker-1 cinch-cable-2
+audio_connected cinch-cable-1 active-speaker-1
+audio_connected cinch-cable-1 tv1-1
+audio_connected cinch-cable-2 active-speaker-1
+audio_connected cinch-cable-2 tv1-1
+audio_connected dvd-1 scart-cable-1
+audio_connected dvd-1 scart-cable-2
+audio_connected dvd-1 scart-cable-3
+audio_connected game-console-1 scart-cable-1
+audio_connected game-console-1 scart-cable-2
+audio_connected game-console-1 scart-cable-3
+audio_connected scart-cable-1 dvd-1
+audio_connected scart-cable-1 game-console-1
+audio_connected scart-cable-1 tv1-1
+audio_connected scart-cable-2 dvd-1
+audio_connected scart-cable-2 game-console-1
+audio_connected scart-cable-2 tv1-1
+audio_connected scart-cable-3 dvd-1
+audio_connected scart-cable-3 game-console-1
+audio_connected scart-cable-3 tv1-1
+audio_connected tv1-1 cinch-cable-1
+audio_connected tv1-1 cinch-cable-2
+audio_connected tv1-1 scart-cable-1
+audio_connected tv1-1 scart-cable-2
+audio_connected tv1-1 scart-cable-3
+audio_connector active-speaker-1-cinch-1
+audio_connector active-speaker-1-cinch-2
+audio_connector cinch-cable-1-cinch-1
+audio_connector cinch-cable-1-cinch-2
+audio_connector cinch-cable-2-cinch-1
+audio_connector cinch-cable-2-cinch-2
+audio_connector dvd-1-scart-1
+audio_connector game-console-1-scart-1
+audio_connector scart-cable-1-scart-1
+audio_connector scart-cable-1-scart-2
+audio_connector scart-cable-2-scart-1
+audio_connector scart-cable-2-scart-2
+audio_connector scart-cable-3-scart-1
+audio_connector scart-cable-3-scart-2
+audio_connector tv1-1-cinch-3
+audio_connector tv1-1-scart-1
+audio_connector tv1-1-scart-2
+compatible active-speaker-1-cinch-1 cinch-cable-1-cinch-1
+compatible active-speaker-1-cinch-1 cinch-cable-1-cinch-2
+compatible active-speaker-1-cinch-1 cinch-cable-2-cinch-1
+compatible active-speaker-1-cinch-1 cinch-cable-2-cinch-2
+compatible active-speaker-1-cinch-2 cinch-cable-1-cinch-1
+compatible active-speaker-1-cinch-2 cinch-cable-1-cinch-2
+compatible active-speaker-1-cinch-2 cinch-cable-2-cinch-1
+compatible active-speaker-1-cinch-2 cinch-cable-2-cinch-2
+compatible cinch-cable-1-cinch-1 active-speaker-1-cinch-1
+compatible cinch-cable-1-cinch-1 active-speaker-1-cinch-2
+compatible cinch-cable-1-cinch-1 tv1-1-cinch-3
+compatible cinch-cable-1-cinch-2 active-speaker-1-cinch-1
+compatible cinch-cable-1-cinch-2 active-speaker-1-cinch-2
+compatible cinch-cable-1-cinch-2 tv1-1-cinch-3
+compatible cinch-cable-2-cinch-1 active-speaker-1-cinch-1
+compatible cinch-cable-2-cinch-1 active-speaker-1-cinch-2
+compatible cinch-cable-2-cinch-1 tv1-1-cinch-3
+compatible cinch-cable-2-cinch-2 active-speaker-1-cinch-1
+compatible cinch-cable-2-cinch-2 active-speaker-1-cinch-2
+compatible cinch-cable-2-cinch-2 tv1-1-cinch-3
+compatible dvd-1-scart-1 scart-cable-1-scart-1
+compatible dvd-1-scart-1 scart-cable-1-scart-2
+compatible dvd-1-scart-1 scart-cable-2-scart-1
+compatible dvd-1-scart-1 scart-cable-2-scart-2
+compatible dvd-1-scart-1 scart-cable-3-scart-1
+compatible dvd-1-scart-1 scart-cable-3-scart-2
+compatible game-console-1-scart-1 scart-cable-1-scart-1
+compatible game-console-1-scart-1 scart-cable-1-scart-2
+compatible game-console-1-scart-1 scart-cable-2-scart-1
+compatible game-console-1-scart-1 scart-cable-2-scart-2
+compatible game-console-1-scart-1 scart-cable-3-scart-1
+compatible game-console-1-scart-1 scart-cable-3-scart-2
+compatible scart-cable-1-scart-1 dvd-1-scart-1
+compatible scart-cable-1-scart-1 game-console-1-scart-1
+compatible scart-cable-1-scart-1 tv1-1-scart-1
+compatible scart-cable-1-scart-1 tv1-1-scart-2
+compatible scart-cable-1-scart-2 dvd-1-scart-1
+compatible scart-cable-1-scart-2 game-console-1-scart-1
+compatible scart-cable-1-scart-2 tv1-1-scart-1
+compatible scart-cable-1-scart-2 tv1-1-scart-2
+compatible scart-cable-2-scart-1 dvd-1-scart-1
+compatible scart-cable-2-scart-1 game-console-1-scart-1
+compatible scart-cable-2-scart-1 tv1-1-scart-1
+compatible scart-cable-2-scart-1 tv1-1-scart-2
+compatible scart-cable-2-scart-2 dvd-1-scart-1
+compatible scart-cable-2-scart-2 game-console-1-scart-1
+compatible scart-cable-2-scart-2 tv1-1-scart-1
+compatible scart-cable-2-scart-2 tv1-1-scart-2
+compatible scart-cable-3-scart-1 dvd-1-scart-1
+compatible scart-cable-3-scart-1 game-console-1-scart-1
+compatible scart-cable-3-scart-1 tv1-1-scart-1
+compatible scart-cable-3-scart-1 tv1-1-scart-2
+compatible scart-cable-3-scart-2 dvd-1-scart-1
+compatible scart-cable-3-scart-2 game-console-1-scart-1
+compatible scart-cable-3-scart-2 tv1-1-scart-1
+compatible scart-cable-3-scart-2 tv1-1-scart-2
+compatible tv1-1-cinch-3 cinch-cable-1-cinch-1
+compatible tv1-1-cinch-3 cinch-cable-1-cinch-2
+compatible tv1-1-cinch-3 cinch-cable-2-cinch-1
+compatible tv1-1-cinch-3 cinch-cable-2-cinch-2
+compatible tv1-1-scart-1 scart-cable-1-scart-1
+compatible tv1-1-scart-1 scart-cable-1-scart-2
+compatible tv1-1-scart-1 scart-cable-2-scart-1
+compatible tv1-1-scart-1 scart-cable-2-scart-2
+compatible tv1-1-scart-1 scart-cable-3-scart-1
+compatible tv1-1-scart-1 scart-cable-3-scart-2
+compatible tv1-1-scart-2 scart-cable-1-scart-1
+compatible tv1-1-scart-2 scart-cable-1-scart-2
+compatible tv1-1-scart-2 scart-cable-2-scart-1
+compatible tv1-1-scart-2 scart-cable-2-scart-2
+compatible tv1-1-scart-2 scart-cable-3-scart-1
+compatible tv1-1-scart-2 scart-cable-3-scart-2
+conn_of active-speaker-1 active-speaker-1-cinch-1
+conn_of active-speaker-1 active-speaker-1-cinch-2
+conn_of cinch-cable-1 cinch-cable-1-cinch-1
+conn_of cinch-cable-1 cinch-cable-1-cinch-2
+conn_of cinch-cable-2 cinch-cable-2-cinch-1
+conn_of cinch-cable-2 cinch-cable-2-cinch-2
+conn_of dvd-1 dvd-1-scart-1
+conn_of game-console-1 game-console-1-scart-1
+conn_of scart-cable-1 scart-cable-1-scart-1
+conn_of scart-cable-1 scart-cable-1-scart-2
+conn_of scart-cable-2 scart-cable-2-scart-1
+conn_of scart-cable-2 scart-cable-2-scart-2
+conn_of scart-cable-3 scart-cable-3-scart-1
+conn_of scart-cable-3 scart-cable-3-scart-2
+conn_of tv1-1 tv1-1-cinch-3
+conn_of tv1-1 tv1-1-scart-1
+conn_of tv1-1 tv1-1-scart-2
+in_connector active-speaker-1-cinch-1
+in_connector active-speaker-1-cinch-2
+in_connector cinch-cable-1-cinch-1
+in_connector cinch-cable-2-cinch-1
+in_connector scart-cable-1-scart-1
+in_connector scart-cable-2-scart-1
+in_connector scart-cable-3-scart-1
+in_connector tv1-1-scart-1
+in_connector tv1-1-scart-2
+out_connector cinch-cable-1-cinch-2
+out_connector cinch-cable-2-cinch-2
+out_connector dvd-1-scart-1
+out_connector game-console-1-scart-1
+out_connector scart-cable-1-scart-2
+out_connector scart-cable-2-scart-2
+out_connector scart-cable-3-scart-2
+out_connector tv1-1-cinch-3
+unused active-speaker-1-cinch-1
+unused active-speaker-1-cinch-2
+unused cinch-cable-1-cinch-1
+unused cinch-cable-1-cinch-2
+unused cinch-cable-2-cinch-1
+unused cinch-cable-2-cinch-2
+unused dvd-1-scart-1
+unused game-console-1-scart-1
+unused scart-cable-1-scart-1
+unused scart-cable-1-scart-2
+unused scart-cable-2-scart-1
+unused scart-cable-2-scart-2
+unused scart-cable-3-scart-1
+unused scart-cable-3-scart-2
+unused tv1-1-cinch-3
+unused tv1-1-scart-1
+unused tv1-1-scart-2
+video_connected dvd-1 scart-cable-1
+video_connected dvd-1 scart-cable-2
+video_connected dvd-1 scart-cable-3
+video_connected game-console-1 scart-cable-1
+video_connected game-console-1 scart-cable-2
+video_connected game-console-1 scart-cable-3
+video_connected scart-cable-1 dvd-1
+video_connected scart-cable-1 game-console-1
+video_connected scart-cable-1 tv1-1
+video_connected scart-cable-2 dvd-1
+video_connected scart-cable-2 game-console-1
+video_connected scart-cable-2 tv1-1
+video_connected scart-cable-3 dvd-1
+video_connected scart-cable-3 game-console-1
+video_connected scart-cable-3 tv1-1
+video_connected tv1-1 scart-cable-1
+video_connected tv1-1 scart-cable-2
+video_connected tv1-1 scart-cable-3
+video_connector cinch-cable-1-cinch-1
+video_connector cinch-cable-1-cinch-2
+video_connector cinch-cable-2-cinch-1
+video_connector cinch-cable-2-cinch-2
+video_connector dvd-1-scart-1
+video_connector game-console-1-scart-1
+video_connector scart-cable-1-scart-1
+video_connector scart-cable-1-scart-2
+video_connector scart-cable-2-scart-1
+video_connector scart-cable-2-scart-2
+video_connector scart-cable-3-scart-1
+video_connector scart-cable-3-scart-2
+video_connector tv1-1-scart-1
+video_connector tv1-1-scart-2
-video_connector active-speaker-1-cinch-1
-video_connector active-speaker-1-cinch-2
-video_connector tv1-1-cinch-3
