28 34
affix_warning_signs Eisenbahnwagen
affix_warning_signs Lokomotive
attach_train_car Lokomotive Eisenbahnwagen HauptbahnhofMuenchen
attach_train_car Lokomotive Eisenbahnwagen HauptbahnhofRegensburg
attach_train_car Lokomotive Eisenbahnwagen HauptbahnhofUlm
collect_fees MaseratiMC12
decontaminate_interior Eisenbahnwagen
decontaminate_interior Lokomotive
deliver_p MaseratiMC12
detach_train_car Lokomotive Eisenbahnwagen HauptbahnhofMuenchen
detach_train_car Lokomotive Eisenbahnwagen HauptbahnhofRegensburg
detach_train_car Lokomotive Eisenbahnwagen HauptbahnhofUlm
do_clean_interior Eisenbahnwagen
do_clean_interior Lokomotive
load_cars MaseratiMC12 Eisenbahnwagen HauptbahnhofMuenchen
load_cars MaseratiMC12 Eisenbahnwagen HauptbahnhofRegensburg
load_cars MaseratiMC12 Eisenbahnwagen HauptbahnhofUlm
lower_ramp Eisenbahnwagen
lower_ramp Lokomotive
move_vehicle_no_traincar Lokomotive HauptbahnhofMuenchen MuenchenRegensburgRailRoute HauptbahnhofRegensburg
move_vehicle_no_traincar Lokomotive HauptbahnhofUlm UlmMuenchenRailRoute HauptbahnhofMuenchen
raise_ramp Eisenbahnwagen
raise_ramp Lokomotive
remove_warning_signs Eisenbahnwagen
remove_warning_signs Lokomotive
unload_cars MaseratiMC12 Eisenbahnwagen HauptbahnhofMuenchen
unload_cars MaseratiMC12 Eisenbahnwagen HauptbahnhofRegensburg
unload_cars MaseratiMC12 Eisenbahnwagen HauptbahnhofUlm
+At_Package MaseratiMC12 Eisenbahnwagen
+At_Package MaseratiMC12 HauptbahnhofMuenchen
+At_Package MaseratiMC12 HauptbahnhofRegensburg
+At_Package MaseratiMC12 HauptbahnhofUlm
+At_Vehicle Eisenbahnwagen HauptbahnhofMuenchen
+At_Vehicle Eisenbahnwagen HauptbahnhofRegensburg
+At_Vehicle Eisenbahnwagen HauptbahnhofUlm
+At_Vehicle Lokomotive HauptbahnhofMuenchen
+At_Vehicle Lokomotive HauptbahnhofRegensburg
+At_Vehicle Lokomotive HauptbahnhofUlm
+Available Lokomotive
+Available MuenchenRegensburgRailRoute
+Available UlmMuenchenRailRoute
+Connected_To Eisenbahnwagen Lokomotive
+Connects MuenchenRegensburgRailRoute HauptbahnhofMuenchen HauptbahnhofRegensburg
+Connects UlmMuenchenRailRoute HauptbahnhofUlm HauptbahnhofMuenchen
+Delivered MaseratiMC12
+Fees_Collected MaseratiMC12
+In_City HauptbahnhofMuenchen Muenchen
+In_City HauptbahnhofRegensburg Regensburg
+In_City HauptbahnhofUlm Ulm
+PV_Compatible MaseratiMC12 Eisenbahnwagen
+RV_Compatible MuenchenRegensburgRailRoute Lokomotive
+RV_Compatible UlmMuenchenRailRoute Lokomotive
+Ramp_Down Eisenbahnwagen
+Ramp_Down Lokomotive
+Warning_Signs_Affixed Eisenbahnwagen
+Warning_Signs_Affixed Lokomotive
-Connected_To Eisenbahnwagen Lokomotive
-Fees_Collected MaseratiMC12
-Ramp_Down Eisenbahnwagen
-Ramp_Down Lokomotive
-Warning_Signs_Affixed Eisenbahnwagen
-Warning_Signs_Affixed Lokomotive
