37 35
do_glaze p0 glazer0 blue untreated glazed natural
do_glaze p1 glazer0 blue untreated glazed natural
do_glaze p2 glazer0 blue untreated glazed natural
do_plane p0 smooth blue glazed smooth untreated natural
do_plane p0 smooth blue untreated smooth untreated natural
do_plane p0 smooth blue varnished smooth untreated natural
do_plane p0 smooth natural glazed smooth untreated natural
do_plane p0 smooth natural untreated smooth untreated natural
do_plane p0 smooth natural varnished smooth untreated natural
do_plane p0 verysmooth blue glazed smooth untreated natural
do_plane p0 verysmooth blue untreated smooth untreated natural
do_plane p0 verysmooth blue varnished smooth untreated natural
do_plane p0 verysmooth natural glazed smooth untreated natural
do_plane p0 verysmooth natural untreated smooth untreated natural
do_plane p0 verysmooth natural varnished smooth untreated natural
do_plane p1 smooth blue glazed smooth untreated natural
do_plane p1 smooth blue untreated smooth untreated natural
do_plane p1 smooth blue varnished smooth untreated natural
do_plane p1 smooth natural glazed smooth untreated natural
do_plane p1 smooth natural untreated smooth untreated natural
do_plane p1 smooth natural varnished smooth untreated natural
do_plane p2 rough blue glazed smooth untreated natural
do_plane p2 rough blue untreated smooth untreated natural
do_plane p2 rough blue varnished smooth untreated natural
do_plane p2 rough natural glazed smooth untreated natural
do_plane p2 rough natural untreated smooth untreated natural
do_plane p2 rough natural varnished smooth untreated natural
do_plane p2 smooth blue glazed smooth untreated natural
do_plane p2 smooth blue untreated smooth untreated natural
do_plane p2 smooth blue varnished smooth untreated natural
do_plane p2 smooth natural glazed smooth untreated natural
do_plane p2 smooth natural untreated smooth untreated natural
do_plane p2 smooth natural varnished smooth untreated natural
do_saw_small b0 p1 walnut smooth s6 s5 small natural untreated
do_spray_varnish p0 spray_varnisher0 blue smooth untreated varnished natural
do_spray_varnish p1 spray_varnisher0 blue smooth untreated varnished natural
do_spray_varnish p2 spray_varnisher0 blue smooth untreated varnished natural
+available b0
+available p0
+available p1
+available p2
+boardsize b0 s5
+boardsize b0 s6
+boardsize_successor s5 s6
+colour p0 blue
+colour p0 natural
+colour p1 blue
+colour p1 natural
+colour p2 blue
+colour p2 natural
+goalsize p1 small
+has_colour glazer0 blue
+has_colour spray_varnisher0 blue
+is_smooth smooth
+surface_condition b0 smooth
+surface_condition p0 smooth
+surface_condition p0 verysmooth
+surface_condition p1 smooth
+surface_condition p2 rough
+surface_condition p2 smooth
+treatment p0 glazed
+treatment p0 untreated
+treatment p0 varnished
+treatment p1 glazed
+treatment p1 untreated
+treatment p1 varnished
+treatment p2 glazed
+treatment p2 untreated
+treatment p2 varnished
+unused p1
+wood b0 walnut
+wood p1 walnut
