1322 215
cut_board_small b0 p4 highspeed_saw0 teak rough s1 s0 small natural untreated
cut_board_small b0 p4 highspeed_saw0 teak rough s2 s1 small natural untreated
cut_board_small b0 p4 highspeed_saw0 teak rough s3 s2 small natural untreated
cut_board_small b0 p4 highspeed_saw0 teak rough s4 s3 small natural untreated
cut_board_small b0 p4 highspeed_saw0 teak rough s5 s4 small natural untreated
cut_board_small b0 p4 highspeed_saw0 teak rough s6 s5 small natural untreated
cut_board_small b0 p6 highspeed_saw0 teak rough s1 s0 small natural untreated
cut_board_small b0 p6 highspeed_saw0 teak rough s2 s1 small natural untreated
cut_board_small b0 p6 highspeed_saw0 teak rough s3 s2 small natural untreated
cut_board_small b0 p6 highspeed_saw0 teak rough s4 s3 small natural untreated
cut_board_small b0 p6 highspeed_saw0 teak rough s5 s4 small natural untreated
cut_board_small b0 p6 highspeed_saw0 teak rough s6 s5 small natural untreated
cut_board_small b1 p4 highspeed_saw0 teak smooth s1 s0 small natural untreated
cut_board_small b1 p4 highspeed_saw0 teak smooth s2 s1 small natural untreated
cut_board_small b1 p4 highspeed_saw0 teak smooth s3 s2 small natural untreated
cut_board_small b1 p4 highspeed_saw0 teak smooth s4 s3 small natural untreated
cut_board_small b1 p4 highspeed_saw0 teak smooth s5 s4 small natural untreated
cut_board_small b1 p4 highspeed_saw0 teak smooth s6 s5 small natural untreated
cut_board_small b1 p4 highspeed_saw0 teak smooth s7 s6 small natural untreated
cut_board_small b1 p6 highspeed_saw0 teak smooth s1 s0 small natural untreated
cut_board_small b1 p6 highspeed_saw0 teak smooth s2 s1 small natural untreated
cut_board_small b1 p6 highspeed_saw0 teak smooth s3 s2 small natural untreated
cut_board_small b1 p6 highspeed_saw0 teak smooth s4 s3 small natural untreated
cut_board_small b1 p6 highspeed_saw0 teak smooth s5 s4 small natural untreated
cut_board_small b1 p6 highspeed_saw0 teak smooth s6 s5 small natural untreated
cut_board_small b1 p6 highspeed_saw0 teak smooth s7 s6 small natural untreated
cut_board_small b2 p4 highspeed_saw0 mahogany rough s1 s0 small natural untreated
cut_board_small b2 p4 highspeed_saw0 mahogany rough s2 s1 small natural untreated
cut_board_small b2 p4 highspeed_saw0 mahogany rough s3 s2 small natural untreated
cut_board_small b2 p4 highspeed_saw0 mahogany rough s4 s3 small natural untreated
cut_board_small b2 p4 highspeed_saw0 mahogany rough s5 s4 small natural untreated
cut_board_small b2 p4 highspeed_saw0 mahogany rough s6 s5 small natural untreated
cut_board_small b2 p4 highspeed_saw0 mahogany rough s7 s6 small natural untreated
cut_board_small b2 p6 highspeed_saw0 mahogany rough s1 s0 small natural untreated
cut_board_small b2 p6 highspeed_saw0 mahogany rough s2 s1 small natural untreated
cut_board_small b2 p6 highspeed_saw0 mahogany rough s3 s2 small natural untreated
cut_board_small b2 p6 highspeed_saw0 mahogany rough s4 s3 small natural untreated
cut_board_small b2 p6 highspeed_saw0 mahogany rough s5 s4 small natural untreated
cut_board_small b2 p6 highspeed_saw0 mahogany rough s6 s5 small natural untreated
cut_board_small b2 p6 highspeed_saw0 mahogany rough s7 s6 small natural untreated
cut_board_small b3 p4 highspeed_saw0 mahogany smooth s1 s0 small natural untreated
cut_board_small b3 p4 highspeed_saw0 mahogany smooth s2 s1 small natural untreated
cut_board_small b3 p4 highspeed_saw0 mahogany smooth s3 s2 small natural untreated
cut_board_small b3 p6 highspeed_saw0 mahogany smooth s1 s0 small natural untreated
cut_board_small b3 p6 highspeed_saw0 mahogany smooth s2 s1 small natural untreated
cut_board_small b3 p6 highspeed_saw0 mahogany smooth s3 s2 small natural untreated
do_glaze p0 glazer0 mauve untreated glazed natural
do_glaze p0 glazer0 natural untreated glazed natural
do_glaze p1 glazer0 mauve untreated glazed natural
do_glaze p1 glazer0 natural untreated glazed natural
do_glaze p2 glazer0 mauve untreated glazed natural
do_glaze p2 glazer0 natural untreated glazed natural
do_glaze p3 glazer0 mauve untreated glazed natural
do_glaze p3 glazer0 natural untreated glazed natural
do_glaze p4 glazer0 mauve untreated glazed natural
do_glaze p4 glazer0 natural untreated glazed natural
do_glaze p5 glazer0 mauve untreated glazed natural
do_glaze p5 glazer0 natural untreated glazed natural
do_glaze p6 glazer0 mauve untreated glazed natural
do_glaze p6 glazer0 natural untreated glazed natural
do_glaze p7 glazer0 mauve untreated glazed natural
do_glaze p7 glazer0 natural untreated glazed natural
do_glaze p8 glazer0 mauve untreated glazed natural
do_glaze p8 glazer0 natural untreated glazed natural
do_grind p0 smooth black colourfragments untreated verysmooth natural
do_grind p0 smooth black glazed untreated verysmooth natural
do_grind p0 smooth black untreated untreated verysmooth natural
do_grind p0 smooth black varnished colourfragments verysmooth natural
do_grind p0 smooth green colourfragments untreated verysmooth natural
do_grind p0 smooth green glazed untreated verysmooth natural
do_grind p0 smooth green untreated untreated verysmooth natural
do_grind p0 smooth green varnished colourfragments verysmooth natural
do_grind p0 smooth mauve colourfragments untreated verysmooth natural
do_grind p0 smooth mauve glazed untreated verysmooth natural
do_grind p0 smooth mauve untreated untreated verysmooth natural
do_grind p0 smooth mauve varnished colourfragments verysmooth natural
do_grind p0 smooth natural colourfragments untreated verysmooth natural
do_grind p0 smooth natural glazed untreated verysmooth natural
do_grind p0 smooth natural untreated untreated verysmooth natural
do_grind p0 smooth natural varnished colourfragments verysmooth natural
do_grind p0 verysmooth black colourfragments untreated verysmooth natural
do_grind p0 verysmooth black glazed untreated verysmooth natural
do_grind p0 verysmooth black untreated untreated verysmooth natural
do_grind p0 verysmooth black varnished colourfragments verysmooth natural
do_grind p0 verysmooth green colourfragments untreated verysmooth natural
do_grind p0 verysmooth green glazed untreated verysmooth natural
do_grind p0 verysmooth green untreated untreated verysmooth natural
do_grind p0 verysmooth green varnished colourfragments verysmooth natural
do_grind p0 verysmooth mauve colourfragments untreated verysmooth natural
do_grind p0 verysmooth mauve glazed untreated verysmooth natural
do_grind p0 verysmooth mauve untreated untreated verysmooth natural
do_grind p0 verysmooth mauve varnished colourfragments verysmooth natural
do_grind p0 verysmooth natural colourfragments untreated verysmooth natural
do_grind p0 verysmooth natural glazed untreated verysmooth natural
do_grind p0 verysmooth natural untreated untreated verysmooth natural
do_grind p0 verysmooth natural varnished colourfragments verysmooth natural
do_grind p1 smooth black colourfragments untreated verysmooth natural
do_grind p1 smooth black glazed untreated verysmooth natural
do_grind p1 smooth black untreated untreated verysmooth natural
do_grind p1 smooth black varnished colourfragments verysmooth natural
do_grind p1 smooth green colourfragments untreated verysmooth natural
do_grind p1 smooth green glazed untreated verysmooth natural
do_grind p1 smooth green untreated untreated verysmooth natural
do_grind p1 smooth green varnished colourfragments verysmooth natural
do_grind p1 smooth mauve colourfragments untreated verysmooth natural
do_grind p1 smooth mauve glazed untreated verysmooth natural
do_grind p1 smooth mauve untreated untreated verysmooth natural
do_grind p1 smooth mauve varnished colourfragments verysmooth natural
do_grind p1 smooth natural colourfragments untreated verysmooth natural
do_grind p1 smooth natural glazed untreated verysmooth natural
do_grind p1 smooth natural untreated untreated verysmooth natural
do_grind p1 smooth natural varnished colourfragments verysmooth natural
do_grind p1 verysmooth black colourfragments untreated verysmooth natural
do_grind p1 verysmooth black glazed untreated verysmooth natural
do_grind p1 verysmooth black untreated untreated verysmooth natural
do_grind p1 verysmooth black varnished colourfragments verysmooth natural
do_grind p1 verysmooth green colourfragments untreated verysmooth natural
do_grind p1 verysmooth green glazed untreated verysmooth natural
do_grind p1 verysmooth green untreated untreated verysmooth natural
do_grind p1 verysmooth green varnished colourfragments verysmooth natural
do_grind p1 verysmooth mauve colourfragments untreated verysmooth natural
do_grind p1 verysmooth mauve glazed untreated verysmooth natural
do_grind p1 verysmooth mauve untreated untreated verysmooth natural
do_grind p1 verysmooth mauve varnished colourfragments verysmooth natural
do_grind p1 verysmooth natural colourfragments untreated verysmooth natural
do_grind p1 verysmooth natural glazed untreated verysmooth natural
do_grind p1 verysmooth natural untreated untreated verysmooth natural
do_grind p1 verysmooth natural varnished colourfragments verysmooth natural
do_grind p2 smooth black colourfragments untreated verysmooth natural
do_grind p2 smooth black glazed untreated verysmooth natural
do_grind p2 smooth black untreated untreated verysmooth natural
do_grind p2 smooth black varnished colourfragments verysmooth natural
do_grind p2 smooth green colourfragments untreated verysmooth natural
do_grind p2 smooth green glazed untreated verysmooth natural
do_grind p2 smooth green untreated untreated verysmooth natural
do_grind p2 smooth green varnished colourfragments verysmooth natural
do_grind p2 smooth mauve colourfragments untreated verysmooth natural
do_grind p2 smooth mauve glazed untreated verysmooth natural
do_grind p2 smooth mauve untreated untreated verysmooth natural
do_grind p2 smooth mauve varnished colourfragments verysmooth natural
do_grind p2 smooth natural colourfragments untreated verysmooth natural
do_grind p2 smooth natural glazed untreated verysmooth natural
do_grind p2 smooth natural untreated untreated verysmooth natural
do_grind p2 smooth natural varnished colourfragments verysmooth natural
do_grind p2 verysmooth black colourfragments untreated verysmooth natural
do_grind p2 verysmooth black glazed untreated verysmooth natural
do_grind p2 verysmooth black untreated untreated verysmooth natural
do_grind p2 verysmooth black varnished colourfragments verysmooth natural
do_grind p2 verysmooth green colourfragments untreated verysmooth natural
do_grind p2 verysmooth green glazed untreated verysmooth natural
do_grind p2 verysmooth green untreated untreated verysmooth natural
do_grind p2 verysmooth green varnished colourfragments verysmooth natural
do_grind p2 verysmooth mauve colourfragments untreated verysmooth natural
do_grind p2 verysmooth mauve glazed untreated verysmooth natural
do_grind p2 verysmooth mauve untreated untreated verysmooth natural
do_grind p2 verysmooth mauve varnished colourfragments verysmooth natural
do_grind p2 verysmooth natural colourfragments untreated verysmooth natural
do_grind p2 verysmooth natural glazed untreated verysmooth natural
do_grind p2 verysmooth natural untreated untreated verysmooth natural
do_grind p2 verysmooth natural varnished colourfragments verysmooth natural
do_grind p3 smooth black colourfragments untreated verysmooth natural
do_grind p3 smooth black glazed untreated verysmooth natural
do_grind p3 smooth black untreated untreated verysmooth natural
do_grind p3 smooth black varnished colourfragments verysmooth natural
do_grind p3 smooth green colourfragments untreated verysmooth natural
do_grind p3 smooth green glazed untreated verysmooth natural
do_grind p3 smooth green untreated untreated verysmooth natural
do_grind p3 smooth green varnished colourfragments verysmooth natural
do_grind p3 smooth mauve colourfragments untreated verysmooth natural
do_grind p3 smooth mauve glazed untreated verysmooth natural
do_grind p3 smooth mauve untreated untreated verysmooth natural
do_grind p3 smooth mauve varnished colourfragments verysmooth natural
do_grind p3 smooth natural colourfragments untreated verysmooth natural
do_grind p3 smooth natural glazed untreated verysmooth natural
do_grind p3 smooth natural untreated untreated verysmooth natural
do_grind p3 smooth natural varnished colourfragments verysmooth natural
do_grind p3 verysmooth black colourfragments untreated verysmooth natural
do_grind p3 verysmooth black glazed untreated verysmooth natural
do_grind p3 verysmooth black untreated untreated verysmooth natural
do_grind p3 verysmooth black varnished colourfragments verysmooth natural
do_grind p3 verysmooth green colourfragments untreated verysmooth natural
do_grind p3 verysmooth green glazed untreated verysmooth natural
do_grind p3 verysmooth green untreated untreated verysmooth natural
do_grind p3 verysmooth green varnished colourfragments verysmooth natural
do_grind p3 verysmooth mauve colourfragments untreated verysmooth natural
do_grind p3 verysmooth mauve glazed untreated verysmooth natural
do_grind p3 verysmooth mauve untreated untreated verysmooth natural
do_grind p3 verysmooth mauve varnished colourfragments verysmooth natural
do_grind p3 verysmooth natural colourfragments untreated verysmooth natural
do_grind p3 verysmooth natural glazed untreated verysmooth natural
do_grind p3 verysmooth natural untreated untreated verysmooth natural
do_grind p3 verysmooth natural varnished colourfragments verysmooth natural
do_grind p4 smooth black colourfragments untreated verysmooth natural
do_grind p4 smooth black glazed untreated verysmooth natural
do_grind p4 smooth black untreated untreated verysmooth natural
do_grind p4 smooth black varnished colourfragments verysmooth natural
do_grind p4 smooth green colourfragments untreated verysmooth natural
do_grind p4 smooth green glazed untreated verysmooth natural
do_grind p4 smooth green untreated untreated verysmooth natural
do_grind p4 smooth green varnished colourfragments verysmooth natural
do_grind p4 smooth mauve colourfragments untreated verysmooth natural
do_grind p4 smooth mauve glazed untreated verysmooth natural
do_grind p4 smooth mauve untreated untreated verysmooth natural
do_grind p4 smooth mauve varnished colourfragments verysmooth natural
do_grind p4 smooth natural colourfragments untreated verysmooth natural
do_grind p4 smooth natural glazed untreated verysmooth natural
do_grind p4 smooth natural untreated untreated verysmooth natural
do_grind p4 smooth natural varnished colourfragments verysmooth natural
do_grind p4 verysmooth black colourfragments untreated verysmooth natural
do_grind p4 verysmooth black glazed untreated verysmooth natural
do_grind p4 verysmooth black untreated untreated verysmooth natural
do_grind p4 verysmooth black varnished colourfragments verysmooth natural
do_grind p4 verysmooth green colourfragments untreated verysmooth natural
do_grind p4 verysmooth green glazed untreated verysmooth natural
do_grind p4 verysmooth green untreated untreated verysmooth natural
do_grind p4 verysmooth green varnished colourfragments verysmooth natural
do_grind p4 verysmooth mauve colourfragments untreated verysmooth natural
do_grind p4 verysmooth mauve glazed untreated verysmooth natural
do_grind p4 verysmooth mauve untreated untreated verysmooth natural
do_grind p4 verysmooth mauve varnished colourfragments verysmooth natural
do_grind p4 verysmooth natural colourfragments untreated verysmooth natural
do_grind p4 verysmooth natural glazed untreated verysmooth natural
do_grind p4 verysmooth natural untreated untreated verysmooth natural
do_grind p4 verysmooth natural varnished colourfragments verysmooth natural
do_grind p5 smooth black colourfragments untreated verysmooth natural
do_grind p5 smooth black glazed untreated verysmooth natural
do_grind p5 smooth black untreated untreated verysmooth natural
do_grind p5 smooth black varnished colourfragments verysmooth natural
do_grind p5 smooth blue colourfragments untreated verysmooth natural
do_grind p5 smooth blue glazed untreated verysmooth natural
do_grind p5 smooth blue untreated untreated verysmooth natural
do_grind p5 smooth blue varnished colourfragments verysmooth natural
do_grind p5 smooth green colourfragments untreated verysmooth natural
do_grind p5 smooth green glazed untreated verysmooth natural
do_grind p5 smooth green untreated untreated verysmooth natural
do_grind p5 smooth green varnished colourfragments verysmooth natural
do_grind p5 smooth mauve colourfragments untreated verysmooth natural
do_grind p5 smooth mauve glazed untreated verysmooth natural
do_grind p5 smooth mauve untreated untreated verysmooth natural
do_grind p5 smooth mauve varnished colourfragments verysmooth natural
do_grind p5 smooth natural colourfragments untreated verysmooth natural
do_grind p5 smooth natural glazed untreated verysmooth natural
do_grind p5 smooth natural untreated untreated verysmooth natural
do_grind p5 smooth natural varnished colourfragments verysmooth natural
do_grind p5 verysmooth black colourfragments untreated verysmooth natural
do_grind p5 verysmooth black glazed untreated verysmooth natural
do_grind p5 verysmooth black untreated untreated verysmooth natural
do_grind p5 verysmooth black varnished colourfragments verysmooth natural
do_grind p5 verysmooth blue colourfragments untreated verysmooth natural
do_grind p5 verysmooth blue glazed untreated verysmooth natural
do_grind p5 verysmooth blue untreated untreated verysmooth natural
do_grind p5 verysmooth blue varnished colourfragments verysmooth natural
do_grind p5 verysmooth green colourfragments untreated verysmooth natural
do_grind p5 verysmooth green glazed untreated verysmooth natural
do_grind p5 verysmooth green untreated untreated verysmooth natural
do_grind p5 verysmooth green varnished colourfragments verysmooth natural
do_grind p5 verysmooth mauve colourfragments untreated verysmooth natural
do_grind p5 verysmooth mauve glazed untreated verysmooth natural
do_grind p5 verysmooth mauve untreated untreated verysmooth natural
do_grind p5 verysmooth mauve varnished colourfragments verysmooth natural
do_grind p5 verysmooth natural colourfragments untreated verysmooth natural
do_grind p5 verysmooth natural glazed untreated verysmooth natural
do_grind p5 verysmooth natural untreated untreated verysmooth natural
do_grind p5 verysmooth natural varnished colourfragments verysmooth natural
do_grind p6 smooth black colourfragments untreated verysmooth natural
do_grind p6 smooth black glazed untreated verysmooth natural
do_grind p6 smooth black untreated untreated verysmooth natural
do_grind p6 smooth black varnished colourfragments verysmooth natural
do_grind p6 smooth green colourfragments untreated verysmooth natural
do_grind p6 smooth green glazed untreated verysmooth natural
do_grind p6 smooth green untreated untreated verysmooth natural
do_grind p6 smooth green varnished colourfragments verysmooth natural
do_grind p6 smooth mauve colourfragments untreated verysmooth natural
do_grind p6 smooth mauve glazed untreated verysmooth natural
do_grind p6 smooth mauve untreated untreated verysmooth natural
do_grind p6 smooth mauve varnished colourfragments verysmooth natural
do_grind p6 smooth natural colourfragments untreated verysmooth natural
do_grind p6 smooth natural glazed untreated verysmooth natural
do_grind p6 smooth natural untreated untreated verysmooth natural
do_grind p6 smooth natural varnished colourfragments verysmooth natural
do_grind p6 verysmooth black colourfragments untreated verysmooth natural
do_grind p6 verysmooth black glazed untreated verysmooth natural
do_grind p6 verysmooth black untreated untreated verysmooth natural
do_grind p6 verysmooth black varnished colourfragments verysmooth natural
do_grind p6 verysmooth green colourfragments untreated verysmooth natural
do_grind p6 verysmooth green glazed untreated verysmooth natural
do_grind p6 verysmooth green untreated untreated verysmooth natural
do_grind p6 verysmooth green varnished colourfragments verysmooth natural
do_grind p6 verysmooth mauve colourfragments untreated verysmooth natural
do_grind p6 verysmooth mauve glazed untreated verysmooth natural
do_grind p6 verysmooth mauve untreated untreated verysmooth natural
do_grind p6 verysmooth mauve varnished colourfragments verysmooth natural
do_grind p6 verysmooth natural colourfragments untreated verysmooth natural
do_grind p6 verysmooth natural glazed untreated verysmooth natural
do_grind p6 verysmooth natural untreated untreated verysmooth natural
do_grind p6 verysmooth natural varnished colourfragments verysmooth natural
do_grind p7 smooth black colourfragments untreated verysmooth natural
do_grind p7 smooth black glazed untreated verysmooth natural
do_grind p7 smooth black untreated untreated verysmooth natural
do_grind p7 smooth black varnished colourfragments verysmooth natural
do_grind p7 smooth green colourfragments untreated verysmooth natural
do_grind p7 smooth green glazed untreated verysmooth natural
do_grind p7 smooth green untreated untreated verysmooth natural
do_grind p7 smooth green varnished colourfragments verysmooth natural
do_grind p7 smooth mauve colourfragments untreated verysmooth natural
do_grind p7 smooth mauve glazed untreated verysmooth natural
do_grind p7 smooth mauve untreated untreated verysmooth natural
do_grind p7 smooth mauve varnished colourfragments verysmooth natural
do_grind p7 smooth natural colourfragments untreated verysmooth natural
do_grind p7 smooth natural glazed untreated verysmooth natural
do_grind p7 smooth natural untreated untreated verysmooth natural
do_grind p7 smooth natural varnished colourfragments verysmooth natural
do_grind p7 verysmooth black colourfragments untreated verysmooth natural
do_grind p7 verysmooth black glazed untreated verysmooth natural
do_grind p7 verysmooth black untreated untreated verysmooth natural
do_grind p7 verysmooth black varnished colourfragments verysmooth natural
do_grind p7 verysmooth green colourfragments untreated verysmooth natural
do_grind p7 verysmooth green glazed untreated verysmooth natural
do_grind p7 verysmooth green untreated untreated verysmooth natural
do_grind p7 verysmooth green varnished colourfragments verysmooth natural
do_grind p7 verysmooth mauve colourfragments untreated verysmooth natural
do_grind p7 verysmooth mauve glazed untreated verysmooth natural
do_grind p7 verysmooth mauve untreated untreated verysmooth natural
do_grind p7 verysmooth mauve varnished colourfragments verysmooth natural
do_grind p7 verysmooth natural colourfragments untreated verysmooth natural
do_grind p7 verysmooth natural glazed untreated verysmooth natural
do_grind p7 verysmooth natural untreated untreated verysmooth natural
do_grind p7 verysmooth natural varnished colourfragments verysmooth natural
do_grind p8 smooth black colourfragments untreated verysmooth natural
do_grind p8 smooth black glazed untreated verysmooth natural
do_grind p8 smooth black untreated untreated verysmooth natural
do_grind p8 smooth black varnished colourfragments verysmooth natural
do_grind p8 smooth green colourfragments untreated verysmooth natural
do_grind p8 smooth green glazed untreated verysmooth natural
do_grind p8 smooth green untreated untreated verysmooth natural
do_grind p8 smooth green varnished colourfragments verysmooth natural
do_grind p8 smooth mauve colourfragments untreated verysmooth natural
do_grind p8 smooth mauve glazed untreated verysmooth natural
do_grind p8 smooth mauve untreated untreated verysmooth natural
do_grind p8 smooth mauve varnished colourfragments verysmooth natural
do_grind p8 smooth natural colourfragments untreated verysmooth natural
do_grind p8 smooth natural glazed untreated verysmooth natural
do_grind p8 smooth natural untreated untreated verysmooth natural
do_grind p8 smooth natural varnished colourfragments verysmooth natural
do_grind p8 verysmooth black colourfragments untreated verysmooth natural
do_grind p8 verysmooth black glazed untreated verysmooth natural
do_grind p8 verysmooth black untreated untreated verysmooth natural
do_grind p8 verysmooth black varnished colourfragments verysmooth natural
do_grind p8 verysmooth green colourfragments untreated verysmooth natural
do_grind p8 verysmooth green glazed untreated verysmooth natural
do_grind p8 verysmooth green untreated untreated verysmooth natural
do_grind p8 verysmooth green varnished colourfragments verysmooth natural
do_grind p8 verysmooth mauve colourfragments untreated verysmooth natural
do_grind p8 verysmooth mauve glazed untreated verysmooth natural
do_grind p8 verysmooth mauve untreated untreated verysmooth natural
do_grind p8 verysmooth mauve varnished colourfragments verysmooth natural
do_grind p8 verysmooth natural colourfragments untreated verysmooth natural
do_grind p8 verysmooth natural glazed untreated verysmooth natural
do_grind p8 verysmooth natural untreated untreated verysmooth natural
do_grind p8 verysmooth natural varnished colourfragments verysmooth natural
do_grind_untreated p0 grinder0 rough black untreated verysmooth natural
do_grind_untreated p0 grinder0 rough green untreated verysmooth natural
do_grind_untreated p0 grinder0 rough mauve untreated verysmooth natural
do_grind_untreated p0 grinder0 rough natural untreated verysmooth natural
do_grind_untreated p0 grinder0 smooth black untreated verysmooth natural
do_grind_untreated p0 grinder0 smooth green untreated verysmooth natural
do_grind_untreated p0 grinder0 smooth mauve untreated verysmooth natural
do_grind_untreated p0 grinder0 smooth natural untreated verysmooth natural
do_grind_untreated p0 grinder0 verysmooth black untreated verysmooth natural
do_grind_untreated p0 grinder0 verysmooth green untreated verysmooth natural
do_grind_untreated p0 grinder0 verysmooth mauve untreated verysmooth natural
do_grind_untreated p0 grinder0 verysmooth natural untreated verysmooth natural
do_grind_untreated p1 grinder0 rough black untreated verysmooth natural
do_grind_untreated p1 grinder0 rough green untreated verysmooth natural
do_grind_untreated p1 grinder0 rough mauve untreated verysmooth natural
do_grind_untreated p1 grinder0 rough natural untreated verysmooth natural
do_grind_untreated p1 grinder0 smooth black untreated verysmooth natural
do_grind_untreated p1 grinder0 smooth green untreated verysmooth natural
do_grind_untreated p1 grinder0 smooth mauve untreated verysmooth natural
do_grind_untreated p1 grinder0 smooth natural untreated verysmooth natural
do_grind_untreated p1 grinder0 verysmooth black untreated verysmooth natural
do_grind_untreated p1 grinder0 verysmooth green untreated verysmooth natural
do_grind_untreated p1 grinder0 verysmooth mauve untreated verysmooth natural
do_grind_untreated p1 grinder0 verysmooth natural untreated verysmooth natural
do_grind_untreated p2 grinder0 rough black untreated verysmooth natural
do_grind_untreated p2 grinder0 rough green untreated verysmooth natural
do_grind_untreated p2 grinder0 rough mauve untreated verysmooth natural
do_grind_untreated p2 grinder0 rough natural untreated verysmooth natural
do_grind_untreated p2 grinder0 smooth black untreated verysmooth natural
do_grind_untreated p2 grinder0 smooth green untreated verysmooth natural
do_grind_untreated p2 grinder0 smooth mauve untreated verysmooth natural
do_grind_untreated p2 grinder0 smooth natural untreated verysmooth natural
do_grind_untreated p2 grinder0 verysmooth black untreated verysmooth natural
do_grind_untreated p2 grinder0 verysmooth green untreated verysmooth natural
do_grind_untreated p2 grinder0 verysmooth mauve untreated verysmooth natural
do_grind_untreated p2 grinder0 verysmooth natural untreated verysmooth natural
do_grind_untreated p3 grinder0 rough black untreated verysmooth natural
do_grind_untreated p3 grinder0 rough green untreated verysmooth natural
do_grind_untreated p3 grinder0 rough mauve untreated verysmooth natural
do_grind_untreated p3 grinder0 rough natural untreated verysmooth natural
do_grind_untreated p3 grinder0 smooth black untreated verysmooth natural
do_grind_untreated p3 grinder0 smooth green untreated verysmooth natural
do_grind_untreated p3 grinder0 smooth mauve untreated verysmooth natural
do_grind_untreated p3 grinder0 smooth natural untreated verysmooth natural
do_grind_untreated p3 grinder0 verysmooth black untreated verysmooth natural
do_grind_untreated p3 grinder0 verysmooth green untreated verysmooth natural
do_grind_untreated p3 grinder0 verysmooth mauve untreated verysmooth natural
do_grind_untreated p3 grinder0 verysmooth natural untreated verysmooth natural
do_grind_untreated p4 grinder0 rough black untreated verysmooth natural
do_grind_untreated p4 grinder0 rough green untreated verysmooth natural
do_grind_untreated p4 grinder0 rough mauve untreated verysmooth natural
do_grind_untreated p4 grinder0 rough natural untreated verysmooth natural
do_grind_untreated p4 grinder0 smooth black untreated verysmooth natural
do_grind_untreated p4 grinder0 smooth green untreated verysmooth natural
do_grind_untreated p4 grinder0 smooth mauve untreated verysmooth natural
do_grind_untreated p4 grinder0 smooth natural untreated verysmooth natural
do_grind_untreated p4 grinder0 verysmooth black untreated verysmooth natural
do_grind_untreated p4 grinder0 verysmooth green untreated verysmooth natural
do_grind_untreated p4 grinder0 verysmooth mauve untreated verysmooth natural
do_grind_untreated p4 grinder0 verysmooth natural untreated verysmooth natural
do_grind_untreated p5 grinder0 rough black untreated verysmooth natural
do_grind_untreated p5 grinder0 rough blue untreated verysmooth natural
do_grind_untreated p5 grinder0 rough green untreated verysmooth natural
do_grind_untreated p5 grinder0 rough mauve untreated verysmooth natural
do_grind_untreated p5 grinder0 rough natural untreated verysmooth natural
do_grind_untreated p5 grinder0 smooth black untreated verysmooth natural
do_grind_untreated p5 grinder0 smooth blue untreated verysmooth natural
do_grind_untreated p5 grinder0 smooth green untreated verysmooth natural
do_grind_untreated p5 grinder0 smooth mauve untreated verysmooth natural
do_grind_untreated p5 grinder0 smooth natural untreated verysmooth natural
do_grind_untreated p5 grinder0 verysmooth black untreated verysmooth natural
do_grind_untreated p5 grinder0 verysmooth blue untreated verysmooth natural
do_grind_untreated p5 grinder0 verysmooth green untreated verysmooth natural
do_grind_untreated p5 grinder0 verysmooth mauve untreated verysmooth natural
do_grind_untreated p5 grinder0 verysmooth natural untreated verysmooth natural
do_grind_untreated p6 grinder0 rough black untreated verysmooth natural
do_grind_untreated p6 grinder0 rough green untreated verysmooth natural
do_grind_untreated p6 grinder0 rough mauve untreated verysmooth natural
do_grind_untreated p6 grinder0 rough natural untreated verysmooth natural
do_grind_untreated p6 grinder0 smooth black untreated verysmooth natural
do_grind_untreated p6 grinder0 smooth green untreated verysmooth natural
do_grind_untreated p6 grinder0 smooth mauve untreated verysmooth natural
do_grind_untreated p6 grinder0 smooth natural untreated verysmooth natural
do_grind_untreated p6 grinder0 verysmooth black untreated verysmooth natural
do_grind_untreated p6 grinder0 verysmooth green untreated verysmooth natural
do_grind_untreated p6 grinder0 verysmooth mauve untreated verysmooth natural
do_grind_untreated p6 grinder0 verysmooth natural untreated verysmooth natural
do_grind_untreated p7 grinder0 rough black untreated verysmooth natural
do_grind_untreated p7 grinder0 rough green untreated verysmooth natural
do_grind_untreated p7 grinder0 rough mauve untreated verysmooth natural
do_grind_untreated p7 grinder0 rough natural untreated verysmooth natural
do_grind_untreated p7 grinder0 smooth black untreated verysmooth natural
do_grind_untreated p7 grinder0 smooth green untreated verysmooth natural
do_grind_untreated p7 grinder0 smooth mauve untreated verysmooth natural
do_grind_untreated p7 grinder0 smooth natural untreated verysmooth natural
do_grind_untreated p7 grinder0 verysmooth black untreated verysmooth natural
do_grind_untreated p7 grinder0 verysmooth green untreated verysmooth natural
do_grind_untreated p7 grinder0 verysmooth mauve untreated verysmooth natural
do_grind_untreated p7 grinder0 verysmooth natural untreated verysmooth natural
do_grind_untreated p8 grinder0 rough black untreated verysmooth natural
do_grind_untreated p8 grinder0 rough green untreated verysmooth natural
do_grind_untreated p8 grinder0 rough mauve untreated verysmooth natural
do_grind_untreated p8 grinder0 rough natural untreated verysmooth natural
do_grind_untreated p8 grinder0 smooth black untreated verysmooth natural
do_grind_untreated p8 grinder0 smooth green untreated verysmooth natural
do_grind_untreated p8 grinder0 smooth mauve untreated verysmooth natural
do_grind_untreated p8 grinder0 smooth natural untreated verysmooth natural
do_grind_untreated p8 grinder0 verysmooth black untreated verysmooth natural
do_grind_untreated p8 grinder0 verysmooth green untreated verysmooth natural
do_grind_untreated p8 grinder0 verysmooth mauve untreated verysmooth natural
do_grind_untreated p8 grinder0 verysmooth natural untreated verysmooth natural
do_immersion_varnish p0 immersion_varnisher0 black smooth untreated varnished natural
do_immersion_varnish p0 immersion_varnisher0 black verysmooth untreated varnished natural
do_immersion_varnish p0 immersion_varnisher0 green smooth untreated varnished natural
do_immersion_varnish p0 immersion_varnisher0 green verysmooth untreated varnished natural
do_immersion_varnish p0 immersion_varnisher0 mauve smooth untreated varnished natural
do_immersion_varnish p0 immersion_varnisher0 mauve verysmooth untreated varnished natural
do_immersion_varnish p0 immersion_varnisher0 natural smooth untreated varnished natural
do_immersion_varnish p0 immersion_varnisher0 natural verysmooth untreated varnished natural
do_immersion_varnish p1 immersion_varnisher0 black smooth untreated varnished natural
do_immersion_varnish p1 immersion_varnisher0 black verysmooth untreated varnished natural
do_immersion_varnish p1 immersion_varnisher0 green smooth untreated varnished natural
do_immersion_varnish p1 immersion_varnisher0 green verysmooth untreated varnished natural
do_immersion_varnish p1 immersion_varnisher0 mauve smooth untreated varnished natural
do_immersion_varnish p1 immersion_varnisher0 mauve verysmooth untreated varnished natural
do_immersion_varnish p1 immersion_varnisher0 natural smooth untreated varnished natural
do_immersion_varnish p1 immersion_varnisher0 natural verysmooth untreated varnished natural
do_immersion_varnish p2 immersion_varnisher0 black smooth untreated varnished natural
do_immersion_varnish p2 immersion_varnisher0 black verysmooth untreated varnished natural
do_immersion_varnish p2 immersion_varnisher0 green smooth untreated varnished natural
do_immersion_varnish p2 immersion_varnisher0 green verysmooth untreated varnished natural
do_immersion_varnish p2 immersion_varnisher0 mauve smooth untreated varnished natural
do_immersion_varnish p2 immersion_varnisher0 mauve verysmooth untreated varnished natural
do_immersion_varnish p2 immersion_varnisher0 natural smooth untreated varnished natural
do_immersion_varnish p2 immersion_varnisher0 natural verysmooth untreated varnished natural
do_immersion_varnish p3 immersion_varnisher0 black smooth untreated varnished natural
do_immersion_varnish p3 immersion_varnisher0 black verysmooth untreated varnished natural
do_immersion_varnish p3 immersion_varnisher0 green smooth untreated varnished natural
do_immersion_varnish p3 immersion_varnisher0 green verysmooth untreated varnished natural
do_immersion_varnish p3 immersion_varnisher0 mauve smooth untreated varnished natural
do_immersion_varnish p3 immersion_varnisher0 mauve verysmooth untreated varnished natural
do_immersion_varnish p3 immersion_varnisher0 natural smooth untreated varnished natural
do_immersion_varnish p3 immersion_varnisher0 natural verysmooth untreated varnished natural
do_immersion_varnish p4 immersion_varnisher0 black smooth untreated varnished natural
do_immersion_varnish p4 immersion_varnisher0 black verysmooth untreated varnished natural
do_immersion_varnish p4 immersion_varnisher0 green smooth untreated varnished natural
do_immersion_varnish p4 immersion_varnisher0 green verysmooth untreated varnished natural
do_immersion_varnish p4 immersion_varnisher0 mauve smooth untreated varnished natural
do_immersion_varnish p4 immersion_varnisher0 mauve verysmooth untreated varnished natural
do_immersion_varnish p4 immersion_varnisher0 natural smooth untreated varnished natural
do_immersion_varnish p4 immersion_varnisher0 natural verysmooth untreated varnished natural
do_immersion_varnish p5 immersion_varnisher0 black smooth untreated varnished natural
do_immersion_varnish p5 immersion_varnisher0 black verysmooth untreated varnished natural
do_immersion_varnish p5 immersion_varnisher0 green smooth untreated varnished natural
do_immersion_varnish p5 immersion_varnisher0 green verysmooth untreated varnished natural
do_immersion_varnish p5 immersion_varnisher0 mauve smooth untreated varnished natural
do_immersion_varnish p5 immersion_varnisher0 mauve verysmooth untreated varnished natural
do_immersion_varnish p5 immersion_varnisher0 natural smooth untreated varnished natural
do_immersion_varnish p5 immersion_varnisher0 natural verysmooth untreated varnished natural
do_immersion_varnish p6 immersion_varnisher0 black smooth untreated varnished natural
do_immersion_varnish p6 immersion_varnisher0 black verysmooth untreated varnished natural
do_immersion_varnish p6 immersion_varnisher0 green smooth untreated varnished natural
do_immersion_varnish p6 immersion_varnisher0 green verysmooth untreated varnished natural
do_immersion_varnish p6 immersion_varnisher0 mauve smooth untreated varnished natural
do_immersion_varnish p6 immersion_varnisher0 mauve verysmooth untreated varnished natural
do_immersion_varnish p6 immersion_varnisher0 natural smooth untreated varnished natural
do_immersion_varnish p6 immersion_varnisher0 natural verysmooth untreated varnished natural
do_immersion_varnish p7 immersion_varnisher0 black smooth untreated varnished natural
do_immersion_varnish p7 immersion_varnisher0 black verysmooth untreated varnished natural
do_immersion_varnish p7 immersion_varnisher0 green smooth untreated varnished natural
do_immersion_varnish p7 immersion_varnisher0 green verysmooth untreated varnished natural
do_immersion_varnish p7 immersion_varnisher0 mauve smooth untreated varnished natural
do_immersion_varnish p7 immersion_varnisher0 mauve verysmooth untreated varnished natural
do_immersion_varnish p7 immersion_varnisher0 natural smooth untreated varnished natural
do_immersion_varnish p7 immersion_varnisher0 natural verysmooth untreated varnished natural
do_immersion_varnish p8 immersion_varnisher0 black smooth untreated varnished natural
do_immersion_varnish p8 immersion_varnisher0 black verysmooth untreated varnished natural
do_immersion_varnish p8 immersion_varnisher0 green smooth untreated varnished natural
do_immersion_varnish p8 immersion_varnisher0 green verysmooth untreated varnished natural
do_immersion_varnish p8 immersion_varnisher0 mauve smooth untreated varnished natural
do_immersion_varnish p8 immersion_varnisher0 mauve verysmooth untreated varnished natural
do_immersion_varnish p8 immersion_varnisher0 natural smooth untreated varnished natural
do_immersion_varnish p8 immersion_varnisher0 natural verysmooth untreated varnished natural
do_plane p0 rough black colourfragments smooth untreated natural
do_plane p0 rough black glazed smooth untreated natural
do_plane p0 rough black untreated smooth untreated natural
do_plane p0 rough black varnished smooth untreated natural
do_plane p0 rough green colourfragments smooth untreated natural
do_plane p0 rough green glazed smooth untreated natural
do_plane p0 rough green untreated smooth untreated natural
do_plane p0 rough green varnished smooth untreated natural
do_plane p0 rough mauve colourfragments smooth untreated natural
do_plane p0 rough mauve glazed smooth untreated natural
do_plane p0 rough mauve untreated smooth untreated natural
do_plane p0 rough mauve varnished smooth untreated natural
do_plane p0 rough natural colourfragments smooth untreated natural
do_plane p0 rough natural glazed smooth untreated natural
do_plane p0 rough natural untreated smooth untreated natural
do_plane p0 rough natural varnished smooth untreated natural
do_plane p0 smooth black colourfragments smooth untreated natural
do_plane p0 smooth black glazed smooth untreated natural
do_plane p0 smooth black untreated smooth untreated natural
do_plane p0 smooth black varnished smooth untreated natural
do_plane p0 smooth green colourfragments smooth untreated natural
do_plane p0 smooth green glazed smooth untreated natural
do_plane p0 smooth green untreated smooth untreated natural
do_plane p0 smooth green varnished smooth untreated natural
do_plane p0 smooth mauve colourfragments smooth untreated natural
do_plane p0 smooth mauve glazed smooth untreated natural
do_plane p0 smooth mauve untreated smooth untreated natural
do_plane p0 smooth mauve varnished smooth untreated natural
do_plane p0 smooth natural colourfragments smooth untreated natural
do_plane p0 smooth natural glazed smooth untreated natural
do_plane p0 smooth natural untreated smooth untreated natural
do_plane p0 smooth natural varnished smooth untreated natural
do_plane p0 verysmooth black colourfragments smooth untreated natural
do_plane p0 verysmooth black glazed smooth untreated natural
do_plane p0 verysmooth black untreated smooth untreated natural
do_plane p0 verysmooth black varnished smooth untreated natural
do_plane p0 verysmooth green colourfragments smooth untreated natural
do_plane p0 verysmooth green glazed smooth untreated natural
do_plane p0 verysmooth green untreated smooth untreated natural
do_plane p0 verysmooth green varnished smooth untreated natural
do_plane p0 verysmooth mauve colourfragments smooth untreated natural
do_plane p0 verysmooth mauve glazed smooth untreated natural
do_plane p0 verysmooth mauve untreated smooth untreated natural
do_plane p0 verysmooth mauve varnished smooth untreated natural
do_plane p0 verysmooth natural colourfragments smooth untreated natural
do_plane p0 verysmooth natural glazed smooth untreated natural
do_plane p0 verysmooth natural untreated smooth untreated natural
do_plane p0 verysmooth natural varnished smooth untreated natural
do_plane p1 rough black colourfragments smooth untreated natural
do_plane p1 rough black glazed smooth untreated natural
do_plane p1 rough black untreated smooth untreated natural
do_plane p1 rough black varnished smooth untreated natural
do_plane p1 rough green colourfragments smooth untreated natural
do_plane p1 rough green glazed smooth untreated natural
do_plane p1 rough green untreated smooth untreated natural
do_plane p1 rough green varnished smooth untreated natural
do_plane p1 rough mauve colourfragments smooth untreated natural
do_plane p1 rough mauve glazed smooth untreated natural
do_plane p1 rough mauve untreated smooth untreated natural
do_plane p1 rough mauve varnished smooth untreated natural
do_plane p1 rough natural colourfragments smooth untreated natural
do_plane p1 rough natural glazed smooth untreated natural
do_plane p1 rough natural untreated smooth untreated natural
do_plane p1 rough natural varnished smooth untreated natural
do_plane p1 smooth black colourfragments smooth untreated natural
do_plane p1 smooth black glazed smooth untreated natural
do_plane p1 smooth black untreated smooth untreated natural
do_plane p1 smooth black varnished smooth untreated natural
do_plane p1 smooth green colourfragments smooth untreated natural
do_plane p1 smooth green glazed smooth untreated natural
do_plane p1 smooth green untreated smooth untreated natural
do_plane p1 smooth green varnished smooth untreated natural
do_plane p1 smooth mauve colourfragments smooth untreated natural
do_plane p1 smooth mauve glazed smooth untreated natural
do_plane p1 smooth mauve untreated smooth untreated natural
do_plane p1 smooth mauve varnished smooth untreated natural
do_plane p1 smooth natural colourfragments smooth untreated natural
do_plane p1 smooth natural glazed smooth untreated natural
do_plane p1 smooth natural untreated smooth untreated natural
do_plane p1 smooth natural varnished smooth untreated natural
do_plane p1 verysmooth black colourfragments smooth untreated natural
do_plane p1 verysmooth black glazed smooth untreated natural
do_plane p1 verysmooth black untreated smooth untreated natural
do_plane p1 verysmooth black varnished smooth untreated natural
do_plane p1 verysmooth green colourfragments smooth untreated natural
do_plane p1 verysmooth green glazed smooth untreated natural
do_plane p1 verysmooth green untreated smooth untreated natural
do_plane p1 verysmooth green varnished smooth untreated natural
do_plane p1 verysmooth mauve colourfragments smooth untreated natural
do_plane p1 verysmooth mauve glazed smooth untreated natural
do_plane p1 verysmooth mauve untreated smooth untreated natural
do_plane p1 verysmooth mauve varnished smooth untreated natural
do_plane p1 verysmooth natural colourfragments smooth untreated natural
do_plane p1 verysmooth natural glazed smooth untreated natural
do_plane p1 verysmooth natural untreated smooth untreated natural
do_plane p1 verysmooth natural varnished smooth untreated natural
do_plane p2 rough black colourfragments smooth untreated natural
do_plane p2 rough black glazed smooth untreated natural
do_plane p2 rough black untreated smooth untreated natural
do_plane p2 rough black varnished smooth untreated natural
do_plane p2 rough green colourfragments smooth untreated natural
do_plane p2 rough green glazed smooth untreated natural
do_plane p2 rough green untreated smooth untreated natural
do_plane p2 rough green varnished smooth untreated natural
do_plane p2 rough mauve colourfragments smooth untreated natural
do_plane p2 rough mauve glazed smooth untreated natural
do_plane p2 rough mauve untreated smooth untreated natural
do_plane p2 rough mauve varnished smooth untreated natural
do_plane p2 rough natural colourfragments smooth untreated natural
do_plane p2 rough natural glazed smooth untreated natural
do_plane p2 rough natural untreated smooth untreated natural
do_plane p2 rough natural varnished smooth untreated natural
do_plane p2 smooth black colourfragments smooth untreated natural
do_plane p2 smooth black glazed smooth untreated natural
do_plane p2 smooth black untreated smooth untreated natural
do_plane p2 smooth black varnished smooth untreated natural
do_plane p2 smooth green colourfragments smooth untreated natural
do_plane p2 smooth green glazed smooth untreated natural
do_plane p2 smooth green untreated smooth untreated natural
do_plane p2 smooth green varnished smooth untreated natural
do_plane p2 smooth mauve colourfragments smooth untreated natural
do_plane p2 smooth mauve glazed smooth untreated natural
do_plane p2 smooth mauve untreated smooth untreated natural
do_plane p2 smooth mauve varnished smooth untreated natural
do_plane p2 smooth natural colourfragments smooth untreated natural
do_plane p2 smooth natural glazed smooth untreated natural
do_plane p2 smooth natural untreated smooth untreated natural
do_plane p2 smooth natural varnished smooth untreated natural
do_plane p2 verysmooth black colourfragments smooth untreated natural
do_plane p2 verysmooth black glazed smooth untreated natural
do_plane p2 verysmooth black untreated smooth untreated natural
do_plane p2 verysmooth black varnished smooth untreated natural
do_plane p2 verysmooth green colourfragments smooth untreated natural
do_plane p2 verysmooth green glazed smooth untreated natural
do_plane p2 verysmooth green untreated smooth untreated natural
do_plane p2 verysmooth green varnished smooth untreated natural
do_plane p2 verysmooth mauve colourfragments smooth untreated natural
do_plane p2 verysmooth mauve glazed smooth untreated natural
do_plane p2 verysmooth mauve untreated smooth untreated natural
do_plane p2 verysmooth mauve varnished smooth untreated natural
do_plane p2 verysmooth natural colourfragments smooth untreated natural
do_plane p2 verysmooth natural glazed smooth untreated natural
do_plane p2 verysmooth natural untreated smooth untreated natural
do_plane p2 verysmooth natural varnished smooth untreated natural
do_plane p3 rough black colourfragments smooth untreated natural
do_plane p3 rough black glazed smooth untreated natural
do_plane p3 rough black untreated smooth untreated natural
do_plane p3 rough black varnished smooth untreated natural
do_plane p3 rough green colourfragments smooth untreated natural
do_plane p3 rough green glazed smooth untreated natural
do_plane p3 rough green untreated smooth untreated natural
do_plane p3 rough green varnished smooth untreated natural
do_plane p3 rough mauve colourfragments smooth untreated natural
do_plane p3 rough mauve glazed smooth untreated natural
do_plane p3 rough mauve untreated smooth untreated natural
do_plane p3 rough mauve varnished smooth untreated natural
do_plane p3 rough natural colourfragments smooth untreated natural
do_plane p3 rough natural glazed smooth untreated natural
do_plane p3 rough natural untreated smooth untreated natural
do_plane p3 rough natural varnished smooth untreated natural
do_plane p3 smooth black colourfragments smooth untreated natural
do_plane p3 smooth black glazed smooth untreated natural
do_plane p3 smooth black untreated smooth untreated natural
do_plane p3 smooth black varnished smooth untreated natural
do_plane p3 smooth green colourfragments smooth untreated natural
do_plane p3 smooth green glazed smooth untreated natural
do_plane p3 smooth green untreated smooth untreated natural
do_plane p3 smooth green varnished smooth untreated natural
do_plane p3 smooth mauve colourfragments smooth untreated natural
do_plane p3 smooth mauve glazed smooth untreated natural
do_plane p3 smooth mauve untreated smooth untreated natural
do_plane p3 smooth mauve varnished smooth untreated natural
do_plane p3 smooth natural colourfragments smooth untreated natural
do_plane p3 smooth natural glazed smooth untreated natural
do_plane p3 smooth natural untreated smooth untreated natural
do_plane p3 smooth natural varnished smooth untreated natural
do_plane p3 verysmooth black colourfragments smooth untreated natural
do_plane p3 verysmooth black glazed smooth untreated natural
do_plane p3 verysmooth black untreated smooth untreated natural
do_plane p3 verysmooth black varnished smooth untreated natural
do_plane p3 verysmooth green colourfragments smooth untreated natural
do_plane p3 verysmooth green glazed smooth untreated natural
do_plane p3 verysmooth green untreated smooth untreated natural
do_plane p3 verysmooth green varnished smooth untreated natural
do_plane p3 verysmooth mauve colourfragments smooth untreated natural
do_plane p3 verysmooth mauve glazed smooth untreated natural
do_plane p3 verysmooth mauve untreated smooth untreated natural
do_plane p3 verysmooth mauve varnished smooth untreated natural
do_plane p3 verysmooth natural colourfragments smooth untreated natural
do_plane p3 verysmooth natural glazed smooth untreated natural
do_plane p3 verysmooth natural untreated smooth untreated natural
do_plane p3 verysmooth natural varnished smooth untreated natural
do_plane p4 rough black colourfragments smooth untreated natural
do_plane p4 rough black glazed smooth untreated natural
do_plane p4 rough black untreated smooth untreated natural
do_plane p4 rough black varnished smooth untreated natural
do_plane p4 rough green colourfragments smooth untreated natural
do_plane p4 rough green glazed smooth untreated natural
do_plane p4 rough green untreated smooth untreated natural
do_plane p4 rough green varnished smooth untreated natural
do_plane p4 rough mauve colourfragments smooth untreated natural
do_plane p4 rough mauve glazed smooth untreated natural
do_plane p4 rough mauve untreated smooth untreated natural
do_plane p4 rough mauve varnished smooth untreated natural
do_plane p4 rough natural colourfragments smooth untreated natural
do_plane p4 rough natural glazed smooth untreated natural
do_plane p4 rough natural untreated smooth untreated natural
do_plane p4 rough natural varnished smooth untreated natural
do_plane p4 smooth black colourfragments smooth untreated natural
do_plane p4 smooth black glazed smooth untreated natural
do_plane p4 smooth black untreated smooth untreated natural
do_plane p4 smooth black varnished smooth untreated natural
do_plane p4 smooth green colourfragments smooth untreated natural
do_plane p4 smooth green glazed smooth untreated natural
do_plane p4 smooth green untreated smooth untreated natural
do_plane p4 smooth green varnished smooth untreated natural
do_plane p4 smooth mauve colourfragments smooth untreated natural
do_plane p4 smooth mauve glazed smooth untreated natural
do_plane p4 smooth mauve untreated smooth untreated natural
do_plane p4 smooth mauve varnished smooth untreated natural
do_plane p4 smooth natural colourfragments smooth untreated natural
do_plane p4 smooth natural glazed smooth untreated natural
do_plane p4 smooth natural untreated smooth untreated natural
do_plane p4 smooth natural varnished smooth untreated natural
do_plane p4 verysmooth black colourfragments smooth untreated natural
do_plane p4 verysmooth black glazed smooth untreated natural
do_plane p4 verysmooth black untreated smooth untreated natural
do_plane p4 verysmooth black varnished smooth untreated natural
do_plane p4 verysmooth green colourfragments smooth untreated natural
do_plane p4 verysmooth green glazed smooth untreated natural
do_plane p4 verysmooth green untreated smooth untreated natural
do_plane p4 verysmooth green varnished smooth untreated natural
do_plane p4 verysmooth mauve colourfragments smooth untreated natural
do_plane p4 verysmooth mauve glazed smooth untreated natural
do_plane p4 verysmooth mauve untreated smooth untreated natural
do_plane p4 verysmooth mauve varnished smooth untreated natural
do_plane p4 verysmooth natural colourfragments smooth untreated natural
do_plane p4 verysmooth natural glazed smooth untreated natural
do_plane p4 verysmooth natural untreated smooth untreated natural
do_plane p4 verysmooth natural varnished smooth untreated natural
do_plane p5 rough black colourfragments smooth untreated natural
do_plane p5 rough black glazed smooth untreated natural
do_plane p5 rough black untreated smooth untreated natural
do_plane p5 rough black varnished smooth untreated natural
do_plane p5 rough blue colourfragments smooth untreated natural
do_plane p5 rough blue glazed smooth untreated natural
do_plane p5 rough blue untreated smooth untreated natural
do_plane p5 rough blue varnished smooth untreated natural
do_plane p5 rough green colourfragments smooth untreated natural
do_plane p5 rough green glazed smooth untreated natural
do_plane p5 rough green untreated smooth untreated natural
do_plane p5 rough green varnished smooth untreated natural
do_plane p5 rough mauve colourfragments smooth untreated natural
do_plane p5 rough mauve glazed smooth untreated natural
do_plane p5 rough mauve untreated smooth untreated natural
do_plane p5 rough mauve varnished smooth untreated natural
do_plane p5 rough natural colourfragments smooth untreated natural
do_plane p5 rough natural glazed smooth untreated natural
do_plane p5 rough natural untreated smooth untreated natural
do_plane p5 rough natural varnished smooth untreated natural
do_plane p5 smooth black colourfragments smooth untreated natural
do_plane p5 smooth black glazed smooth untreated natural
do_plane p5 smooth black untreated smooth untreated natural
do_plane p5 smooth black varnished smooth untreated natural
do_plane p5 smooth blue colourfragments smooth untreated natural
do_plane p5 smooth blue glazed smooth untreated natural
do_plane p5 smooth blue untreated smooth untreated natural
do_plane p5 smooth blue varnished smooth untreated natural
do_plane p5 smooth green colourfragments smooth untreated natural
do_plane p5 smooth green glazed smooth untreated natural
do_plane p5 smooth green untreated smooth untreated natural
do_plane p5 smooth green varnished smooth untreated natural
do_plane p5 smooth mauve colourfragments smooth untreated natural
do_plane p5 smooth mauve glazed smooth untreated natural
do_plane p5 smooth mauve untreated smooth untreated natural
do_plane p5 smooth mauve varnished smooth untreated natural
do_plane p5 smooth natural colourfragments smooth untreated natural
do_plane p5 smooth natural glazed smooth untreated natural
do_plane p5 smooth natural untreated smooth untreated natural
do_plane p5 smooth natural varnished smooth untreated natural
do_plane p5 verysmooth black colourfragments smooth untreated natural
do_plane p5 verysmooth black glazed smooth untreated natural
do_plane p5 verysmooth black untreated smooth untreated natural
do_plane p5 verysmooth black varnished smooth untreated natural
do_plane p5 verysmooth blue colourfragments smooth untreated natural
do_plane p5 verysmooth blue glazed smooth untreated natural
do_plane p5 verysmooth blue untreated smooth untreated natural
do_plane p5 verysmooth blue varnished smooth untreated natural
do_plane p5 verysmooth green colourfragments smooth untreated natural
do_plane p5 verysmooth green glazed smooth untreated natural
do_plane p5 verysmooth green untreated smooth untreated natural
do_plane p5 verysmooth green varnished smooth untreated natural
do_plane p5 verysmooth mauve colourfragments smooth untreated natural
do_plane p5 verysmooth mauve glazed smooth untreated natural
do_plane p5 verysmooth mauve untreated smooth untreated natural
do_plane p5 verysmooth mauve varnished smooth untreated natural
do_plane p5 verysmooth natural colourfragments smooth untreated natural
do_plane p5 verysmooth natural glazed smooth untreated natural
do_plane p5 verysmooth natural untreated smooth untreated natural
do_plane p5 verysmooth natural varnished smooth untreated natural
do_plane p6 rough black colourfragments smooth untreated natural
do_plane p6 rough black glazed smooth untreated natural
do_plane p6 rough black untreated smooth untreated natural
do_plane p6 rough black varnished smooth untreated natural
do_plane p6 rough green colourfragments smooth untreated natural
do_plane p6 rough green glazed smooth untreated natural
do_plane p6 rough green untreated smooth untreated natural
do_plane p6 rough green varnished smooth untreated natural
do_plane p6 rough mauve colourfragments smooth untreated natural
do_plane p6 rough mauve glazed smooth untreated natural
do_plane p6 rough mauve untreated smooth untreated natural
do_plane p6 rough mauve varnished smooth untreated natural
do_plane p6 rough natural colourfragments smooth untreated natural
do_plane p6 rough natural glazed smooth untreated natural
do_plane p6 rough natural untreated smooth untreated natural
do_plane p6 rough natural varnished smooth untreated natural
do_plane p6 smooth black colourfragments smooth untreated natural
do_plane p6 smooth black glazed smooth untreated natural
do_plane p6 smooth black untreated smooth untreated natural
do_plane p6 smooth black varnished smooth untreated natural
do_plane p6 smooth green colourfragments smooth untreated natural
do_plane p6 smooth green glazed smooth untreated natural
do_plane p6 smooth green untreated smooth untreated natural
do_plane p6 smooth green varnished smooth untreated natural
do_plane p6 smooth mauve colourfragments smooth untreated natural
do_plane p6 smooth mauve glazed smooth untreated natural
do_plane p6 smooth mauve untreated smooth untreated natural
do_plane p6 smooth mauve varnished smooth untreated natural
do_plane p6 smooth natural colourfragments smooth untreated natural
do_plane p6 smooth natural glazed smooth untreated natural
do_plane p6 smooth natural untreated smooth untreated natural
do_plane p6 smooth natural varnished smooth untreated natural
do_plane p6 verysmooth black colourfragments smooth untreated natural
do_plane p6 verysmooth black glazed smooth untreated natural
do_plane p6 verysmooth black untreated smooth untreated natural
do_plane p6 verysmooth black varnished smooth untreated natural
do_plane p6 verysmooth green colourfragments smooth untreated natural
do_plane p6 verysmooth green glazed smooth untreated natural
do_plane p6 verysmooth green untreated smooth untreated natural
do_plane p6 verysmooth green varnished smooth untreated natural
do_plane p6 verysmooth mauve colourfragments smooth untreated natural
do_plane p6 verysmooth mauve glazed smooth untreated natural
do_plane p6 verysmooth mauve untreated smooth untreated natural
do_plane p6 verysmooth mauve varnished smooth untreated natural
do_plane p6 verysmooth natural colourfragments smooth untreated natural
do_plane p6 verysmooth natural glazed smooth untreated natural
do_plane p6 verysmooth natural untreated smooth untreated natural
do_plane p6 verysmooth natural varnished smooth untreated natural
do_plane p7 rough black colourfragments smooth untreated natural
do_plane p7 rough black glazed smooth untreated natural
do_plane p7 rough black untreated smooth untreated natural
do_plane p7 rough black varnished smooth untreated natural
do_plane p7 rough green colourfragments smooth untreated natural
do_plane p7 rough green glazed smooth untreated natural
do_plane p7 rough green untreated smooth untreated natural
do_plane p7 rough green varnished smooth untreated natural
do_plane p7 rough mauve colourfragments smooth untreated natural
do_plane p7 rough mauve glazed smooth untreated natural
do_plane p7 rough mauve untreated smooth untreated natural
do_plane p7 rough mauve varnished smooth untreated natural
do_plane p7 rough natural colourfragments smooth untreated natural
do_plane p7 rough natural glazed smooth untreated natural
do_plane p7 rough natural untreated smooth untreated natural
do_plane p7 rough natural varnished smooth untreated natural
do_plane p7 smooth black colourfragments smooth untreated natural
do_plane p7 smooth black glazed smooth untreated natural
do_plane p7 smooth black untreated smooth untreated natural
do_plane p7 smooth black varnished smooth untreated natural
do_plane p7 smooth green colourfragments smooth untreated natural
do_plane p7 smooth green glazed smooth untreated natural
do_plane p7 smooth green untreated smooth untreated natural
do_plane p7 smooth green varnished smooth untreated natural
do_plane p7 smooth mauve colourfragments smooth untreated natural
do_plane p7 smooth mauve glazed smooth untreated natural
do_plane p7 smooth mauve untreated smooth untreated natural
do_plane p7 smooth mauve varnished smooth untreated natural
do_plane p7 smooth natural colourfragments smooth untreated natural
do_plane p7 smooth natural glazed smooth untreated natural
do_plane p7 smooth natural untreated smooth untreated natural
do_plane p7 smooth natural varnished smooth untreated natural
do_plane p7 verysmooth black colourfragments smooth untreated natural
do_plane p7 verysmooth black glazed smooth untreated natural
do_plane p7 verysmooth black untreated smooth untreated natural
do_plane p7 verysmooth black varnished smooth untreated natural
do_plane p7 verysmooth green colourfragments smooth untreated natural
do_plane p7 verysmooth green glazed smooth untreated natural
do_plane p7 verysmooth green untreated smooth untreated natural
do_plane p7 verysmooth green varnished smooth untreated natural
do_plane p7 verysmooth mauve colourfragments smooth untreated natural
do_plane p7 verysmooth mauve glazed smooth untreated natural
do_plane p7 verysmooth mauve untreated smooth untreated natural
do_plane p7 verysmooth mauve varnished smooth untreated natural
do_plane p7 verysmooth natural colourfragments smooth untreated natural
do_plane p7 verysmooth natural glazed smooth untreated natural
do_plane p7 verysmooth natural untreated smooth untreated natural
do_plane p7 verysmooth natural varnished smooth untreated natural
do_plane p8 rough black colourfragments smooth untreated natural
do_plane p8 rough black glazed smooth untreated natural
do_plane p8 rough black untreated smooth untreated natural
do_plane p8 rough black varnished smooth untreated natural
do_plane p8 rough green colourfragments smooth untreated natural
do_plane p8 rough green glazed smooth untreated natural
do_plane p8 rough green untreated smooth untreated natural
do_plane p8 rough green varnished smooth untreated natural
do_plane p8 rough mauve colourfragments smooth untreated natural
do_plane p8 rough mauve glazed smooth untreated natural
do_plane p8 rough mauve untreated smooth untreated natural
do_plane p8 rough mauve varnished smooth untreated natural
do_plane p8 rough natural colourfragments smooth untreated natural
do_plane p8 rough natural glazed smooth untreated natural
do_plane p8 rough natural untreated smooth untreated natural
do_plane p8 rough natural varnished smooth untreated natural
do_plane p8 smooth black colourfragments smooth untreated natural
do_plane p8 smooth black glazed smooth untreated natural
do_plane p8 smooth black untreated smooth untreated natural
do_plane p8 smooth black varnished smooth untreated natural
do_plane p8 smooth green colourfragments smooth untreated natural
do_plane p8 smooth green glazed smooth untreated natural
do_plane p8 smooth green untreated smooth untreated natural
do_plane p8 smooth green varnished smooth untreated natural
do_plane p8 smooth mauve colourfragments smooth untreated natural
do_plane p8 smooth mauve glazed smooth untreated natural
do_plane p8 smooth mauve untreated smooth untreated natural
do_plane p8 smooth mauve varnished smooth untreated natural
do_plane p8 smooth natural colourfragments smooth untreated natural
do_plane p8 smooth natural glazed smooth untreated natural
do_plane p8 smooth natural untreated smooth untreated natural
do_plane p8 smooth natural varnished smooth untreated natural
do_plane p8 verysmooth black colourfragments smooth untreated natural
do_plane p8 verysmooth black glazed smooth untreated natural
do_plane p8 verysmooth black untreated smooth untreated natural
do_plane p8 verysmooth black varnished smooth untreated natural
do_plane p8 verysmooth green colourfragments smooth untreated natural
do_plane p8 verysmooth green glazed smooth untreated natural
do_plane p8 verysmooth green untreated smooth untreated natural
do_plane p8 verysmooth green varnished smooth untreated natural
do_plane p8 verysmooth mauve colourfragments smooth untreated natural
do_plane p8 verysmooth mauve glazed smooth untreated natural
do_plane p8 verysmooth mauve untreated smooth untreated natural
do_plane p8 verysmooth mauve varnished smooth untreated natural
do_plane p8 verysmooth natural colourfragments smooth untreated natural
do_plane p8 verysmooth natural glazed smooth untreated natural
do_plane p8 verysmooth natural untreated smooth untreated natural
do_plane p8 verysmooth natural varnished smooth untreated natural
do_plane_untreated p0 planer0 rough black untreated smooth natural
do_plane_untreated p0 planer0 rough green untreated smooth natural
do_plane_untreated p0 planer0 rough mauve untreated smooth natural
do_plane_untreated p0 planer0 rough natural untreated smooth natural
do_plane_untreated p0 planer0 smooth black untreated smooth natural
do_plane_untreated p0 planer0 smooth green untreated smooth natural
do_plane_untreated p0 planer0 smooth mauve untreated smooth natural
do_plane_untreated p0 planer0 smooth natural untreated smooth natural
do_plane_untreated p0 planer0 verysmooth black untreated smooth natural
do_plane_untreated p0 planer0 verysmooth green untreated smooth natural
do_plane_untreated p0 planer0 verysmooth mauve untreated smooth natural
do_plane_untreated p0 planer0 verysmooth natural untreated smooth natural
do_plane_untreated p1 planer0 rough black untreated smooth natural
do_plane_untreated p1 planer0 rough green untreated smooth natural
do_plane_untreated p1 planer0 rough mauve untreated smooth natural
do_plane_untreated p1 planer0 rough natural untreated smooth natural
do_plane_untreated p1 planer0 smooth black untreated smooth natural
do_plane_untreated p1 planer0 smooth green untreated smooth natural
do_plane_untreated p1 planer0 smooth mauve untreated smooth natural
do_plane_untreated p1 planer0 smooth natural untreated smooth natural
do_plane_untreated p1 planer0 verysmooth black untreated smooth natural
do_plane_untreated p1 planer0 verysmooth green untreated smooth natural
do_plane_untreated p1 planer0 verysmooth mauve untreated smooth natural
do_plane_untreated p1 planer0 verysmooth natural untreated smooth natural
do_plane_untreated p2 planer0 rough black untreated smooth natural
do_plane_untreated p2 planer0 rough green untreated smooth natural
do_plane_untreated p2 planer0 rough mauve untreated smooth natural
do_plane_untreated p2 planer0 rough natural untreated smooth natural
do_plane_untreated p2 planer0 smooth black untreated smooth natural
do_plane_untreated p2 planer0 smooth green untreated smooth natural
do_plane_untreated p2 planer0 smooth mauve untreated smooth natural
do_plane_untreated p2 planer0 smooth natural untreated smooth natural
do_plane_untreated p2 planer0 verysmooth black untreated smooth natural
do_plane_untreated p2 planer0 verysmooth green untreated smooth natural
do_plane_untreated p2 planer0 verysmooth mauve untreated smooth natural
do_plane_untreated p2 planer0 verysmooth natural untreated smooth natural
do_plane_untreated p3 planer0 rough black untreated smooth natural
do_plane_untreated p3 planer0 rough green untreated smooth natural
do_plane_untreated p3 planer0 rough mauve untreated smooth natural
do_plane_untreated p3 planer0 rough natural untreated smooth natural
do_plane_untreated p3 planer0 smooth black untreated smooth natural
do_plane_untreated p3 planer0 smooth green untreated smooth natural
do_plane_untreated p3 planer0 smooth mauve untreated smooth natural
do_plane_untreated p3 planer0 smooth natural untreated smooth natural
do_plane_untreated p3 planer0 verysmooth black untreated smooth natural
do_plane_untreated p3 planer0 verysmooth green untreated smooth natural
do_plane_untreated p3 planer0 verysmooth mauve untreated smooth natural
do_plane_untreated p3 planer0 verysmooth natural untreated smooth natural
do_plane_untreated p4 planer0 rough black untreated smooth natural
do_plane_untreated p4 planer0 rough green untreated smooth natural
do_plane_untreated p4 planer0 rough mauve untreated smooth natural
do_plane_untreated p4 planer0 rough natural untreated smooth natural
do_plane_untreated p4 planer0 smooth black untreated smooth natural
do_plane_untreated p4 planer0 smooth green untreated smooth natural
do_plane_untreated p4 planer0 smooth mauve untreated smooth natural
do_plane_untreated p4 planer0 smooth natural untreated smooth natural
do_plane_untreated p4 planer0 verysmooth black untreated smooth natural
do_plane_untreated p4 planer0 verysmooth green untreated smooth natural
do_plane_untreated p4 planer0 verysmooth mauve untreated smooth natural
do_plane_untreated p4 planer0 verysmooth natural untreated smooth natural
do_plane_untreated p5 planer0 rough black untreated smooth natural
do_plane_untreated p5 planer0 rough blue untreated smooth natural
do_plane_untreated p5 planer0 rough green untreated smooth natural
do_plane_untreated p5 planer0 rough mauve untreated smooth natural
do_plane_untreated p5 planer0 rough natural untreated smooth natural
do_plane_untreated p5 planer0 smooth black untreated smooth natural
do_plane_untreated p5 planer0 smooth blue untreated smooth natural
do_plane_untreated p5 planer0 smooth green untreated smooth natural
do_plane_untreated p5 planer0 smooth mauve untreated smooth natural
do_plane_untreated p5 planer0 smooth natural untreated smooth natural
do_plane_untreated p5 planer0 verysmooth black untreated smooth natural
do_plane_untreated p5 planer0 verysmooth blue untreated smooth natural
do_plane_untreated p5 planer0 verysmooth green untreated smooth natural
do_plane_untreated p5 planer0 verysmooth mauve untreated smooth natural
do_plane_untreated p5 planer0 verysmooth natural untreated smooth natural
do_plane_untreated p6 planer0 rough black untreated smooth natural
do_plane_untreated p6 planer0 rough green untreated smooth natural
do_plane_untreated p6 planer0 rough mauve untreated smooth natural
do_plane_untreated p6 planer0 rough natural untreated smooth natural
do_plane_untreated p6 planer0 smooth black untreated smooth natural
do_plane_untreated p6 planer0 smooth green untreated smooth natural
do_plane_untreated p6 planer0 smooth mauve untreated smooth natural
do_plane_untreated p6 planer0 smooth natural untreated smooth natural
do_plane_untreated p6 planer0 verysmooth black untreated smooth natural
do_plane_untreated p6 planer0 verysmooth green untreated smooth natural
do_plane_untreated p6 planer0 verysmooth mauve untreated smooth natural
do_plane_untreated p6 planer0 verysmooth natural untreated smooth natural
do_plane_untreated p7 planer0 rough black untreated smooth natural
do_plane_untreated p7 planer0 rough green untreated smooth natural
do_plane_untreated p7 planer0 rough mauve untreated smooth natural
do_plane_untreated p7 planer0 rough natural untreated smooth natural
do_plane_untreated p7 planer0 smooth black untreated smooth natural
do_plane_untreated p7 planer0 smooth green untreated smooth natural
do_plane_untreated p7 planer0 smooth mauve untreated smooth natural
do_plane_untreated p7 planer0 smooth natural untreated smooth natural
do_plane_untreated p7 planer0 verysmooth black untreated smooth natural
do_plane_untreated p7 planer0 verysmooth green untreated smooth natural
do_plane_untreated p7 planer0 verysmooth mauve untreated smooth natural
do_plane_untreated p7 planer0 verysmooth natural untreated smooth natural
do_plane_untreated p8 planer0 rough black untreated smooth natural
do_plane_untreated p8 planer0 rough green untreated smooth natural
do_plane_untreated p8 planer0 rough mauve untreated smooth natural
do_plane_untreated p8 planer0 rough natural untreated smooth natural
do_plane_untreated p8 planer0 smooth black untreated smooth natural
do_plane_untreated p8 planer0 smooth green untreated smooth natural
do_plane_untreated p8 planer0 smooth mauve untreated smooth natural
do_plane_untreated p8 planer0 smooth natural untreated smooth natural
do_plane_untreated p8 planer0 verysmooth black untreated smooth natural
do_plane_untreated p8 planer0 verysmooth green untreated smooth natural
do_plane_untreated p8 planer0 verysmooth mauve untreated smooth natural
do_plane_untreated p8 planer0 verysmooth natural untreated smooth natural
do_saw_large b0 p0 teak rough s3 s1 s2 s0 large natural untreated
do_saw_large b0 p0 teak rough s4 s2 s3 s1 large natural untreated
do_saw_large b0 p0 teak rough s5 s3 s4 s2 large natural untreated
do_saw_large b0 p0 teak rough s6 s4 s5 s3 large natural untreated
do_saw_large b0 p1 teak rough s3 s1 s2 s0 large natural untreated
do_saw_large b0 p1 teak rough s4 s2 s3 s1 large natural untreated
do_saw_large b0 p1 teak rough s5 s3 s4 s2 large natural untreated
do_saw_large b0 p1 teak rough s6 s4 s5 s3 large natural untreated
do_saw_large b0 p3 teak rough s3 s1 s2 s0 large natural untreated
do_saw_large b0 p3 teak rough s4 s2 s3 s1 large natural untreated
do_saw_large b0 p3 teak rough s5 s3 s4 s2 large natural untreated
do_saw_large b0 p3 teak rough s6 s4 s5 s3 large natural untreated
do_saw_large b0 p8 teak rough s3 s1 s2 s0 large natural untreated
do_saw_large b0 p8 teak rough s4 s2 s3 s1 large natural untreated
do_saw_large b0 p8 teak rough s5 s3 s4 s2 large natural untreated
do_saw_large b0 p8 teak rough s6 s4 s5 s3 large natural untreated
do_saw_large b1 p0 teak smooth s3 s1 s2 s0 large natural untreated
do_saw_large b1 p0 teak smooth s4 s2 s3 s1 large natural untreated
do_saw_large b1 p0 teak smooth s5 s3 s4 s2 large natural untreated
do_saw_large b1 p0 teak smooth s6 s4 s5 s3 large natural untreated
do_saw_large b1 p0 teak smooth s7 s5 s6 s4 large natural untreated
do_saw_large b1 p1 teak smooth s3 s1 s2 s0 large natural untreated
do_saw_large b1 p1 teak smooth s4 s2 s3 s1 large natural untreated
do_saw_large b1 p1 teak smooth s5 s3 s4 s2 large natural untreated
do_saw_large b1 p1 teak smooth s6 s4 s5 s3 large natural untreated
do_saw_large b1 p1 teak smooth s7 s5 s6 s4 large natural untreated
do_saw_large b1 p3 teak smooth s3 s1 s2 s0 large natural untreated
do_saw_large b1 p3 teak smooth s4 s2 s3 s1 large natural untreated
do_saw_large b1 p3 teak smooth s5 s3 s4 s2 large natural untreated
do_saw_large b1 p3 teak smooth s6 s4 s5 s3 large natural untreated
do_saw_large b1 p3 teak smooth s7 s5 s6 s4 large natural untreated
do_saw_large b1 p8 teak smooth s3 s1 s2 s0 large natural untreated
do_saw_large b1 p8 teak smooth s4 s2 s3 s1 large natural untreated
do_saw_large b1 p8 teak smooth s5 s3 s4 s2 large natural untreated
do_saw_large b1 p8 teak smooth s6 s4 s5 s3 large natural untreated
do_saw_large b1 p8 teak smooth s7 s5 s6 s4 large natural untreated
do_saw_large b2 p0 mahogany rough s3 s1 s2 s0 large natural untreated
do_saw_large b2 p0 mahogany rough s4 s2 s3 s1 large natural untreated
do_saw_large b2 p0 mahogany rough s5 s3 s4 s2 large natural untreated
do_saw_large b2 p0 mahogany rough s6 s4 s5 s3 large natural untreated
do_saw_large b2 p0 mahogany rough s7 s5 s6 s4 large natural untreated
do_saw_large b2 p1 mahogany rough s3 s1 s2 s0 large natural untreated
do_saw_large b2 p1 mahogany rough s4 s2 s3 s1 large natural untreated
do_saw_large b2 p1 mahogany rough s5 s3 s4 s2 large natural untreated
do_saw_large b2 p1 mahogany rough s6 s4 s5 s3 large natural untreated
do_saw_large b2 p1 mahogany rough s7 s5 s6 s4 large natural untreated
do_saw_large b2 p3 mahogany rough s3 s1 s2 s0 large natural untreated
do_saw_large b2 p3 mahogany rough s4 s2 s3 s1 large natural untreated
do_saw_large b2 p3 mahogany rough s5 s3 s4 s2 large natural untreated
do_saw_large b2 p3 mahogany rough s6 s4 s5 s3 large natural untreated
do_saw_large b2 p3 mahogany rough s7 s5 s6 s4 large natural untreated
do_saw_large b2 p8 mahogany rough s3 s1 s2 s0 large natural untreated
do_saw_large b2 p8 mahogany rough s4 s2 s3 s1 large natural untreated
do_saw_large b2 p8 mahogany rough s5 s3 s4 s2 large natural untreated
do_saw_large b2 p8 mahogany rough s6 s4 s5 s3 large natural untreated
do_saw_large b2 p8 mahogany rough s7 s5 s6 s4 large natural untreated
do_saw_large b3 p0 mahogany smooth s3 s1 s2 s0 large natural untreated
do_saw_large b3 p1 mahogany smooth s3 s1 s2 s0 large natural untreated
do_saw_large b3 p3 mahogany smooth s3 s1 s2 s0 large natural untreated
do_saw_large b3 p8 mahogany smooth s3 s1 s2 s0 large natural untreated
do_saw_medium b0 p2 teak rough s2 s1 s0 medium natural untreated
do_saw_medium b0 p2 teak rough s3 s2 s1 medium natural untreated
do_saw_medium b0 p2 teak rough s4 s3 s2 medium natural untreated
do_saw_medium b0 p2 teak rough s5 s4 s3 medium natural untreated
do_saw_medium b0 p2 teak rough s6 s5 s4 medium natural untreated
do_saw_medium b0 p7 teak rough s2 s1 s0 medium natural untreated
do_saw_medium b0 p7 teak rough s3 s2 s1 medium natural untreated
do_saw_medium b0 p7 teak rough s4 s3 s2 medium natural untreated
do_saw_medium b0 p7 teak rough s5 s4 s3 medium natural untreated
do_saw_medium b0 p7 teak rough s6 s5 s4 medium natural untreated
do_saw_medium b1 p2 teak smooth s2 s1 s0 medium natural untreated
do_saw_medium b1 p2 teak smooth s3 s2 s1 medium natural untreated
do_saw_medium b1 p2 teak smooth s4 s3 s2 medium natural untreated
do_saw_medium b1 p2 teak smooth s5 s4 s3 medium natural untreated
do_saw_medium b1 p2 teak smooth s6 s5 s4 medium natural untreated
do_saw_medium b1 p2 teak smooth s7 s6 s5 medium natural untreated
do_saw_medium b1 p7 teak smooth s2 s1 s0 medium natural untreated
do_saw_medium b1 p7 teak smooth s3 s2 s1 medium natural untreated
do_saw_medium b1 p7 teak smooth s4 s3 s2 medium natural untreated
do_saw_medium b1 p7 teak smooth s5 s4 s3 medium natural untreated
do_saw_medium b1 p7 teak smooth s6 s5 s4 medium natural untreated
do_saw_medium b1 p7 teak smooth s7 s6 s5 medium natural untreated
do_saw_medium b2 p2 mahogany rough s2 s1 s0 medium natural untreated
do_saw_medium b2 p2 mahogany rough s3 s2 s1 medium natural untreated
do_saw_medium b2 p2 mahogany rough s4 s3 s2 medium natural untreated
do_saw_medium b2 p2 mahogany rough s5 s4 s3 medium natural untreated
do_saw_medium b2 p2 mahogany rough s6 s5 s4 medium natural untreated
do_saw_medium b2 p2 mahogany rough s7 s6 s5 medium natural untreated
do_saw_medium b2 p7 mahogany rough s2 s1 s0 medium natural untreated
do_saw_medium b2 p7 mahogany rough s3 s2 s1 medium natural untreated
do_saw_medium b2 p7 mahogany rough s4 s3 s2 medium natural untreated
do_saw_medium b2 p7 mahogany rough s5 s4 s3 medium natural untreated
do_saw_medium b2 p7 mahogany rough s6 s5 s4 medium natural untreated
do_saw_medium b2 p7 mahogany rough s7 s6 s5 medium natural untreated
do_saw_medium b3 p2 mahogany smooth s2 s1 s0 medium natural untreated
do_saw_medium b3 p2 mahogany smooth s3 s2 s1 medium natural untreated
do_saw_medium b3 p7 mahogany smooth s2 s1 s0 medium natural untreated
do_saw_medium b3 p7 mahogany smooth s3 s2 s1 medium natural untreated
do_saw_small b0 p4 teak rough s1 s0 small natural untreated
do_saw_small b0 p4 teak rough s2 s1 small natural untreated
do_saw_small b0 p4 teak rough s3 s2 small natural untreated
do_saw_small b0 p4 teak rough s4 s3 small natural untreated
do_saw_small b0 p4 teak rough s5 s4 small natural untreated
do_saw_small b0 p4 teak rough s6 s5 small natural untreated
do_saw_small b0 p6 teak rough s1 s0 small natural untreated
do_saw_small b0 p6 teak rough s2 s1 small natural untreated
do_saw_small b0 p6 teak rough s3 s2 small natural untreated
do_saw_small b0 p6 teak rough s4 s3 small natural untreated
do_saw_small b0 p6 teak rough s5 s4 small natural untreated
do_saw_small b0 p6 teak rough s6 s5 small natural untreated
do_saw_small b1 p4 teak smooth s1 s0 small natural untreated
do_saw_small b1 p4 teak smooth s2 s1 small natural untreated
do_saw_small b1 p4 teak smooth s3 s2 small natural untreated
do_saw_small b1 p4 teak smooth s4 s3 small natural untreated
do_saw_small b1 p4 teak smooth s5 s4 small natural untreated
do_saw_small b1 p4 teak smooth s6 s5 small natural untreated
do_saw_small b1 p4 teak smooth s7 s6 small natural untreated
do_saw_small b1 p6 teak smooth s1 s0 small natural untreated
do_saw_small b1 p6 teak smooth s2 s1 small natural untreated
do_saw_small b1 p6 teak smooth s3 s2 small natural untreated
do_saw_small b1 p6 teak smooth s4 s3 small natural untreated
do_saw_small b1 p6 teak smooth s5 s4 small natural untreated
do_saw_small b1 p6 teak smooth s6 s5 small natural untreated
do_saw_small b1 p6 teak smooth s7 s6 small natural untreated
do_saw_small b2 p4 mahogany rough s1 s0 small natural untreated
do_saw_small b2 p4 mahogany rough s2 s1 small natural untreated
do_saw_small b2 p4 mahogany rough s3 s2 small natural untreated
do_saw_small b2 p4 mahogany rough s4 s3 small natural untreated
do_saw_small b2 p4 mahogany rough s5 s4 small natural untreated
do_saw_small b2 p4 mahogany rough s6 s5 small natural untreated
do_saw_small b2 p4 mahogany rough s7 s6 small natural untreated
do_saw_small b2 p6 mahogany rough s1 s0 small natural untreated
do_saw_small b2 p6 mahogany rough s2 s1 small natural untreated
do_saw_small b2 p6 mahogany rough s3 s2 small natural untreated
do_saw_small b2 p6 mahogany rough s4 s3 small natural untreated
do_saw_small b2 p6 mahogany rough s5 s4 small natural untreated
do_saw_small b2 p6 mahogany rough s6 s5 small natural untreated
do_saw_small b2 p6 mahogany rough s7 s6 small natural untreated
do_saw_small b3 p4 mahogany smooth s1 s0 small natural untreated
do_saw_small b3 p4 mahogany smooth s2 s1 small natural untreated
do_saw_small b3 p4 mahogany smooth s3 s2 small natural untreated
do_saw_small b3 p6 mahogany smooth s1 s0 small natural untreated
do_saw_small b3 p6 mahogany smooth s2 s1 small natural untreated
do_saw_small b3 p6 mahogany smooth s3 s2 small natural untreated
do_spray_varnish p0 spray_varnisher0 black smooth untreated varnished natural
do_spray_varnish p0 spray_varnisher0 black verysmooth untreated varnished natural
do_spray_varnish p0 spray_varnisher0 green smooth untreated varnished natural
do_spray_varnish p0 spray_varnisher0 green verysmooth untreated varnished natural
do_spray_varnish p0 spray_varnisher0 mauve smooth untreated varnished natural
do_spray_varnish p0 spray_varnisher0 mauve verysmooth untreated varnished natural
do_spray_varnish p0 spray_varnisher0 natural smooth untreated varnished natural
do_spray_varnish p0 spray_varnisher0 natural verysmooth untreated varnished natural
do_spray_varnish p1 spray_varnisher0 black smooth untreated varnished natural
do_spray_varnish p1 spray_varnisher0 black verysmooth untreated varnished natural
do_spray_varnish p1 spray_varnisher0 green smooth untreated varnished natural
do_spray_varnish p1 spray_varnisher0 green verysmooth untreated varnished natural
do_spray_varnish p1 spray_varnisher0 mauve smooth untreated varnished natural
do_spray_varnish p1 spray_varnisher0 mauve verysmooth untreated varnished natural
do_spray_varnish p1 spray_varnisher0 natural smooth untreated varnished natural
do_spray_varnish p1 spray_varnisher0 natural verysmooth untreated varnished natural
do_spray_varnish p2 spray_varnisher0 black smooth untreated varnished natural
do_spray_varnish p2 spray_varnisher0 black verysmooth untreated varnished natural
do_spray_varnish p2 spray_varnisher0 green smooth untreated varnished natural
do_spray_varnish p2 spray_varnisher0 green verysmooth untreated varnished natural
do_spray_varnish p2 spray_varnisher0 mauve smooth untreated varnished natural
do_spray_varnish p2 spray_varnisher0 mauve verysmooth untreated varnished natural
do_spray_varnish p2 spray_varnisher0 natural smooth untreated varnished natural
do_spray_varnish p2 spray_varnisher0 natural verysmooth untreated varnished natural
do_spray_varnish p3 spray_varnisher0 black smooth untreated varnished natural
do_spray_varnish p3 spray_varnisher0 black verysmooth untreated varnished natural
do_spray_varnish p3 spray_varnisher0 green smooth untreated varnished natural
do_spray_varnish p3 spray_varnisher0 green verysmooth untreated varnished natural
do_spray_varnish p3 spray_varnisher0 mauve smooth untreated varnished natural
do_spray_varnish p3 spray_varnisher0 mauve verysmooth untreated varnished natural
do_spray_varnish p3 spray_varnisher0 natural smooth untreated varnished natural
do_spray_varnish p3 spray_varnisher0 natural verysmooth untreated varnished natural
do_spray_varnish p4 spray_varnisher0 black smooth untreated varnished natural
do_spray_varnish p4 spray_varnisher0 black verysmooth untreated varnished natural
do_spray_varnish p4 spray_varnisher0 green smooth untreated varnished natural
do_spray_varnish p4 spray_varnisher0 green verysmooth untreated varnished natural
do_spray_varnish p4 spray_varnisher0 mauve smooth untreated varnished natural
do_spray_varnish p4 spray_varnisher0 mauve verysmooth untreated varnished natural
do_spray_varnish p4 spray_varnisher0 natural smooth untreated varnished natural
do_spray_varnish p4 spray_varnisher0 natural verysmooth untreated varnished natural
do_spray_varnish p5 spray_varnisher0 black smooth untreated varnished natural
do_spray_varnish p5 spray_varnisher0 black verysmooth untreated varnished natural
do_spray_varnish p5 spray_varnisher0 green smooth untreated varnished natural
do_spray_varnish p5 spray_varnisher0 green verysmooth untreated varnished natural
do_spray_varnish p5 spray_varnisher0 mauve smooth untreated varnished natural
do_spray_varnish p5 spray_varnisher0 mauve verysmooth untreated varnished natural
do_spray_varnish p5 spray_varnisher0 natural smooth untreated varnished natural
do_spray_varnish p5 spray_varnisher0 natural verysmooth untreated varnished natural
do_spray_varnish p6 spray_varnisher0 black smooth untreated varnished natural
do_spray_varnish p6 spray_varnisher0 black verysmooth untreated varnished natural
do_spray_varnish p6 spray_varnisher0 green smooth untreated varnished natural
do_spray_varnish p6 spray_varnisher0 green verysmooth untreated varnished natural
do_spray_varnish p6 spray_varnisher0 mauve smooth untreated varnished natural
do_spray_varnish p6 spray_varnisher0 mauve verysmooth untreated varnished natural
do_spray_varnish p6 spray_varnisher0 natural smooth untreated varnished natural
do_spray_varnish p6 spray_varnisher0 natural verysmooth untreated varnished natural
do_spray_varnish p7 spray_varnisher0 black smooth untreated varnished natural
do_spray_varnish p7 spray_varnisher0 black verysmooth untreated varnished natural
do_spray_varnish p7 spray_varnisher0 green smooth untreated varnished natural
do_spray_varnish p7 spray_varnisher0 green verysmooth untreated varnished natural
do_spray_varnish p7 spray_varnisher0 mauve smooth untreated varnished natural
do_spray_varnish p7 spray_varnisher0 mauve verysmooth untreated varnished natural
do_spray_varnish p7 spray_varnisher0 natural smooth untreated varnished natural
do_spray_varnish p7 spray_varnisher0 natural verysmooth untreated varnished natural
do_spray_varnish p8 spray_varnisher0 black smooth untreated varnished natural
do_spray_varnish p8 spray_varnisher0 black verysmooth untreated varnished natural
do_spray_varnish p8 spray_varnisher0 green smooth untreated varnished natural
do_spray_varnish p8 spray_varnisher0 green verysmooth untreated varnished natural
do_spray_varnish p8 spray_varnisher0 mauve smooth untreated varnished natural
do_spray_varnish p8 spray_varnisher0 mauve verysmooth untreated varnished natural
do_spray_varnish p8 spray_varnisher0 natural smooth untreated varnished natural
do_spray_varnish p8 spray_varnisher0 natural verysmooth untreated varnished natural
load_highspeed_saw b0 highspeed_saw0
load_highspeed_saw b1 highspeed_saw0
load_highspeed_saw b2 highspeed_saw0
load_highspeed_saw b3 highspeed_saw0
unload_highspeed_saw b0 highspeed_saw0
unload_highspeed_saw b1 highspeed_saw0
unload_highspeed_saw b2 highspeed_saw0
unload_highspeed_saw b3 highspeed_saw0
+available b0
+available b1
+available b2
+available b3
+available p0
+available p1
+available p2
+available p3
+available p4
+available p5
+available p6
+available p7
+available p8
+boardsize b0 s0
+boardsize b0 s1
+boardsize b0 s2
+boardsize b0 s3
+boardsize b0 s4
+boardsize b0 s5
+boardsize b0 s6
+boardsize b1 s0
+boardsize b1 s1
+boardsize b1 s2
+boardsize b1 s3
+boardsize b1 s4
+boardsize b1 s5
+boardsize b1 s6
+boardsize b1 s7
+boardsize b2 s0
+boardsize b2 s1
+boardsize b2 s2
+boardsize b2 s3
+boardsize b2 s4
+boardsize b2 s5
+boardsize b2 s6
+boardsize b2 s7
+boardsize b3 s0
+boardsize b3 s1
+boardsize b3 s2
+boardsize b3 s3
+boardsize_successor s0 s1
+boardsize_successor s1 s2
+boardsize_successor s2 s3
+boardsize_successor s3 s4
+boardsize_successor s4 s5
+boardsize_successor s5 s6
+boardsize_successor s6 s7
+boardsize_successor s7 s8
+boardsize_successor s8 s9
+boardsize_successor s9 s10
+colour p0 black
+colour p0 green
+colour p0 mauve
+colour p0 natural
+colour p1 black
+colour p1 green
+colour p1 mauve
+colour p1 natural
+colour p2 black
+colour p2 green
+colour p2 mauve
+colour p2 natural
+colour p3 black
+colour p3 green
+colour p3 mauve
+colour p3 natural
+colour p4 black
+colour p4 green
+colour p4 mauve
+colour p4 natural
+colour p5 black
+colour p5 blue
+colour p5 green
+colour p5 mauve
+colour p5 natural
+colour p6 black
+colour p6 green
+colour p6 mauve
+colour p6 natural
+colour p7 black
+colour p7 green
+colour p7 mauve
+colour p7 natural
+colour p8 black
+colour p8 green
+colour p8 mauve
+colour p8 natural
+empty highspeed_saw0
+goalsize p0 large
+goalsize p1 large
+goalsize p2 medium
+goalsize p3 large
+goalsize p4 small
+goalsize p5 large
+goalsize p6 small
+goalsize p7 medium
+goalsize p8 large
+grind_treatment_change colourfragments untreated
+grind_treatment_change glazed untreated
+grind_treatment_change untreated untreated
+grind_treatment_change varnished colourfragments
+has_colour glazer0 mauve
+has_colour glazer0 natural
+has_colour immersion_varnisher0 black
+has_colour immersion_varnisher0 green
+has_colour immersion_varnisher0 mauve
+has_colour immersion_varnisher0 natural
+has_colour spray_varnisher0 black
+has_colour spray_varnisher0 green
+has_colour spray_varnisher0 mauve
+has_colour spray_varnisher0 natural
+in_highspeed_saw b0 highspeed_saw0
+in_highspeed_saw b1 highspeed_saw0
+in_highspeed_saw b2 highspeed_saw0
+in_highspeed_saw b3 highspeed_saw0
+is_smooth smooth
+is_smooth verysmooth
+machine_present grinder0
+machine_present planer0
+surface_condition b0 rough
+surface_condition b1 smooth
+surface_condition b2 rough
+surface_condition b3 smooth
+surface_condition p0 rough
+surface_condition p0 smooth
+surface_condition p0 verysmooth
+surface_condition p1 rough
+surface_condition p1 smooth
+surface_condition p1 verysmooth
+surface_condition p2 rough
+surface_condition p2 smooth
+surface_condition p2 verysmooth
+surface_condition p3 rough
+surface_condition p3 smooth
+surface_condition p3 verysmooth
+surface_condition p4 rough
+surface_condition p4 smooth
+surface_condition p4 verysmooth
+surface_condition p5 rough
+surface_condition p5 smooth
+surface_condition p5 verysmooth
+surface_condition p6 rough
+surface_condition p6 smooth
+surface_condition p6 verysmooth
+surface_condition p7 rough
+surface_condition p7 smooth
+surface_condition p7 verysmooth
+surface_condition p8 rough
+surface_condition p8 smooth
+surface_condition p8 verysmooth
+treatment p0 colourfragments
+treatment p0 glazed
+treatment p0 untreated
+treatment p0 varnished
+treatment p1 colourfragments
+treatment p1 glazed
+treatment p1 untreated
+treatment p1 varnished
+treatment p2 colourfragments
+treatment p2 glazed
+treatment p2 untreated
+treatment p2 varnished
+treatment p3 colourfragments
+treatment p3 glazed
+treatment p3 untreated
+treatment p3 varnished
+treatment p4 colourfragments
+treatment p4 glazed
+treatment p4 untreated
+treatment p4 varnished
+treatment p5 colourfragments
+treatment p5 glazed
+treatment p5 untreated
+treatment p5 varnished
+treatment p6 colourfragments
+treatment p6 glazed
+treatment p6 untreated
+treatment p6 varnished
+treatment p7 colourfragments
+treatment p7 glazed
+treatment p7 untreated
+treatment p7 varnished
+treatment p8 colourfragments
+treatment p8 glazed
+treatment p8 untreated
+treatment p8 varnished
+unused p0
+unused p1
+unused p2
+unused p3
+unused p4
+unused p6
+unused p7
+unused p8
+wood b0 teak
+wood b1 teak
+wood b2 mahogany
+wood b3 mahogany
+wood p0 mahogany
+wood p0 teak
+wood p1 mahogany
+wood p1 teak
+wood p2 mahogany
+wood p2 teak
+wood p3 mahogany
+wood p3 teak
+wood p4 mahogany
+wood p4 teak
+wood p5 teak
+wood p6 mahogany
+wood p6 teak
+wood p7 mahogany
+wood p7 teak
+wood p8 mahogany
+wood p8 teak
