64 42
do_glaze p0 glazer0 blue untreated glazed natural
do_glaze p1 glazer0 blue untreated glazed natural
do_glaze p5 glazer0 blue untreated glazed natural
do_grind p0 smooth blue glazed untreated verysmooth natural
do_grind p0 smooth natural glazed untreated verysmooth natural
do_grind p0 verysmooth blue glazed untreated verysmooth natural
do_grind p0 verysmooth natural glazed untreated verysmooth natural
do_grind p1 smooth blue glazed untreated verysmooth natural
do_grind p1 smooth natural glazed untreated verysmooth natural
do_grind p1 verysmooth blue glazed untreated verysmooth natural
do_grind p1 verysmooth natural glazed untreated verysmooth natural
do_grind p5 smooth blue glazed untreated verysmooth natural
do_grind p5 smooth natural glazed untreated verysmooth natural
do_grind p5 verysmooth blue glazed untreated verysmooth natural
do_grind p5 verysmooth natural glazed untreated verysmooth natural
do_plane p0 smooth blue glazed smooth untreated natural
do_plane p0 smooth blue untreated smooth untreated natural
do_plane p0 smooth blue varnished smooth untreated natural
do_plane p0 smooth natural glazed smooth untreated natural
do_plane p0 smooth natural untreated smooth untreated natural
do_plane p0 smooth natural varnished smooth untreated natural
do_plane p0 verysmooth blue glazed smooth untreated natural
do_plane p0 verysmooth blue untreated smooth untreated natural
do_plane p0 verysmooth blue varnished smooth untreated natural
do_plane p0 verysmooth natural glazed smooth untreated natural
do_plane p0 verysmooth natural untreated smooth untreated natural
do_plane p0 verysmooth natural varnished smooth untreated natural
do_plane p1 smooth blue glazed smooth untreated natural
do_plane p1 smooth blue untreated smooth untreated natural
do_plane p1 smooth blue varnished smooth untreated natural
do_plane p1 smooth natural glazed smooth untreated natural
do_plane p1 smooth natural untreated smooth untreated natural
do_plane p1 smooth natural varnished smooth untreated natural
do_plane p1 verysmooth blue glazed smooth untreated natural
do_plane p1 verysmooth blue untreated smooth untreated natural
do_plane p1 verysmooth blue varnished smooth untreated natural
do_plane p1 verysmooth natural glazed smooth untreated natural
do_plane p1 verysmooth natural untreated smooth untreated natural
do_plane p1 verysmooth natural varnished smooth untreated natural
do_plane p5 rough blue glazed smooth untreated natural
do_plane p5 rough blue untreated smooth untreated natural
do_plane p5 rough blue varnished smooth untreated natural
do_plane p5 rough natural glazed smooth untreated natural
do_plane p5 rough natural untreated smooth untreated natural
do_plane p5 rough natural varnished smooth untreated natural
do_plane p5 smooth blue glazed smooth untreated natural
do_plane p5 smooth blue untreated smooth untreated natural
do_plane p5 smooth blue varnished smooth untreated natural
do_plane p5 smooth natural glazed smooth untreated natural
do_plane p5 smooth natural untreated smooth untreated natural
do_plane p5 smooth natural varnished smooth untreated natural
do_plane p5 verysmooth blue glazed smooth untreated natural
do_plane p5 verysmooth blue untreated smooth untreated natural
do_plane p5 verysmooth blue varnished smooth untreated natural
do_plane p5 verysmooth natural glazed smooth untreated natural
do_plane p5 verysmooth natural untreated smooth untreated natural
do_plane p5 verysmooth natural varnished smooth untreated natural
do_saw_medium b0 p1 walnut smooth s6 s5 s4 medium natural untreated
do_spray_varnish p0 spray_varnisher0 blue smooth untreated varnished natural
do_spray_varnish p0 spray_varnisher0 blue verysmooth untreated varnished natural
do_spray_varnish p1 spray_varnisher0 blue smooth untreated varnished natural
do_spray_varnish p1 spray_varnisher0 blue verysmooth untreated varnished natural
do_spray_varnish p5 spray_varnisher0 blue smooth untreated varnished natural
do_spray_varnish p5 spray_varnisher0 blue verysmooth untreated varnished natural
+available b0
+available p0
+available p1
+available p5
+boardsize b0 s4
+boardsize b0 s6
+boardsize_successor s4 s5
+boardsize_successor s5 s6
+colour p0 blue
+colour p0 natural
+colour p1 blue
+colour p1 natural
+colour p5 blue
+colour p5 natural
+goalsize p0 small
+goalsize p1 medium
+grind_treatment_change glazed untreated
+has_colour glazer0 blue
+has_colour spray_varnisher0 blue
+is_smooth smooth
+is_smooth verysmooth
+surface_condition b0 smooth
+surface_condition p0 smooth
+surface_condition p0 verysmooth
+surface_condition p1 smooth
+surface_condition p1 verysmooth
+surface_condition p5 rough
+surface_condition p5 smooth
+surface_condition p5 verysmooth
+treatment p0 glazed
+treatment p0 untreated
+treatment p0 varnished
+treatment p1 glazed
+treatment p1 untreated
+treatment p1 varnished
+treatment p5 glazed
+treatment p5 untreated
+treatment p5 varnished
+unused p1
+wood b0 walnut
+wood p0 walnut
+wood p1 walnut
