150 40
calibrate satellite0 instrument0 star1
calibrate satellite0 instrument1 star1
calibrate satellite1 instrument2 star1
calibrate satellite1 instrument3 star0
switch_off instrument0 satellite0
switch_off instrument1 satellite0
switch_off instrument2 satellite1
switch_off instrument3 satellite1
switch_on instrument0 satellite0
switch_on instrument1 satellite0
switch_on instrument2 satellite1
switch_on instrument3 satellite1
take_image satellite0 planet2 instrument0 spectrograph0
take_image satellite0 planet2 instrument0 thermograph1
take_image satellite0 planet2 instrument1 spectrograph0
take_image satellite0 planet2 instrument1 thermograph1
take_image satellite0 planet3 instrument0 spectrograph0
take_image satellite0 planet3 instrument0 thermograph1
take_image satellite0 planet3 instrument1 spectrograph0
take_image satellite0 planet3 instrument1 thermograph1
take_image satellite0 star4 instrument0 spectrograph0
take_image satellite0 star4 instrument0 thermograph1
take_image satellite0 star4 instrument1 spectrograph0
take_image satellite0 star4 instrument1 thermograph1
take_image satellite0 star5 instrument0 spectrograph0
take_image satellite0 star5 instrument0 thermograph1
take_image satellite0 star5 instrument1 spectrograph0
take_image satellite0 star5 instrument1 thermograph1
take_image satellite0 star6 instrument0 spectrograph0
take_image satellite0 star6 instrument0 thermograph1
take_image satellite0 star6 instrument1 spectrograph0
take_image satellite0 star6 instrument1 thermograph1
take_image satellite1 planet2 instrument2 spectrograph0
take_image satellite1 planet2 instrument2 thermograph1
take_image satellite1 planet2 instrument3 spectrograph0
take_image satellite1 planet2 instrument3 thermograph1
take_image satellite1 planet3 instrument2 spectrograph0
take_image satellite1 planet3 instrument2 thermograph1
take_image satellite1 planet3 instrument3 spectrograph0
take_image satellite1 planet3 instrument3 thermograph1
take_image satellite1 star4 instrument2 spectrograph0
take_image satellite1 star4 instrument2 thermograph1
take_image satellite1 star4 instrument3 spectrograph0
take_image satellite1 star4 instrument3 thermograph1
take_image satellite1 star5 instrument2 spectrograph0
take_image satellite1 star5 instrument2 thermograph1
take_image satellite1 star5 instrument3 spectrograph0
take_image satellite1 star5 instrument3 thermograph1
take_image satellite1 star6 instrument2 spectrograph0
take_image satellite1 star6 instrument2 thermograph1
take_image satellite1 star6 instrument3 spectrograph0
take_image satellite1 star6 instrument3 thermograph1
turn_to satellite0 planet2 planet2
turn_to satellite0 planet2 planet3
turn_to satellite0 planet2 star0
turn_to satellite0 planet2 star1
turn_to satellite0 planet2 star4
turn_to satellite0 planet2 star5
turn_to satellite0 planet2 star6
turn_to satellite0 planet3 planet2
turn_to satellite0 planet3 planet3
turn_to satellite0 planet3 star0
turn_to satellite0 planet3 star1
turn_to satellite0 planet3 star4
turn_to satellite0 planet3 star5
turn_to satellite0 planet3 star6
turn_to satellite0 star0 planet2
turn_to satellite0 star0 planet3
turn_to satellite0 star0 star0
turn_to satellite0 star0 star1
turn_to satellite0 star0 star4
turn_to satellite0 star0 star5
turn_to satellite0 star0 star6
turn_to satellite0 star1 planet2
turn_to satellite0 star1 planet3
turn_to satellite0 star1 star0
turn_to satellite0 star1 star1
turn_to satellite0 star1 star4
turn_to satellite0 star1 star5
turn_to satellite0 star1 star6
turn_to satellite0 star4 planet2
turn_to satellite0 star4 planet3
turn_to satellite0 star4 star0
turn_to satellite0 star4 star1
turn_to satellite0 star4 star4
turn_to satellite0 star4 star5
turn_to satellite0 star4 star6
turn_to satellite0 star5 planet2
turn_to satellite0 star5 planet3
turn_to satellite0 star5 star0
turn_to satellite0 star5 star1
turn_to satellite0 star5 star4
turn_to satellite0 star5 star5
turn_to satellite0 star5 star6
turn_to satellite0 star6 planet2
turn_to satellite0 star6 planet3
turn_to satellite0 star6 star0
turn_to satellite0 star6 star1
turn_to satellite0 star6 star4
turn_to satellite0 star6 star5
turn_to satellite0 star6 star6
turn_to satellite1 planet2 planet2
turn_to satellite1 planet2 planet3
turn_to satellite1 planet2 star0
turn_to satellite1 planet2 star1
turn_to satellite1 planet2 star4
turn_to satellite1 planet2 star5
turn_to satellite1 planet2 star6
turn_to satellite1 planet3 planet2
turn_to satellite1 planet3 planet3
turn_to satellite1 planet3 star0
turn_to satellite1 planet3 star1
turn_to satellite1 planet3 star4
turn_to satellite1 planet3 star5
turn_to satellite1 planet3 star6
turn_to satellite1 star0 planet2
turn_to satellite1 star0 planet3
turn_to satellite1 star0 star0
turn_to satellite1 star0 star1
turn_to satellite1 star0 star4
turn_to satellite1 star0 star5
turn_to satellite1 star0 star6
turn_to satellite1 star1 planet2
turn_to satellite1 star1 planet3
turn_to satellite1 star1 star0
turn_to satellite1 star1 star1
turn_to satellite1 star1 star4
turn_to satellite1 star1 star5
turn_to satellite1 star1 star6
turn_to satellite1 star4 planet2
turn_to satellite1 star4 planet3
turn_to satellite1 star4 star0
turn_to satellite1 star4 star1
turn_to satellite1 star4 star4
turn_to satellite1 star4 star5
turn_to satellite1 star4 star6
turn_to satellite1 star5 planet2
turn_to satellite1 star5 planet3
turn_to satellite1 star5 star0
turn_to satellite1 star5 star1
turn_to satellite1 star5 star4
turn_to satellite1 star5 star5
turn_to satellite1 star5 star6
turn_to satellite1 star6 planet2
turn_to satellite1 star6 planet3
turn_to satellite1 star6 star0
turn_to satellite1 star6 star1
turn_to satellite1 star6 star4
turn_to satellite1 star6 star5
turn_to satellite1 star6 star6
+calibrated instrument0
+calibrated instrument1
+calibrated instrument2
+calibrated instrument3
+calibration_target instrument0 star1
+calibration_target instrument1 star1
+calibration_target instrument2 star1
+calibration_target instrument3 star0
+on_board instrument0 satellite0
+on_board instrument1 satellite0
+on_board instrument2 satellite1
+on_board instrument3 satellite1
+pointing satellite0 planet2
+pointing satellite0 planet3
+pointing satellite0 star0
+pointing satellite0 star1
+pointing satellite0 star4
+pointing satellite0 star5
+pointing satellite0 star6
+pointing satellite1 planet2
+pointing satellite1 planet3
+pointing satellite1 star0
+pointing satellite1 star1
+pointing satellite1 star4
+pointing satellite1 star5
+pointing satellite1 star6
+power_avail satellite0
+power_avail satellite1
+power_on instrument0
+power_on instrument1
+power_on instrument2
+power_on instrument3
+supports instrument0 spectrograph0
+supports instrument0 thermograph1
+supports instrument1 spectrograph0
+supports instrument1 thermograph1
+supports instrument2 spectrograph0
+supports instrument2 thermograph1
+supports instrument3 spectrograph0
+supports instrument3 thermograph1
